DDR 3488111f83 cym 24/04/12-12:49:26,fwver: v1.17
LPDDR4X, 2112MHz
channel[0] BW=16 Col=10 Bk=8 CS0 Row=16 CS=1 Die BW=16 Size=1024MB
channel[1] BW=16 Col=10 Bk=8 CS0 Row=16 CS=1 Die BW=16 Size=1024MB
channel[2] BW=16 Col=10 Bk=8 CS0 Row=16 CS=1 Die BW=16 Size=1024MB
channel[3] BW=16 Col=10 Bk=8 CS0 Row=16 CS=1 Die BW=16 Size=1024MB
Manufacturer ID:0x13
CH0 RX Vref:28.3%, TX Vref:26.8%,0.0%DQ rds:
h0 l0, h1 l0, h1 l0, h0 l0, h5 l0, h1 l0, h0 l4, h0 l0,
h0 l0, h0 l0, h1 l0, h1 l0, h1 l0, h1 l0, h1 l0, h0 l0,

CH1 RX Vref:28.9%, TX Vref:25.8%,0.0%DQ rds:
h6 l0, h0 l0, h0 l0, h2 l0, h0 l0, h4 l0, h1 l0, h0 l1,
h1 l0, h1 l0, h1 l0, h1 l0, h0 l0, h1 l0, h1 l0, h1 l0,

CH2 RX Vref:28.9%, TX Vref:24.8%,0.0%DQ rds:
h1 l0, h2 l0, h1 l0, h1 l0, h3 l0, h1 l0, h7 l0, h0 l0,
h0 l0, h0 l0, h0 l1, h0 l1, h0 l1, h0 l0, h1 l0, h1 l0,

CH3 RX Vref:28.9%, TX Vref:25.8%,0.0%DQ rds:
h2 l0, h0 l0, h0 l1, h0 l0, h2 l0, h1 l0, h0 l0, h2 l0,
h1 l0, h1 l0, h2 l0, h0 l0, h7 l0, h1 l0, h1 l0, h1 l0,

stride=0x2, ddr_config=0x0
hash ch_mask0-1 0x20 0x40, bank_mask0-3 0xa00 0x1400 0x2800 0x0, rank_mask0 0x0
change to F1: 528MHz
change to F2: 1068MHz
change to F3: 1560MHz
change to F0: 2112MHz
out
U-Boot SPL board init
U-Boot SPL 2017.09-ge4e124926e-230922 #lxh (Sep 25 2023 - 10:58:38), fwver: v1.13
unknown raw ID 0 0 0
unrecognized JEDEC id bytes: 00, 00, 00
Trying to boot from MMC2
MMC: no card present
mmc_init: -123, time 2
spl: mmc init failed with error: -123
Trying to boot from MMC1
SPL: A/B-slot: _a, successful: 0, tries-remain: 7
Trying fit image at 0x4000 sector
## Verified-boot: 0
## Checking atf-1 0x00040000 (gzip @0x00240000) ... sha256(e04a8ba681...) + sha256(64122e141b...) + OK
## Checking uboot 0x00200000 (gzip @0x00400000) ... sha256(48a6c71f0f...) + sha256(fa0ed211ec...) + OK
## Checking fdt 0x0034c008 ... sha256(2c7f5a74fa...) + OK
## Checking atf-2 0xff100000 ... sha256(ce8968e34f...) + OK
## Checking atf-3 0x000f0000 ... sha256(ce48b69fdd...) + OK
## Checking optee 0x08400000 (gzip @0x08600000) ... sha256(a97483f26a...) + sha256(b866e4e4a1...) + OK
Jumping to U-Boot(0x00200000) via ARM Trusted Firmware(0x00040000)
Total: 165.692/433.859 ms

INFO:    Preloader serial: 2
NOTICE:  BL31: v2.3():v2.3-765-g588059758:derrick.huang, fwver: v1.46
NOTICE:  BL31: Built : 18:13:16, Apr 29 2024
INFO:    spec: 0x1
INFO:    code: 0x88
INFO:    ext 32k is not valid
INFO:    ddr: stride-en 4CH
INFO:    GICv3 without legacy support detected.
INFO:    ARM GICv3 driver initialized in EL3
INFO:    valid_cpu_msk=0xff bcore0_rst = 0x0, bcore1_rst = 0x0
INFO:    l3 cache partition cfg-0
INFO:    system boots from cpu-hwid-0
INFO:    disable memory repair
INFO:    idle_st=0x21fff, pd_st=0x11fff9, repair_st=0xfff70001
INFO:    dfs DDR fsp_params[0].freq_mhz= 2112MHz
INFO:    dfs DDR fsp_params[1].freq_mhz= 528MHz
INFO:    dfs DDR fsp_params[2].freq_mhz= 1068MHz
INFO:    dfs DDR fsp_params[3].freq_mhz= 1560MHz
INFO:    BL31: Initialising Exception Handling Framework
INFO:    BL31: Initializing runtime services
INFO:    BL31: Initializing BL32
I/TC:
I/TC: OP-TEE version: 3.13.0-791-g185dc3c92 #hisping.lin (gcc version 10.2.1 20201103 (GNU Toolchain for the A-profile Architecture 10.2-2020.11 (arm-10.16))) #2 Tue Apr 16 11:16:18 CST 2024 aarch64, fwver: v1.16
I/TC: OP-TEE memory: TEEOS 0x200000 TA 0xc00000 SHM 0x200000
I/TC: Primary CPU initializing
I/TC: Primary CPU switching to normal world boot
INFO:    BL31: Preparing for EL3 exit to normal world
INFO:    Entry point address = 0x200000
INFO:    SPSR = 0x3c9


U-Boot 2017.09 V110050 (Mar 03 2025 - 16:22:43 +0000)

Model: Advantech RK3588 ASRA501 Board
MPIDR: 0x0
PreSerial: 2, raw, 0xfeb50000
DRAM:  4 GiB
Sysmem: init
Relocation Offset: eba11000
Relocation fdt: e99f9ce0 - e99fecd8
CR: M/C/I
optee api revision: 2.0
mmc@fe2c0000: 1, mmc@fe2e0000: 0
Bootdev(atags): mmc 0
MMC0: HS400 Enhanced Strobe, 200Mhz
PartType: EFI
TEEC: Waring: Could not find security partition
DM: v2
boot mode: normal
RESC: 'boot', blk@0x000184ac
resource: sha256+
FIT: no signed, no conf required
DTB: rk-kernel.dtb
HASH(c): OK
swversion = V110050
----------------------------------------------------------------
model[0]         ASR-A501
model[1]         AKS0245031
model[2]         V110050
model[3]         A2-EG90
----------------------------------------------------------------
Read board id : 12,  adcval = 11
ASR-A501 hw_id = 12
uart7 mode is 0
Error: Delete prop linux,rs485-enabled-at-boot-time of serial7, err = -1
Info : not configurate display in uboot
----------------------------------------------------------------
display0         al7     0
display1
display2
display3
----------------------------------------------------------------
usb dr_mode not found
usb dr_mode not found
usb dr_mode not found
I2c0 speed: 100000Hz
vsel-gpios- not found!
en-gpios- not found!
vdd_cpu_big0_s0 800000 uV
vsel-gpios- not found!
en-gpios- not found!
vdd_cpu_big1_s0 800000 uV
I2c2 speed: 100000Hz
vsel-gpios- not found!
en-gpios- not found!
vdd_npu_s0 800000 uV
spi2: RK806: 2
ON=0x40, OFF=0x00
vdd_gpu_s0 750000 uV
vdd_cpu_lit_s0 init 800000 uV
vdd_log_s0 750000 uV
vdd_vdenc_s0 init 750000 uV
vdd_ddr_s0 850000 uV
get vp0 plane mask:0x5, primary id:2, cursor_plane:0, from dts
get vp1 plane mask:0xa, primary id:3, cursor_plane:-1, from dts
get vp2 plane mask:0x140, primary id:8, cursor_plane:-1, from dts
get vp3 plane mask:0x280, primary id:9, cursor_plane:-1, from dts
Could not find baseparameter partition
Model: ASR-A501 AKS0245031 V110050 A2-EG90
Device 'gpio@fd8a0000': seq 0 is in use by 'gpio@fd8a0000'
## Error: Can't overwrite "ethaddr"
## Error inserting "ethaddr" variable, errno=1
## Error: Can't overwrite "eth1addr"
## Error inserting "eth1addr" variable, errno=1
Minidump: init...
Rockchip UBOOT DRM driver version: v1.0.1
vp0 have layer nr:2[0 2 ], primary plane: 2
vp1 have layer nr:2[1 3 ], primary plane: 3
vp2 have layer nr:2[6 8 ], primary plane: 8
vp3 have layer nr:2[7 9 ], primary plane: 9
Monitor has basic audio support
Could not find baseparameter partition
color_format:1
hdmi_select_link_config use tmds mode
mode:3840x2160 bus_format:0x2025
hdmi@fde80000:  detailed mode clock 297000 kHz, flags[5]
    H: 3840 4016 4104 4400
    V: 2160 2168 2178 2250
bus_format: 2025
VOP update mode to: 3840x2160p30, type: HDMI0 for VP0
dclk:297000,if_pixclk_div;2,if_dclk_div:4
VP0 set crtc_clock to 297000KHz
display_enable get LT9211 device!
 LT9211 device ret -19
VOP VP0 enable Esmart0[654x258->654x258@1593x951] fmt[0] addr[0xebf00000]
CEA mode used vic=95
mtmdsclock:297000000
hdptx_ropll_cmn_config bus_width:2d5190 rate:2970000
hdptx phy pll locked!
dw_hdmi_setup HDMI mode
don't use dsc mode
dw hdmi qp use tmds mode
bus_width:0x2d5190,bit_rate:2970000
hdptx phy lane locked!
CLK: (sync kernel. arm: enter 1008000 KHz, init 1008000 KHz, kernel 0N/A)
  b0pll 24000 KHz
  b1pll 24000 KHz
  lpll 24000 KHz
  v0pll 24000 KHz
  aupll 786431 KHz
  cpll 1500000 KHz
  gpll 1188000 KHz
  npll 850000 KHz
  ppll 1100000 KHz
  aclk_center_root 702000 KHz
  pclk_center_root 100000 KHz
  hclk_center_root 396000 KHz
  aclk_center_low_root 500000 KHz
  aclk_top_root 750000 KHz
  pclk_top_root 100000 KHz
  aclk_low_top_root 396000 KHz
Net:   Device 'gpio@fec30000': seq 2 is in use by 'gpio@fd8a0000'
eth0: ethernet@fe1b0000, eth1: ethernet@fe1c0000
Hit key to stop autoboot('CTRL+C'):  0
ANDROID: reboot reason: "(none)"
Not AVB images, AVB skip
No valid android hdr
Android image load failed
Android boot failed, error -1.
## Booting FIT Image at 0xe77634c0 with size 0x02095800
Fdt Ramdisk skip relocation
## Loading kernel from FIT Image at e77634c0 ...
   Using 'conf' configuration
## Verified-boot: 0
   Trying 'kernel' kernel subimage
     Description:  unavailable
     Type:         Kernel Image
     Compression:  uncompressed
     Data Start:   0xe77902c0
     Data Size:    33982976 Bytes = 32.4 MiB
     Architecture: AArch64
     OS:           Linux
     Load Address: 0x00400000
     Entry Point:  0x00400000
     Hash algo:    sha256
     Hash value:   e9f783502edee2cf4653cf6ce9baacdc9e52e0955036fb89152c208be68744e0
   Verifying Hash Integrity ... sha256+ OK
## Loading fdt from FIT Image at e77634c0 ...
   Using 'conf' configuration
   Trying 'fdt' fdt subimage
     Description:  unavailable
     Type:         Flat Device Tree
     Compression:  uncompressed
     Data Start:   0xe7763cc0
     Data Size:    181708 Bytes = 177.4 KiB
     Architecture: AArch64
     Load Address: 0x08300000
     Hash algo:    sha256
     Hash value:   9bf20bb1fc4dd3169f2426a8f4f67f3e5432675816d8d4f28f012067e430d49d
   Verifying Hash Integrity ... sha256+ OK
   Loading fdt from 0x08300000 to 0x08300000
   Booting using the fdt blob at 0x08300000
   Loading Kernel Image from 0xe77902c0 to 0x00400000 ... OK
   kernel loaded at 0x00400000, end = 0x02468a00
   Using Device Tree in place at 0000000008300000, end 000000000832f6cb
VP0 fail to load kernel logo
## reserved-memory:
  drm-logo@00000000: addr=ebf00000 size=a5000
  ramoops@110000: addr=110000 size=f0000
Adding bank: 0x00200000 - 0x08400000 (size: 0x08200000)
Adding bank: 0x09400000 - 0xf0000000 (size: 0xe6c00000)
Adding bank: 0x1f0000000 - 0x200000000 (size: 0x10000000)
CPU Type is 0x1
Total: 1092.86/1740.735 ms

Starting kernel ...

[    1.748256] Booting Linux on physical CPU 0x0000000000 [0x412fd050]
[    1.748272] Linux version 6.1.75-rt16 (adv@8dce11858f85) (aarch64-none-linux-gnu-gcc (GNU Toolchain for the A-profile Architecture 10.3-2021.07 (arm-10.29)) 10.3.1 20210621, GNU ld (GNU Toolchain for the A-profile Architecture 10.3-2021.07 (arm-10.29)) 2.36.1.20210621) #1 SMP PREEMPT_RT Mon Mar  3 16:27:32 UTC 2025
[    1.750293] random: crng init done
[    1.753484] Machine model: ASR-A501 AKS0245031 V110050 A2-EG90
[    1.758532] earlycon: uart8250 at MMIO32 0x00000000feb50000 (options '')
[    1.811172] printk: bootconsole [uart8250] enabled
[    1.812794] efi: UEFI not found.
[    1.814445] Reserved memory: created CMA memory pool at 0x00000001ff800000, size 8 MiB
[    1.814450] OF: reserved mem: initialized node cma, compatible id shared-dma-pool
[    1.874098] Zone ranges:
[    1.874102]   DMA      [mem 0x0000000000200000-0x00000000ffffffff]
[    1.874111]   DMA32    empty
[    1.874114]   Normal   [mem 0x0000000100000000-0x00000001ffffffff]
[    1.874119] Movable zone start for each node
[    1.874120] Early memory node ranges
[    1.874121]   node   0: [mem 0x0000000000200000-0x00000000083fffff]
[    1.874125]   node   0: [mem 0x0000000009400000-0x00000000efffffff]
[    1.874131]   node   0: [mem 0x00000001f0000000-0x00000001ffffffff]
[    1.874135] Initmem setup node 0 [mem 0x0000000000200000-0x00000001ffffffff]
[    1.874738] On node 0, zone DMA: 512 pages in unavailable ranges
[    1.891227] On node 0, zone DMA: 4096 pages in unavailable ranges
[    1.892525] psci: probing for conduit method from DT.
[    1.892532] psci: PSCIv1.1 detected in firmware.
[    1.892535] psci: Using standard PSCI v0.2 function IDs
[    1.892540] psci: Trusted OS migration not required
[    1.892577] psci: SMC Calling Convention v1.2
[    1.892784] percpu: Embedded 17 pages/cpu s32704 r8192 d28736 u69632
[    1.892943] Detected VIPT I-cache on CPU0
[    1.892981] CPU features: detected: GIC system register CPU interface
[    1.892983] CPU features: detected: Virtualization Host Extensions
[    1.892993] CPU features: detected: Qualcomm erratum 1009, or ARM erratum 1286807, 2441009
[    1.892996] CPU features: detected: ARM errata 1165522, 1319367, or 1530923
[    1.892999] alternatives: applying boot alternatives
[    1.893779] Built 1 zonelists, mobility grouping on.  Total pages: 1027656
[    1.893790] Kernel command line: storagemedia=emmc androidboot.storagemedia=emmc androidboot.mode=normal  androidboot.verifiedbootstate=orange androidboot.serialno=AKS0245031 uart_mode_cpu=7:0 rw rootwait earlycon=uart8250,mmio32,0xfeb50000 console=ttyFIQ0 irqchip.gicv3_pseudo_nmi=0 root=PARTUUID=614e0000-0000 androidboot.fwver=ddr-v1.17-3488111f83,spl-v1.13,bl31-v1.46,bl32-v1.16,uboot-110050-03/03/2025
[    1.893994] Unknown kernel command line parameters "storagemedia=emmc", will be passed to user space.
[    1.894367] Dentry cache hash table entries: 524288 (order: 10, 4194304 bytes, linear)
[    1.894552] Inode-cache hash table entries: 262144 (order: 9, 2097152 bytes, linear)
[    1.894560] mem auto-init: stack:off, heap alloc:off, heap free:off
[    1.894564] software IO TLB: area num 8.
[    1.905747] software IO TLB: mapped [mem 0x00000000ec000000-0x00000000f0000000] (64MB)
[    1.930972] Memory: 3985192K/4175872K available (19328K kernel code, 2594K rwdata, 6996K rodata, 4160K init, 713K bss, 182488K reserved, 8192K cma-reserved)
[    1.931108] SLUB: HWalign=64, Order=0-3, MinObjects=0, CPUs=8, Nodes=1
[    1.931285] rcu: Preemptible hierarchical RCU implementation.
[    1.931289] rcu:     RCU event tracing is enabled.
[    1.931290] rcu:     RCU priority boosting: priority 1 delay 500 ms.
[    1.931294] rcu:     RCU_SOFTIRQ processing moved to rcuc kthreads.
[    1.931296]  No expedited grace period (rcu_normal_after_boot).
[    1.931298]  Trampoline variant of Tasks RCU enabled.
[    1.931299]  Tracing variant of Tasks RCU enabled.
[    1.931301] rcu: RCU calculated value of scheduler-enlistment delay is 100 jiffies.
[    1.931325] NR_IRQS: 64, nr_irqs: 64, preallocated irqs: 0
[    1.933086] GICv3: GIC: Using split EOI/Deactivate mode
[    1.933088] GICv3: 480 SPIs implemented
[    1.933091] GICv3: 0 Extended SPIs implemented
[    1.933115] Root IRQ handler: gic_handle_irq
[    1.933129] GICv3: GICv3 features: 16 PPIs
[    1.933428] GICv3: CPU0: found redistributor 0 region 0:0x00000000fe680000
[    1.933631] ITS [mem 0xfe640000-0xfe65ffff]
[    1.933674] ITS@0x00000000fe640000: allocated 8192 Devices @1f0050000 (indirect, esz 8, psz 64K, shr 0)
[    1.933698] ITS@0x00000000fe640000: allocated 32768 Interrupt Collections @1f0060000 (flat, esz 2, psz 64K, shr 0)
[    1.933709] ITS: using cache flushing for cmd queue
[    1.933736] ITS [mem 0xfe660000-0xfe67ffff]
[    1.933772] ITS@0x00000000fe660000: allocated 8192 Devices @1f0080000 (indirect, esz 8, psz 64K, shr 0)
[    1.933794] ITS@0x00000000fe660000: allocated 32768 Interrupt Collections @1f0090000 (flat, esz 2, psz 64K, shr 0)
[    1.933805] ITS: using cache flushing for cmd queue
[    1.933907] GICv3: using LPI property table @0x00000001f00a0000
[    1.934012] GIC: using cache flushing for LPI property table
[    1.934017] GICv3: CPU0: using allocated LPI pending table @0x00000001f00b0000
[    1.934061] rcu: srcu_init: Setting srcu_struct sizes based on contention.
[    2.031837] arch_timer: cp15 timer(s) running at 24.00MHz (phys).
[    2.031847] clocksource: arch_sys_counter: mask: 0xffffffffffffff max_cycles: 0x588fe9dc0, max_idle_ns: 440795202592 ns
[    2.031855] sched_clock: 56 bits at 24MHz, resolution 41ns, wraps every 4398046511097ns
[    2.032573] Console: colour dummy device 80x25
[    2.493890] Calibrating delay loop (skipped), value calculated using timer frequency.. 48.00 BogoMIPS (lpj=24000)
[    2.493897] pid_max: default: 32768 minimum: 301
[    2.494003] Mount-cache hash table entries: 8192 (order: 4, 65536 bytes, linear)
[    2.494017] Mountpoint-cache hash table entries: 8192 (order: 4, 65536 bytes, linear)
[    2.495252] cblist_init_generic: Setting adjustable number of callback queues.
[    2.533231] cblist_init_generic: Setting shift to 3 and lim to 1.
[    2.539531] cblist_init_generic: Setting adjustable number of callback queues.
[    2.546909] cblist_init_generic: Setting shift to 3 and lim to 1.
[    2.553356] rcu: Hierarchical SRCU implementation.
[    2.553358] rcu:     Max phase no-delay instances is 400.
[    2.553400] printk: bootconsole [uart8250] printing thread started
[    2.570764] Platform MSI: msi-controller@fe640000 domain created
[    2.570778] Platform MSI: msi-controller@fe660000 domain created
[    2.571004] PCI/MSI: /interrupt-controller@fe600000/msi-controller@fe640000 domain created
[    2.571021] PCI/MSI: /interrupt-controller@fe600000/msi-controller@fe660000 domain created
[    2.571113] EFI services will not be available.
[    2.571389] smp: Bringing up secondary CPUs ...
I/TC: Secondary CPU 1 initializing
I/TC: Secondary CPU 1 switching to normal world boot
[    2.617937] Detected VIPT I-cache on CPU1
[    2.617999] GICv3: CPU1: found redistributor 100 region 0:0x00000000fe6a0000
[    2.618015] GICv3: CPU1: using allocated LPI pending table @0x00000001f00c0000
[    2.618048] CPU1: Booted secondary processor 0x0000000100 [0x412fd050]
I/TC: Secondary CPU 2 initializing
I/TC: Secondary CPU 2 switching to normal world boot
[    2.651780] Detected VIPT I-cache on CPU2
[    2.651839] GICv3: CPU2: found redistributor 200 region 0:0x00000000fe6c0000
[    2.651853] GICv3: CPU2: using allocated LPI pending table @0x00000001f00d0000
[    2.651883] CPU2: Booted secondary processor 0x0000000200 [0x412fd050]
I/TC: Secondary CPU 3 initializing
I/TC: Secondary CPU 3 switching to normal world boot
[    2.685556] Detected VIPT I-cache on CPU3
[    2.685614] GICv3: CPU3: found redistributor 300 region 0:0x00000000fe6e0000
[    2.685628] GICv3: CPU3: using allocated LPI pending table @0x00000001f00e0000
[    2.685657] CPU3: Booted secondary processor 0x0000000300 [0x412fd050]
I/TC: Secondary CPU 4 initializing
I/TC: Secondary CPU 4 switching to normal world boot
[    2.719434] CPU features: detected: Spectre-v4
[    2.719438] CPU features: detected: Spectre-BHB
[    2.719440] Detected PIPT I-cache on CPU4
[    2.719477] GICv3: CPU4: found redistributor 400 region 0:0x00000000fe700000
[    2.719485] GICv3: CPU4: using allocated LPI pending table @0x00000001f00f0000
[    2.719504] CPU4: Booted secondary processor 0x0000000400 [0x414fd0b0]
I/TC: Secondary CPU 5 initializing
I/TC: Secondary CPU 5 switching to normal world boot
[    2.762167] Detected PIPT I-cache on CPU5
[    2.762209] GICv3: CPU5: found redistributor 500 region 0:0x00000000fe720000
[    2.762218] GICv3: CPU5: using allocated LPI pending table @0x00000001f0100000
[    2.762237] CPU5: Booted secondary processor 0x0000000500 [0x414fd0b0]
I/TC: Secondary CPU 6 initializing
I/TC: Secondary CPU 6 switching to normal world boot
[    2.795966] Detected PIPT I-cache on CPU6
[    2.796006] GICv3: CPU6: found redistributor 600 region 0:0x00000000fe740000
[    2.796015] GICv3: CPU6: using allocated LPI pending table @0x00000001f0110000
[    2.796034] CPU6: Booted secondary processor 0x0000000600 [0x414fd0b0]
I/TC: Secondary CPU 7 initializing
I/TC: Secondary CPU 7 switching to normal world boot
[    2.829510] Detected PIPT I-cache on CPU7
[    2.829552] GICv3: CPU7: found redistributor 700 region 0:0x00000000fe760000
[    2.829561] GICv3: CPU7: using allocated LPI pending table @0x00000001f0120000
[    2.829580] CPU7: Booted secondary processor 0x0000000700 [0x414fd0b0]
[    2.829617] smp: Brought up 1 node, 8 CPUs
[    2.829623] SMP: Total of 8 processors activated.
[    2.829626] CPU features: detected: 32-bit EL0 Support
[    2.829628] CPU features: detected: Data cache clean to the PoU not required for I/D coherence
[    2.829631] CPU features: detected: Common not Private translations
[    2.829633] CPU features: detected: CRC32 instructions
[    2.829636] CPU features: detected: RCpc load-acquire (LDAPR)
[    2.829638] CPU features: detected: LSE atomic instructions
[    2.829640] CPU features: detected: Privileged Access Never
[    2.829642] CPU features: detected: RAS Extension Support
[    2.829645] CPU features: detected: Speculative Store Bypassing Safe (SSBS)
[    2.919608] CPU: All CPU(s) started at EL2
[    2.919610] alternatives: applying system-wide alternatives
[    2.922999] devtmpfs: initialized
[    2.952466] Registered cp15_barrier emulation handler
[    2.952475] Registered setend emulation handler
[    2.952640] clocksource: jiffies: mask: 0xffffffff max_cycles: 0xffffffff, max_idle_ns: 1911260446275000 ns
[    2.952651] futex hash table entries: 2048 (order: 5, 131072 bytes, linear)
[    2.952895] pinctrl core: initialized pinctrl subsystem
[    2.953417] DMI not present or invalid.
[    2.953692] NET: Registered PF_NETLINK/PF_ROUTE protocol family
[    2.997843] DMA: preallocated 512 KiB GFP_KERNEL pool for atomic allocations
[    2.997899] DMA: preallocated 512 KiB GFP_KERNEL|GFP_DMA pool for atomic allocations
[    2.997949] DMA: preallocated 512 KiB GFP_KERNEL|GFP_DMA32 pool for atomic allocations
[    2.998893] Registered FIQ tty driver
[    2.999202] thermal_sys: Registered thermal governor 'fair_share'
[    2.999206] thermal_sys: Registered thermal governor 'step_wise'
[    2.999208] thermal_sys: Registered thermal governor 'user_space'
[    2.999210] thermal_sys: Registered thermal governor 'power_allocator'
[    2.999302] cpuidle: using governor menu
[    2.999585] ASID allocator initialised with 65536 entries
[    3.002501] ramoops: dmesg-0 0x20000@0x0000000000110000
[    3.003738] ramoops: console 0x80000@0x0000000000130000
[    3.003755] ramoops: pmsg    0x50000@0x00000000001b0000
[    3.006349] printk: console [ramoops-1] enabled
[    3.006352] pstore: Registered ramoops as persistent store backend
[    3.006352] printk: console [ramoops-1] printing thread started
[    3.006354] ramoops: using 0xf0000@0x110000, ecc: 0
[    3.056560] platform mipi0-csi2: Fixed dependency cycle(s) with /csi2-dcphy0/ports/port@1/endpoint@0
[    3.056712] platform mipi1-csi2: Fixed dependency cycle(s) with /csi2-dcphy1/ports/port@1/endpoint@0
[    3.056859] platform mipi2-csi2: Fixed dependency cycle(s) with /csi2-dphy0/ports/port@1/endpoint@0
[    3.057053] platform mipi4-csi2: Fixed dependency cycle(s) with /csi2-dphy3/ports/port@1/endpoint@0
[    3.057368] platform rkcif-mipi-lvds: Fixed dependency cycle(s) with /mipi0-csi2/ports/port@1/endpoint@0
[    3.057621] platform rkcif-mipi-lvds1: Fixed dependency cycle(s) with /mipi1-csi2/ports/port@1/endpoint@0
[    3.057844] platform rkcif-mipi-lvds2: Fixed dependency cycle(s) with /mipi2-csi2/ports/port@1/endpoint@0
[    3.058082] platform rkisp0-vir0: Fixed dependency cycle(s) with /rkcif-mipi-lvds2-sditf/port/endpoint
[    3.058195] platform rkisp0-vir1: Fixed dependency cycle(s) with /rkcif-mipi-lvds-sditf/port/endpoint
[    3.058487] platform rkisp1-vir1: Fixed dependency cycle(s) with /rkcif-mipi-lvds1-sditf/port/endpoint
[    3.080562] platform fde80000.hdmi: Fixed dependency cycle(s) with /vop@fdd90000/ports/port@0/endpoint@2
[    3.100082] rockchip-gpio fd8a0000.gpio: probed /pinctrl/gpio@fd8a0000
[    3.100357] rockchip-gpio fec20000.gpio: probed /pinctrl/gpio@fec20000
[    3.100550] rockchip-gpio fec30000.gpio: probed /pinctrl/gpio@fec30000
[    3.100751] rockchip-gpio fec40000.gpio: probed /pinctrl/gpio@fec40000
[    3.100935] rockchip-gpio fec50000.gpio: probed /pinctrl/gpio@fec50000
[    3.100959] rockchip-pinctrl pinctrl: probed pinctrl
[    3.101426] platform rkcif-mipi-lvds4: Fixed dependency cycle(s) with /mipi4-csi2/ports/port@1/endpoint@0
[    3.101478] platform rkcif-mipi-lvds4-sditf: Fixed dependency cycle(s) with /rkisp1-vir0/port/endpoint@0
[    3.186226] raid6: neonx8   gen()  5840 MB/s
[    3.203264] raid6: neonx4   gen()  5701 MB/s
[    3.220296] raid6: neonx2   gen()  5532 MB/s
[    3.237330] raid6: neonx1   gen()  4467 MB/s
[    3.254369] raid6: int64x8  gen()  2711 MB/s
[    3.271402] raid6: int64x4  gen()  3039 MB/s
[    3.288437] raid6: int64x2  gen()  2592 MB/s
[    3.305478] raid6: int64x1  gen()  2124 MB/s
[    3.327083] printk: console [ttyFIQ0] enabled
[    3.327085] printk: bootconsole [uart8250] disabled
[    3.327091] printk: bootconsole [uart8250] printing thread stopped
[    3.327091] printk: console [ttyFIQ0] printing thread started
[    3.327166] Registered fiq debugger ttyFIQ0
[    3.328581] iommu: Default domain type: Translated
[    3.328583] iommu: DMA domain TLB invalidation policy: strict mode
[    3.328719] SCSI subsystem initialized
[    3.328783] usbcore: registered new interface driver usbfs
[    3.328796] usbcore: registered new interface driver hub
[    3.328806] usbcore: registered new device driver usb
[    3.328847] mc: Linux media interface: v0.10
[    3.328860] videodev: Linux video capture interface: v2.00
[    3.328883] pps_core: LinuxPPS API ver. 1 registered
[    3.328884] pps_core: Software ver. 5.3.6 - Copyright 2005-2007 Rodolfo Giometti <giometti@linux.it>
[    3.328888] PTP clock support registered
[    3.328903] EDAC MC: Ver: 3.0.0
[    3.329061] arm-scmi firmware:scmi: Enabled polling mode TX channel - prot_id:16
[    3.329101] arm-scmi firmware:scmi: SCMI Notifications - Core Enabled.
[    3.329124] arm-scmi firmware:scmi: SCMI Protocol v2.0 'rockchip:' Firmware version 0x0
[    3.330152] Advanced Linux Sound Architecture Driver Initialized.
[    3.330337] Bluetooth: Core ver 2.22
[    3.330346] NET: Registered PF_BLUETOOTH protocol family
[    3.330347] Bluetooth: HCI device and connection manager initialized
[    3.330350] Bluetooth: HCI socket layer initialized
[    3.330353] Bluetooth: L2CAP socket layer initialized
[    3.330358] Bluetooth: SCO socket layer initialized
[    3.331618] rockchip-cpuinfo cpuinfo: SoC            : 35880000
[    3.331621] rockchip-cpuinfo cpuinfo: Serial         : 38c44fd81e513498
[    3.331867] clocksource: Switched to clocksource arch_sys_counter
[    3.334815] NET: Registered PF_INET protocol family
[    3.334889] IP idents hash table entries: 65536 (order: 7, 524288 bytes, linear)
[    3.336341] tcp_listen_portaddr_hash hash table entries: 2048 (order: 4, 81920 bytes, linear)
[    3.336385] Table-perturb hash table entries: 65536 (order: 6, 262144 bytes, linear)
[    3.336391] TCP established hash table entries: 32768 (order: 6, 262144 bytes, linear)
[    3.336604] TCP bind hash table entries: 32768 (order: 9, 2621440 bytes, linear)
[    3.337329] TCP: Hash tables configured (established 32768 bind 32768)
[    3.337369] UDP hash table entries: 2048 (order: 5, 196608 bytes, linear)
[    3.337441] UDP-Lite hash table entries: 2048 (order: 5, 196608 bytes, linear)
[    3.337560] NET: Registered PF_UNIX/PF_LOCAL protocol family
[    3.337718] RPC: Registered named UNIX socket transport module.
[    3.337719] RPC: Registered udp transport module.
[    3.337720] RPC: Registered tcp transport module.
[    3.337721] RPC: Registered tcp NFSv4.1 backchannel transport module.
[    3.338015] PCI: CLS 0 bytes, default 64
[    3.338520] rockchip-thermal fec00000.tsadc: Missing rockchip,grf property
[    3.338706] thermal thermal_zone1: power_allocator: sustainable_power will be estimated
[    3.338767] thermal thermal_zone2: power_allocator: sustainable_power will be estimated
[    3.338826] thermal thermal_zone3: power_allocator: sustainable_power will be estimated
[    3.338901] thermal thermal_zone4: power_allocator: sustainable_power will be estimated
[    3.338961] thermal thermal_zone5: power_allocator: sustainable_power will be estimated
[    3.339022] thermal thermal_zone6: power_allocator: sustainable_power will be estimated
[    3.339233] rockchip-thermal fec00000.tsadc: tsadc is probed successfully!
[    3.339906] Initialise system trusted keyrings
[    3.339966] workingset: timestamp_bits=46 max_order=20 bucket_order=0
[    3.342481] squashfs: version 4.0 (2009/01/31) Phillip Lougher
[    3.342768] NFS: Registering the id_resolver key type
[    3.342774] Key type id_resolver registered
[    3.342775] Key type id_legacy registered
[    3.342786] ntfs: driver 2.1.32 [Flags: R/O].
[    3.342841] jffs2: version 2.2. (NAND) © 2001-2006 Red Hat, Inc.
[    3.342956] fuse: init (API version 7.37)
[    3.343072] SGI XFS with security attributes, no debug enabled
[    3.362828] NET: Registered PF_ALG protocol family
[    3.362832] xor: measuring software checksum speed
[    3.364018]    8regs           :  8359 MB/sec
[    3.365216]    32regs          :  8236 MB/sec
[    3.366035]    arm64_neon      : 12119 MB/sec
[    3.366037] xor: using function: arm64_neon (12119 MB/sec)
[    3.366041] Key type asymmetric registered
[    3.366042] Asymmetric key parser 'x509' registered
[    3.366114] io scheduler mq-deadline registered
[    3.366117] io scheduler kyber registered
[    3.366929] rockchip-csi2-dphy-hw fedc0000.csi2-dphy0-hw: csi2 dphy hw probe successfully!
[    3.366997] rockchip-csi2-dphy-hw fedc8000.csi2-dphy1-hw: csi2 dphy hw probe successfully!
[    3.373556] rockchip-hdptx-phy-hdmi fed60000.hdmiphy: hdptx phy init success
[    3.375456] rk-pcie fe180000.pcie: invalid prsnt-gpios property in node
[    3.375463] rk-pcie fe180000.pcie: no vpcie3v3 regulator found
[    3.375623] rk-pcie fe190000.pcie: invalid prsnt-gpios property in node
[    3.375635] rk-pcie fe190000.pcie: no vpcie3v3 regulator found
[    3.375832] rk-pcie fe150000.pcie: invalid prsnt-gpios property in node
[    3.375847] rk-pcie fe150000.pcie: no vpcie3v3 regulator found
[    3.375929] rk-pcie fe190000.pcie: host bridge /pcie@fe190000 ranges:
[    3.375940] rk-pcie fe190000.pcie:       IO 0x00f4100000..0x00f41fffff -> 0x00f4100000
[    3.375947] rk-pcie fe190000.pcie:      MEM 0x00f4200000..0x00f4ffffff -> 0x00f4200000
[    3.375952] rk-pcie fe190000.pcie:      MEM 0x0a00000000..0x0a3fffffff -> 0x0a00000000
[    3.375964] rk-pcie fe160000.pcie: invalid prsnt-gpios property in node
[    3.375986] rk-pcie fe160000.pcie: no vpcie3v3 regulator found
[    3.375993] rk-pcie fe190000.pcie: iATU unroll: enabled
[    3.375995] rk-pcie fe190000.pcie: iATU regions: 8 ob, 8 ib, align 64K, limit 8G
[    3.376194] iep: Module initialized.
[    3.376222] mpp_service mpp-srv: 9dc437615 author: bo.xiao 2024-06-28 update to rk3588_linux6.1_release_v1.1.0_20240620.xml
[    3.376225] mpp_service mpp-srv: probe start
[    3.377494] mpp_vepu2 jpege-ccu: probing start
[    3.377497] mpp_vepu2 jpege-ccu: probing finish
[    3.378128] mpp_rkvdec2 fdc30000.rkvdec-ccu: rkvdec-ccu, probing start
[    3.378182] mpp_rkvdec2 fdc30000.rkvdec-ccu: ccu-mode: 1
[    3.378184] mpp_rkvdec2 fdc30000.rkvdec-ccu: probing finish
[    3.378432] mpp_rkvenc2 rkvenc-ccu: probing start
[    3.378434] mpp_rkvenc2 rkvenc-ccu: probing finish
[    3.378662] mpp_service mpp-srv: probe success
[    3.386139] dma-pl330 fea10000.dma-controller: Loaded driver for PL330 DMAC-241330
[    3.386143] dma-pl330 fea10000.dma-controller:       DBUFF-128x8bytes Num_Chans-8 Num_Peri-32 Num_Events-16
[    3.386704] rk-pcie fe180000.pcie: host bridge /pcie@fe180000 ranges:
[    3.386715] rk-pcie fe180000.pcie:       IO 0x00f3100000..0x00f31fffff -> 0x00f3100000
[    3.386725] rk-pcie fe180000.pcie:      MEM 0x00f3200000..0x00f3ffffff -> 0x00f3200000
[    3.386730] rk-pcie fe180000.pcie:      MEM 0x09c0000000..0x09ffffffff -> 0x09c0000000
[    3.386773] rk-pcie fe180000.pcie: iATU unroll: enabled
[    3.386775] rk-pcie fe180000.pcie: iATU regions: 8 ob, 8 ib, align 64K, limit 8G
[    3.387200] rk-pcie fe160000.pcie: host bridge /pcie@fe160000 ranges:
[    3.387223] rk-pcie fe160000.pcie:       IO 0x00f1100000..0x00f11fffff -> 0x00f1100000
[    3.387242] rk-pcie fe160000.pcie:      MEM 0x00f1200000..0x00f1ffffff -> 0x00f1200000
[    3.387253] rk-pcie fe160000.pcie:      MEM 0x0940000000..0x097fffffff -> 0x0940000000
[    3.387301] rk-pcie fe160000.pcie: iATU unroll: enabled
[    3.387306] rk-pcie fe160000.pcie: iATU regions: 8 ob, 8 ib, align 64K, limit 8G
[    3.387358] rk-pcie fe150000.pcie: host bridge /pcie@fe150000 ranges:
[    3.387382] rk-pcie fe150000.pcie:       IO 0x00f0100000..0x00f01fffff -> 0x00f0100000
[    3.387400] rk-pcie fe150000.pcie:      MEM 0x00f0200000..0x00f0ffffff -> 0x00f0200000
[    3.387412] rk-pcie fe150000.pcie:      MEM 0x0900000000..0x093fffffff -> 0x0900000000
[    3.387426] dma-pl330 fea30000.dma-controller: Loaded driver for PL330 DMAC-241330
[    3.387430] dma-pl330 fea30000.dma-controller:       DBUFF-128x8bytes Num_Chans-8 Num_Peri-32 Num_Events-16
[    3.387460] rk-pcie fe150000.pcie: iATU unroll: enabled
[    3.387465] rk-pcie fe150000.pcie: iATU regions: 8 ob, 8 ib, align 64K, limit 8G
[    3.388430] dma-pl330 fed10000.dma-controller: Loaded driver for PL330 DMAC-241330
[    3.388433] dma-pl330 fed10000.dma-controller:       DBUFF-128x8bytes Num_Chans-8 Num_Peri-32 Num_Events-16
[    3.388913] rockchip-pvtm fda40000.pvtm: pvtm@0 probed
[    3.388955] rockchip-pvtm fda50000.pvtm: pvtm@1 probed
[    3.388994] rockchip-pvtm fda60000.pvtm: pvtm@2 probed
[    3.389032] rockchip-pvtm fdaf0000.pvtm: pvtm@3 probed
[    3.389066] rockchip-pvtm fdb30000.pvtm: pvtm@4 probed
[    3.389433] rockchip-system-monitor rockchip-system-monitor: system monitor probe
[    3.390136] Serial: 8250/16550 driver, 10 ports, IRQ sharing disabled
[    3.390592] feb60000.serial: ttyS3 at MMIO 0xfeb60000 (irq = 41, base_baud = 1500000) is a 16550A
[    3.390599] Advantech : serial8250_em485_config pinctrl
[    3.390950] feb80000.serial: ttyS5 at MMIO 0xfeb80000 (irq = 42, base_baud = 1500000) is a 16550A
[    3.390956] Advantech : serial8250_em485_config pinctrl
[    3.391215] feb90000.serial: ttyS6 at MMIO 0xfeb90000 (irq = 43, base_baud = 1500000) is a 16550A
[    3.391416] feba0000.serial: ttyS7 at MMIO 0xfeba0000 (irq = 44, base_baud = 1500000) is a 16550A
[    3.391771] febc0000.serial: ttyS9 at MMIO 0xfebc0000 (irq = 45, base_baud = 1500000) is a 16550A
[    3.398774] rk_iommu fdca0000.iommu: av1d iommu enabled
[    3.401201] rockchip-vop2 fdd90000.vop: Adding to iommu group 18
[    3.407200] rockchip-vop2 fdd90000.vop: [drm:vop2_bind] vp0 assign plane mask: Cluster0 | Esmart0[0x5], primary plane phy id: Esmart0[2]
[    3.407211] rockchip-vop2 fdd90000.vop: [drm:vop2_bind] vp1 assign plane mask: Cluster1 | Esmart1[0xa], primary plane phy id: Esmart1[3]
[    3.407217] rockchip-vop2 fdd90000.vop: [drm:vop2_bind] vp2 assign plane mask: Cluster2 | Esmart2[0x140], primary plane phy id: Esmart2[8]
[    3.407222] rockchip-vop2 fdd90000.vop: [drm:vop2_bind] vp3 assign plane mask: Cluster3 | Esmart3[0x280], primary plane phy id: Esmart3[9]
[    3.407373] rockchip-vop2 fdd90000.vop: [drm:vop2_bind] Cluster0-win0 as cursor plane for vp0
[    3.407390] [drm] failed to init overlay plane Cluster0-win1
[    3.407417] [drm] failed to init overlay plane Cluster1-win1
[    3.407441] [drm] failed to init overlay plane Cluster2-win1
[    3.407466] [drm] failed to init overlay plane Cluster3-win1
[    3.414710] rockchip-vop2 fdd90000.vop: bin=0
[    3.414910] rockchip-vop2 fdd90000.vop: leakage=46
[    3.414916] rockchip-vop2 fdd90000.vop: leakage-volt-sel=2
[    3.414947] rockchip-vop2 fdd90000.vop: error -ENODEV: _opp_set_regulators: no regulator (vop) found
[    3.414963] rockchip-vop2 fdd90000.vop: failed to set opp config
[    3.414965] rockchip-vop2 fdd90000.vop: failed to init opp info
[    3.414967] rockchip-vop2 fdd90000.vop: Unsupported VOP aclk dvfs
[    3.414976] rockchip-drm display-subsystem: bound fdd90000.vop (ops 0xffffffc0093feb48)
[    3.415453] dwhdmi-rockchip fde80000.hdmi: registered ddc I2C bus driver
[    3.415903] rockchip-drm display-subsystem: bound fde80000.hdmi (ops 0xffffffc009416df8)
[    3.416090] rockchip-drm display-subsystem: route-hdmi0: failed to get logo,offset
[    3.416095] rockchip-drm display-subsystem: can't not find any logo display
[    3.416098] rockchip-drm display-subsystem: failed to show kernel logo
[    3.416519] [drm] Initialized rockchip 4.0.0 20140818 for display-subsystem on minor 0
[    3.419338] dw-hdmi-qp-hdcp dw-hdmi-qp-hdcp.1.auto: dw_hdcp_qp_hdcp_probe success
[    3.421296] brd: module loaded
[    3.423941] loop: module loaded
[    3.424076] lkdtm: No crash points registered, enable through debugfs
[    3.424999] ahci fe220000.sata: supply ahci not found, using dummy regulator
[    3.425054] ahci fe220000.sata: supply phy not found, using dummy regulator
[    3.425158] ahci fe220000.sata: supply target not found, using dummy regulator
[    3.425234] ahci fe220000.sata: forcing port_map 0x0 -> 0x1
[    3.425250] ahci fe220000.sata: AHCI 0001.0300 32 slots 1 ports 6 Gbps 0x1 impl platform mode
[    3.425255] ahci fe220000.sata: flags: ncq sntf pm led clo only pmp fbs pio slum part ccc apst
[    3.425265] ahci fe220000.sata: port 0 can do FBS, forcing FBSCP
[    3.425796] scsi host0: ahci
[    3.425947] ata1: SATA max UDMA/133 mmio [mem 0xfe220000-0xfe220fff] port 0x100 irq 73
[    3.426710] rockchip-spi feb00000.spi: no high_speed pinctrl state
[    3.426857] rockchip-spi feb00000.spi: probed, poll=0, rsd=0, cs-inactive=0, ready=0
[    3.427142] rockchip-spi feb20000.spi: no high_speed pinctrl state
[    3.427424] spi spi2.0: Fixed dependency cycle(s) with /spi@feb20000/rk806single@0/regulators/DCDC_REG7
[    3.427453] spi spi2.0: Fixed dependency cycle(s) with /spi@feb20000/rk806single@0/pinctrl_rk806/rk806_dvs1_pwrdn
[    3.427460] spi spi2.0: Fixed dependency cycle(s) with /spi@feb20000/rk806single@0/pinctrl_rk806/rk806_dvs3_null
[    3.427466] spi spi2.0: Fixed dependency cycle(s) with /spi@feb20000/rk806single@0/pinctrl_rk806/rk806_dvs2_null
[    3.427472] spi spi2.0: Fixed dependency cycle(s) with /spi@feb20000/rk806single@0/pinctrl_rk806/rk806_dvs1_null
[    3.427895] rk806 spi2.0: chip id: RK806,ver:0x2, 0x1
[    3.428008] rk806 spi2.0: ON: 0x40 OFF:0x0
[    3.440235] rk806 spi2.0: no sleep-setting state
[    3.440239] rk806 spi2.0: no reset-setting pinctrl state
[    3.440241] rk806 spi2.0: no dvs-setting pinctrl state
[    3.442843] rockchip-spi feb20000.spi: probed, poll=0, rsd=0, cs-inactive=0, ready=0
[    3.443994] CAN device driver interface
[    3.443996] can_adv_usb: serial line CAN interface driver
[    3.443998] igb: Intel(R) Gigabit Ethernet Network Driver
[    3.444000] igb: Copyright (c) 2007-2014 Intel Corporation.
[    3.444640] rk_gmac-dwmac fe1b0000.ethernet: IRQ eth_lpi not found
[    3.444766] rk_gmac-dwmac fe1b0000.ethernet: supply phy not found, using dummy regulator
[    3.444814] rk_gmac-dwmac fe1b0000.ethernet: clock input or output? (output).
[    3.444817] rk_gmac-dwmac fe1b0000.ethernet: TX delay(0x41).
[    3.444820] rk_gmac-dwmac fe1b0000.ethernet: RX delay(0x34).
[    3.444833] rk_gmac-dwmac fe1b0000.ethernet: integrated PHY? (no).
[    3.444838] rk_gmac-dwmac fe1b0000.ethernet: cannot get clock mac_clk_rx
[    3.444840] rk_gmac-dwmac fe1b0000.ethernet: cannot get clock mac_clk_tx
[    3.444849] rk_gmac-dwmac fe1b0000.ethernet: cannot get clock clk_mac_speed
[    3.445065] rk_gmac-dwmac fe1b0000.ethernet: init for RGMII
[    3.445154] rk_gmac-dwmac fe1b0000.ethernet: User ID: 0x30, Synopsys ID: 0x51
[    3.445159] rk_gmac-dwmac fe1b0000.ethernet:         DWMAC4/5
[    3.445162] rk_gmac-dwmac fe1b0000.ethernet: DMA HW capability register supported
[    3.445164] rk_gmac-dwmac fe1b0000.ethernet: RX Checksum Offload Engine supported
[    3.445166] rk_gmac-dwmac fe1b0000.ethernet: TX Checksum insertion supported
[    3.445168] rk_gmac-dwmac fe1b0000.ethernet: Wake-Up On Lan supported
[    3.445195] rk_gmac-dwmac fe1b0000.ethernet: TSO supported
[    3.445197] rk_gmac-dwmac fe1b0000.ethernet: Enable RX Mitigation via HW Watchdog Timer
[    3.445200] rk_gmac-dwmac fe1b0000.ethernet: Enabled L3L4 Flow TC (entries=2)
[    3.445203] rk_gmac-dwmac fe1b0000.ethernet: Enabled RFS Flow TC (entries=10)
[    3.445206] rk_gmac-dwmac fe1b0000.ethernet: TSO feature enabled
[    3.445209] rk_gmac-dwmac fe1b0000.ethernet: Using 32/32 bits DMA host/device width
[    3.582980] rk-pcie fe190000.pcie: PCIe Linking... LTSSM is 0x3
[    3.590004] rk-pcie fe150000.pcie: PCIe Linking... LTSSM is 0x0
[    3.590979] rk-pcie fe180000.pcie: PCIe Linking... LTSSM is 0x1
[    3.605870] rk-pcie fe190000.pcie: PCIe Linking... LTSSM is 0x3
[    3.611881] rk-pcie fe150000.pcie: PCIe Linking... LTSSM is 0x0
[    3.628869] rk-pcie fe190000.pcie: PCIe Linking... LTSSM is 0x3
[    3.631871] mdio_bus stmmac-0:00: enable ssc
[    3.633881] rk-pcie fe150000.pcie: PCIe Linking... LTSSM is 0x0
[    3.635916] rk_gmac-dwmac fe1c0000.ethernet: IRQ eth_lpi not found
[    3.636043] rk_gmac-dwmac fe1c0000.ethernet: supply phy not found, using dummy regulator
[    3.636097] rk_gmac-dwmac fe1c0000.ethernet: clock input or output? (output).
[    3.636100] rk_gmac-dwmac fe1c0000.ethernet: TX delay(0x40).
[    3.636103] rk_gmac-dwmac fe1c0000.ethernet: RX delay(0x36).
[    3.636115] rk_gmac-dwmac fe1c0000.ethernet: integrated PHY? (no).
[    3.636119] rk_gmac-dwmac fe1c0000.ethernet: cannot get clock mac_clk_rx
[    3.636122] rk_gmac-dwmac fe1c0000.ethernet: cannot get clock mac_clk_tx
[    3.636131] rk_gmac-dwmac fe1c0000.ethernet: cannot get clock clk_mac_speed
[    3.636346] rk_gmac-dwmac fe1c0000.ethernet: init for RGMII
[    3.636435] rk_gmac-dwmac fe1c0000.ethernet: User ID: 0x30, Synopsys ID: 0x51
[    3.636439] rk_gmac-dwmac fe1c0000.ethernet:         DWMAC4/5
[    3.636442] rk_gmac-dwmac fe1c0000.ethernet: DMA HW capability register supported
[    3.636444] rk_gmac-dwmac fe1c0000.ethernet: RX Checksum Offload Engine supported
[    3.636446] rk_gmac-dwmac fe1c0000.ethernet: TX Checksum insertion supported
[    3.636447] rk_gmac-dwmac fe1c0000.ethernet: Wake-Up On Lan supported
[    3.636477] rk_gmac-dwmac fe1c0000.ethernet: TSO supported
[    3.636479] rk_gmac-dwmac fe1c0000.ethernet: Enable RX Mitigation via HW Watchdog Timer
[    3.636481] rk_gmac-dwmac fe1c0000.ethernet: Enabled L3L4 Flow TC (entries=2)
[    3.636484] rk_gmac-dwmac fe1c0000.ethernet: Enabled RFS Flow TC (entries=10)
[    3.636486] rk_gmac-dwmac fe1c0000.ethernet: TSO feature enabled
[    3.636488] rk_gmac-dwmac fe1c0000.ethernet: Using 32/32 bits DMA host/device width
[    3.641885] rk-pcie fe160000.pcie: PCIe Link up, LTSSM is 0x30011
[    3.641896] rk-pcie fe160000.pcie: PCIe Gen.1 x1 link up
[    3.642056] rk-pcie fe160000.pcie: PCI host bridge to bus 0001:10
[    3.642065] pci_bus 0001:10: root bus resource [bus 10-1f]
[    3.642075] pci_bus 0001:10: root bus resource [io  0x200000-0x2fffff] (bus address [0xf1100000-0xf11fffff])
[    3.642082] pci_bus 0001:10: root bus resource [mem 0xf1200000-0xf1ffffff]
[    3.642088] pci_bus 0001:10: root bus resource [mem 0x940000000-0x97fffffff pref]
[    3.642119] pci 0001:10:00.0: [1d87:3588] type 01 class 0x060400
[    3.642143] pci 0001:10:00.0: reg 0x38: [mem 0x00000000-0x0000ffff pref]
[    3.642204] pci 0001:10:00.0: supports D1 D2
[    3.642209] pci 0001:10:00.0: PME# supported from D0 D1 D3hot
[    3.649938] pci 0001:10:00.0: Primary bus is hard wired to 0
[    3.649945] pci 0001:10:00.0: bridge configuration invalid ([bus 01-ff]), reconfiguring
[    3.650143] pci 0001:11:00.0: [10ec:8168] type 00 class 0x020000
[    3.650217] pci 0001:11:00.0: reg 0x10: [io  0x0000-0x00ff]
[    3.650304] pci 0001:11:00.0: reg 0x18: [mem 0x00000000-0x00000fff 64bit]
[    3.650362] pci 0001:11:00.0: reg 0x20: [mem 0x00000000-0x00003fff 64bit pref]
[    3.650746] pci 0001:11:00.0: supports D1 D2
[    3.650751] pci 0001:11:00.0: PME# supported from D0 D1 D2 D3hot D3cold
[    3.651871] rk-pcie fe190000.pcie: PCIe Linking... LTSSM is 0x3
[    3.653935] pci_bus 0001:11: busn_res: [bus 11-1f] end is updated to 11
[    3.653966] pci 0001:10:00.0: BAR 8: assigned [mem 0xf1200000-0xf12fffff]
[    3.653976] pci 0001:10:00.0: BAR 9: assigned [mem 0x940000000-0x9400fffff 64bit pref]
[    3.653986] pci 0001:10:00.0: BAR 6: assigned [mem 0xf1300000-0xf130ffff pref]
[    3.653994] pci 0001:10:00.0: BAR 7: assigned [io  0x200000-0x200fff]
[    3.654006] pci 0001:11:00.0: BAR 4: assigned [mem 0x940000000-0x940003fff 64bit pref]
[    3.654056] pci 0001:11:00.0: BAR 2: assigned [mem 0xf1200000-0xf1200fff 64bit]
[    3.654104] pci 0001:11:00.0: BAR 0: assigned [io  0x200000-0x2000ff]
[    3.654123] pci 0001:10:00.0: PCI bridge to [bus 11]
[    3.654129] pci 0001:10:00.0:   bridge window [io  0x200000-0x200fff]
[    3.654137] pci 0001:10:00.0:   bridge window [mem 0xf1200000-0xf12fffff]
[    3.654144] pci 0001:10:00.0:   bridge window [mem 0x940000000-0x9400fffff 64bit pref]
[    3.656873] rk-pcie fe150000.pcie: PCIe Linking... LTSSM is 0x0
[    3.657050] pcieport 0001:10:00.0: PME: Signaling with IRQ 93
[    3.666871] rk-pcie fe180000.pcie: PCIe Link up, LTSSM is 0x130011
[    3.666876] rk-pcie fe180000.pcie: PCIe Gen.2 x1 link up
[    3.666934] rk-pcie fe180000.pcie: PCI host bridge to bus 0003:30
[    3.666938] pci_bus 0003:30: root bus resource [bus 30-3f]
[    3.666942] pci_bus 0003:30: root bus resource [io  0x100000-0x1fffff] (bus address [0xf3100000-0xf31fffff])

[    3.666946] pci_bus 0003:30: root bus resource [mem 0xf3200000-0xf3ffffff]
Welcome to Debian GNU/Linux 12 (bookworm)!
[    3.666949] pci_bus 0003:30: root bus resource [mem 0x9c0000000-0x9ffffffff pref]

[    3.666961] pci 0003:30:00.0: [1d87:3588] type 01 class 0x060400
[    3.666974] pci 0003:30:00.0: reg 0x38: [mem 0x00000000-0x0000ffff pref]
[    3.667006] pci 0003:30:00.0: supports D1 D2
[    3.667009] pci 0003:30:00.0: PME# supported from D0 D1 D3hot
[    3.670585] pci 0003:30:00.0: Primary bus is hard wired to 0
[    3.670587] pci 0003:30:00.0: bridge configuration invalid ([bus 01-ff]), reconfiguring
[    3.670721] pci 0003:31:00.0: [8086:125b] type 00 class 0x020000
[    3.670769] pci 0003:31:00.0: reg 0x10: [mem 0x00000000-0x000fffff]
[    3.670832] pci 0003:31:00.0: reg 0x1c: [mem 0x00000000-0x00003fff]
[    3.671175] pci 0003:31:00.0: PME# supported from D0 D3hot D3cold
[    3.674870] rk-pcie fe190000.pcie: PCIe Linking... LTSSM is 0x3
[    3.674907] pci_bus 0003:31: busn_res: [bus 31-3f] end is updated to 31
[    3.674919] pci 0003:30:00.0: BAR 8: assigned [mem 0xf3200000-0xf33fffff]
[    3.674924] pci 0003:30:00.0: BAR 6: assigned [mem 0xf3400000-0xf340ffff pref]
[    3.674930] pci 0003:31:00.0: BAR 0: assigned [mem 0xf3200000-0xf32fffff]
[    3.674941] pci 0003:31:00.0: BAR 3: assigned [mem 0xf3300000-0xf3303fff]
[    3.674953] pci 0003:30:00.0: PCI bridge to [bus 31]
[    3.674956] pci 0003:30:00.0:   bridge window [mem 0xf3200000-0xf33fffff]
[    3.676202] pcieport 0003:30:00.0: PME: Signaling with IRQ 103
[    3.730170] ata1: SATA link down (SStatus 0 SControl 300)
[    3.823745] mdio_bus stmmac-1:00: enable ssc
[    3.826443] mdio_bus stmmac-1:00: enable ssc
[    3.830597] PPP generic driver version 2.4.2
[    3.830707] usbcore: registered new interface driver rtl8150
[    3.830717] usbcore: registered new device driver r8152-cfgselector
[    3.830732] usbcore: registered new interface driver r8152
[    3.830746] usbcore: registered new interface driver asix
[    3.830759] usbcore: registered new interface driver ax88179_178a
[    3.830771] usbcore: registered new interface driver cdc_ether
[    3.830784] usbcore: registered new interface driver net1080
[  OK  ] Created slice system-getty.slice - Slice /system/getty.
[    3.830797] usbcore: registered new interface driver rndis_host
[  OK  ] Created slice system-modpr…lice - Slice /system/modprobe.
[    3.830808] usbcore: registered new interface driver cdc_subset
[  OK  ] Created slice system-seria… - Slice /system/serial-getty.
[    3.830820] usbcore: registered new interface driver zaurus
[  OK  ] Created slice system-syste… - Slice /system/systemd-fsck.
[    3.830837] usbcore: registered new interface driver cdc_ncm
[  OK  ] Created slice user.slice - User and Session Slice.
[    3.830849] usbcore: registered new interface driver qmi_wwan
[  OK  ] Started ntpsec-systemd-netif.path.
[    3.830861] usbcore: registered new interface driver r8153_ecm
[  OK  ] Started systemd-ask-passwo…quests to Console Directory Watch.
[    3.847229] xhci-hcd xhci-hcd.6.auto: xHCI Host Controller
[  OK  ] Started systemd-ask-passwo… Requests to Wall Directory Watch.
[    3.847317] xhci-hcd xhci-hcd.6.auto: new USB bus registered, assigned bus number 1
         Expecting device dev-disk-…0m - /dev/disk/by-partlabel/oem...
[    3.847381] xhci-hcd xhci-hcd.6.auto: hcc params 0x0220fe64 hci version 0x110 quirks 0x0000800002010010
         Expecting device dev-disk-…/dev/disk/by-partlabel/userdata...
[    3.847477] xhci-hcd xhci-hcd.6.auto: irq 105, io mem 0xfcd00000
         Expecting device dev-ttyFIQ0.device - /dev/ttyFIQ0...
[    3.847539] xhci-hcd xhci-hcd.6.auto: xHCI Host Controller
[  OK  ] Reached target cryptsetup.…get - Local Encrypted Volumes.
[    3.847599] xhci-hcd xhci-hcd.6.auto: new USB bus registered, assigned bus number 2
[  OK  ] Reached target integrityse…Local Integrity Protected Volumes.
[    3.847603] xhci-hcd xhci-hcd.6.auto: Host supports USB 3.0 SuperSpeed
[  OK  ] Reached target remote-fs.target - Remote File Systems.
[    3.847654] usb usb1: New USB device found, idVendor=1d6b, idProduct=0002, bcdDevice= 6.01
[  OK  ] Reached target slices.target - Slice Units.
[    3.847659] usb usb1: New USB device strings: Mfr=3, Product=2, SerialNumber=1
[  OK  ] Reached target swap.target - Swaps.
[    3.847662] usb usb1: Product: xHCI Host Controller
[  OK  ] Reached target veritysetup… - Local Verity Protected Volumes.
[    3.847664] usb usb1: Manufacturer: Linux 6.1.75-rt16 xhci-hcd
[  OK  ] Listening on syslog.socket - Syslog Socket.
[    3.847667] usb usb1: SerialNumber: xhci-hcd.6.auto
[  OK  ] Listening on systemd-fsckd…sck to fsckd communication Socket.
[    3.847903] hub 1-0:1.0: USB hub found
[  OK  ] Listening on systemd-initc… initctl Compatibility Named Pipe.
[    3.847913] hub 1-0:1.0: 1 port detected
[  OK  ] Listening on systemd-journ…t - Journal Socket (/dev/log).
[    3.848047] usb usb2: We don't know the algorithms for LPM for this host, disabling LPM.
[  OK  ] Listening on systemd-journald.socket - Journal Socket.
[    3.848078] usb usb2: New USB device found, idVendor=1d6b, idProduct=0003, bcdDevice= 6.01
[  OK  ] Listening on systemd-udevd….socket - udev Control Socket.
[    3.848081] usb usb2: New USB device strings: Mfr=3, Product=2, SerialNumber=1
[  OK  ] Listening on systemd-udevd…l.socket - udev Kernel Socket.
[    3.848084] usb usb2: Product: xHCI Host Controller
         Mounting dev-mqueue.mount▒▒POSIX Message Queue File System...
[    3.848086] usb usb2: Manufacturer: Linux 6.1.75-rt16 xhci-hcd
         Mounting sys-kernel-config.mount - /sys/kernel/config...
[    3.848088] usb usb2: SerialNumber: xhci-hcd.6.auto
         Mounting sys-kernel-debug.mount - /sys/kernel/debug...
[    3.848274] hub 2-0:1.0: USB hub found
         Starting async-commit.serv…T for Rockchip BSP kernel > 4.4...
[    3.848282] hub 2-0:1.0: 1 port detected
         Starting keyboard-setup.se…Set the console keyboard layout...
[    3.848460] phy phy-fd5d4000.syscon:usb2-phy@4000.3: illegal mode
         Starting modprobe@dm_mod.s…[0m - Load Kernel Module dm_mod...
[    3.848466] xhci-hcd xhci-hcd.7.auto: xHCI Host Controller
         Starting modprobe@drm.service - Load Kernel Module drm...
[    3.848530] xhci-hcd xhci-hcd.7.auto: new USB bus registered, assigned bus number 3
         Starting modprobe@efi_psto…- Load Kernel Module efi_pstore...
[    3.848604] xhci-hcd xhci-hcd.7.auto: hcc params 0x0220fe64 hci version 0x110 quirks 0x0000800002010010
         Starting modprobe@fuse.ser…e - Load Kernel Module fuse...
[    3.848692] xhci-hcd xhci-hcd.7.auto: irq 106, io mem 0xfc400000
         Starting modprobe@loop.ser…e - Load Kernel Module loop...
[    3.848757] xhci-hcd xhci-hcd.7.auto: xHCI Host Controller
         Starting rkaiq_3A.service▒▒le Rockchip camera engine rkaiq...
[    3.848836] xhci-hcd xhci-hcd.7.auto: new USB bus registered, assigned bus number 4
         Starting systemd-journald.service - Journal Service...
[    3.848840] xhci-hcd xhci-hcd.7.auto: Host supports USB 3.0 SuperSpeed
         Starting systemd-modules-l…rvice - Load Kernel Modules...
[    3.848901] usb usb3: New USB device found, idVendor=1d6b, idProduct=0002, bcdDevice= 6.01
         Starting systemd-remount-f…nt Root and Kernel File Systems...
[    3.848906] usb usb3: New USB device strings: Mfr=3, Product=2, SerialNumber=1
         Starting systemd-udev-trig…[0m - Coldplug All udev Devices...
[    3.848905] ohci-platform fc840000.usb: Generic Platform OHCI controller
[  OK  ] Mounted dev-mqueue.mount▒▒- POSIX Message Queue File System.
[    3.848905] ehci-platform fc800000.usb: EHCI Host Controller
[  OK  ] Mounted sys-kernel-config.mount - /sys/kernel/config.
[    3.848909] usb usb3: Product: xHCI Host Controller
[  OK  ] Mounted sys-kernel-debug.mount - /sys/kernel/debug.
[    3.848911] usb usb3: Manufacturer: Linux 6.1.75-rt16 xhci-hcd
[  OK  ] Finished modprobe@dm_mod.s…e - Load Kernel Module dm_mod.
[    3.848914] usb usb3: SerialNumber: xhci-hcd.7.auto
[  OK  ] Finished modprobe@drm.service - Load Kernel Module drm.
[    3.849136] hub 3-0:1.0: USB hub found
[  OK  ] Finished modprobe@efi_psto…m - Load Kernel Module efi_pstore.
[    3.849143] ehci-platform fc880000.usb: EHCI Host Controller
[  OK  ] Finished modprobe@fuse.service - Load Kernel Module fuse.
[    3.849144] hub 3-0:1.0: 1 port detected
[  OK  ] Finished modprobe@loop.service - Load Kernel Module loop.
[    3.849146] ohci-platform fc8c0000.usb: Generic Platform OHCI controller
[  OK  ] Finished systemd-modules-l…service - Load Kernel Modules.
[    3.849304] usb usb4: We don't know the algorithms for LPM for this host, disabling LPM.
[  OK  ] Started rkaiq_3A.service▒▒able Rockchip camera engine rkaiq.
[    3.849336] usb usb4: New USB device found, idVendor=1d6b, idProduct=0003, bcdDevice= 6.01
[  OK  ] Finished systemd-remount-f…ount Root and Kernel File Systems.
[    3.849338] ohci-platform fc840000.usb: new USB bus registered, assigned bus number 5
         Mounting sys-fs-fuse-conne… - FUSE Control File System...
[    3.849339] usb usb4: New USB device strings: Mfr=3, Product=2, SerialNumber=1
         Starting systemd-pstore.se…orm Persistent Storage Archival...
[    3.849342] usb usb4: Product: xHCI Host Controller
         Starting systemd-random-se…ice - Load/Save Random Seed...
[    3.849344] usb usb4: Manufacturer: Linux 6.1.75-rt16 xhci-hcd
         Starting systemd-sysctl.se…ce - Apply Kernel Variables...
[    3.849346] usb usb4: SerialNumber: xhci-hcd.7.auto
         Starting systemd-sysusers.…rvice - Create System Users...
[    3.849455] ohci-platform fc840000.usb: irq 109, io mem 0xfc840000
[  OK  ] Mounted sys-fs-fuse-connec…nt - FUSE Control File System.
[    3.850195] ehci-platform fc800000.usb: new USB bus registered, assigned bus number 6
[  OK  ] Finished async-commit.serv…MIT for Rockchip BSP kernel > 4.4.
[    3.850233] ohci-platform fc8c0000.usb: new USB bus registered, assigned bus number 8
[  OK  ] Finished systemd-random-se…rvice - Load/Save Random Seed.
[    3.850233] ehci-platform fc880000.usb: new USB bus registered, assigned bus number 7
[  OK  ] Finished systemd-sysusers.service - Create System Users.
[    3.850249] hub 4-0:1.0: USB hub found
[  OK  ] Finished systemd-pstore.se…tform Persistent Storage Archival.
[    3.850257] hub 4-0:1.0: 1 port detected
         Starting systemd-tmpfiles-…ate Static Device Nodes in /dev...
[    3.850353] ohci-platform fc8c0000.usb: irq 110, io mem 0xfc8c0000
[  OK  ] Finished keyboard-setup.se…- Set the console keyboard layout.
[    3.850416] usbcore: registered new interface driver cdc_acm
[  OK  ] Finished systemd-sysctl.service - Apply Kernel Variables.
[    3.850417] cdc_acm: USB Abstract Control Model driver for USB modems and ISDN adapters
[  OK  ] Started systemd-journald.service - Journal Service.
[    3.850429] ehci-platform fc800000.usb: irq 107, io mem 0xfc800000
         Starting systemd-journal-f…h Journal to Persistent Storage...
[    3.850432] usbcore: registered new interface driver cdc_wdm
[  OK  ] Finished systemd-tmpfiles-…reate Static Device Nodes in /dev.
[    3.850473] ehci-platform fc880000.usb: irq 108, io mem 0xfc880000
[  OK  ] Reached target local-fs-pr…reparation for Local File Systems.
[    3.850523] usbcore: registered new interface driver uas
         Starting systemd-udevd.ser…ger for Device Events and Files...
[    3.850555] usbcore: registered new interface driver usb-storage
[  OK  ] Finished systemd-udev-trig…e - Coldplug All udev Devices.
[    3.850586] usbcore: registered new interface driver usbserial_generic
         Starting ifupdown-pre.serv…ynchronize boot up for ifupdown...
[    3.850595] usbserial: USB Serial support registered for generic
[  OK  ] Finished systemd-journal-f…ush Journal to Persistent Storage.
[    3.850610] usbcore: registered new interface driver cp210x
[  OK  ] Finished ifupdown-pre.serv… synchronize boot up for ifupdown.
[    3.850617] usbserial: USB Serial support registered for cp210x
[  OK  ] Started systemd-udevd.serv…nager for Device Events and Files.
[    3.850636] usbcore: registered new interface driver ftdi_sio
[  OK  ] Found device dev-ttyFIQ0.device - /dev/ttyFIQ0.
[    3.850643] usbserial: USB Serial support registered for FTDI USB Serial Device
[  OK  ] Created slice system-slcan…0m - Slice /system/slcanfd-socket.
[    3.850681] usbcore: registered new interface driver keyspan
         Starting async-commit.serv…T for Rockchip BSP kernel > 4.4...
[    3.850688] usbserial: USB Serial support registered for Keyspan - (without firmware)
         Starting modprobe@dm_mod.s…[0m - Load Kernel Module dm_mod...
[    3.850695] usbserial: USB Serial support registered for Keyspan 1 port adapter
         Starting modprobe@loop.ser…e - Load Kernel Module loop...
[    3.850702] usbserial: USB Serial support registered for Keyspan 2 port adapter
         Starting rkaiq_3A.service▒▒le Rockchip camera engine rkaiq...
[    3.850708] usbserial: USB Serial support registered for Keyspan 4 port adapter
[  OK  ] Finished modprobe@dm_mod.s…e - Load Kernel Module dm_mod.
[    3.850724] usbcore: registered new interface driver option
[  OK  ] Finished async-commit.serv…MIT for Rockchip BSP kernel > 4.4.
[    3.850730] usbserial: USB Serial support registered for GSM modem (1-port)
[  OK  ] Finished modprobe@loop.service - Load Kernel Module loop.
[    3.850784] usbcore: registered new interface driver oti6858
[  OK  ] Started rkaiq_3A.service▒▒able Rockchip camera engine rkaiq.
[    3.850790] usbserial: USB Serial support registered for oti6858
[  OK  ] Found device dev-disk-by\x… - /dev/disk/by-partlabel/oem.
[    3.850804] usbcore: registered new interface driver pl2303
[  OK  ] Found device dev-disk-by\x…- /dev/disk/by-partlabel/userdata.
[    3.850810] usbserial: USB Serial support registered for pl2303
         Starting async-commit.serv…T for Rockchip BSP kernel > 4.4...
[    3.850826] usbcore: registered new interface driver qcserial
         Starting modprobe@dm_mod.s…[0m - Load Kernel Module dm_mod...
[    3.850833] usbserial: USB Serial support registered for Qualcomm USB modem
         Starting modprobe@loop.ser…e - Load Kernel Module loop...
[    3.850850] usbcore: registered new interface driver sierra
         Starting rkaiq_3A.service▒▒le Rockchip camera engine rkaiq...
[    3.850857] usbserial: USB Serial support registered for Sierra USB modem
         Starting systemd-fsck@dev-…k on /dev/disk/by-partlabel/oem...
[    3.851234] usbcore: registered new interface driver usbtouchscreen
         Starting systemd-fsck@dev-…/dev/disk/by-partlabel/userdata...
[    3.852184] input: rk805 pwrkey as /devices/platform/feb20000.spi/spi_master/spi2/spi2.0/rk805-pwrkey.4.auto/input/input0
[  OK  ] Finished modprobe@dm_mod.s…e - Load Kernel Module dm_mod.
[    3.852397] i2c_dev: i2c /dev entries driver
[  OK  ] Finished modprobe@loop.service - Load Kernel Module loop.
[    3.857888] ehci-platform fc800000.usb: USB 2.0 started, EHCI 1.00
[  OK  ] Started rkaiq_3A.service▒▒able Rockchip camera engine rkaiq.
[    3.858119] usb usb6: New USB device found, idVendor=1d6b, idProduct=0002, bcdDevice= 6.01
[  OK  ] Finished async-commit.serv…MIT for Rockchip BSP kernel > 4.4.
[    3.858129] usb usb6: New USB device strings: Mfr=3, Product=2, SerialNumber=1
[  OK  ] Started systemd-fsckd.serv…tem Check Daemon to report status.
[    3.858135] usb usb6: Product: EHCI Host Controller
[  OK  ] Listening on systemd-rfkil…l Switch Status /dev/rfkill Watch.
[    3.858140] usb usb6: Manufacturer: Linux 6.1.75-rt16 ehci_hcd
         Starting systemd-rfkill.se…Load/Save RF Kill Switch Status...
[    3.858145] usb usb6: SerialNumber: fc800000.usb
[  OK  ] Started systemd-rfkill.ser…- Load/Save RF Kill Switch Status.
[    3.858638] hub 6-0:1.0: USB hub found
[  OK  ] Reached target usb-gadget.…m - Hardware activated USB gadget.
[    3.858673] hub 6-0:1.0: 1 port detected
[  OK  ] Finished systemd-fsck@dev-…eck on /dev/disk/by-partlabel/oem.
[    3.865877] ehci-platform fc880000.usb: USB 2.0 started, EHCI 1.00
[  OK  ] Finished systemd-fsck@dev-…n /dev/disk/by-partlabel/userdata.
[    3.866027] usb usb7: New USB device found, idVendor=1d6b, idProduct=0002, bcdDevice= 6.01
         Mounting oem.mount - /oem...
[    3.866037] usb usb7: New USB device strings: Mfr=3, Product=2, SerialNumber=1
         Mounting userdata.mount - /userdata...
[    3.866043] usb usb7: Product: EHCI Host Controller
[  OK  ] Mounted oem.mount - /oem.
[    3.866048] usb usb7: Manufacturer: Linux 6.1.75-rt16 ehci_hcd
[  OK  ] Mounted userdata.mount - /userdata.
[    3.866053] usb usb7: SerialNumber: fc880000.usb
[  OK  ] Reached target local-fs.target - Local File Systems.
[    3.866398] hub 7-0:1.0: USB hub found
         Starting adv-wifibt-init.s…ce - Init Advantech Wifi/BT...
[    3.866417] hub 7-0:1.0: 1 port detected
         Starting bootanim.service - Boot time animation...
[    3.875050] pca953x 4-0073: supply vcc not found, using dummy regulator
         Starting console-setup.ser…m - Set console font and keymap...
[    3.875100] pca953x 4-0073: using no AI
         Starting log-guardian.serv…es when no space left on device...
[    3.875258] pca953x 4-0073: failed writing register
         Starting resize-all.servic…all internal mounted partitions...
[    3.877485] rtc-rs5c372 6-0032: rs5c372a found, 24hr
[  OK  ] Started rockchip.service▒▒tup rockchip platform environment.
[    3.884253] rtc-rs5c372 6-0032: registered as rtc0
         Starting binfmt-support.se…ional executable binary formats...
[    3.885939] rtc-rs5c372 6-0032: setting system clock to 2025-03-24T00:45:38 UTC (1742777138)
         Starting systemd-tmpfiles-…te System Files and Directories...
[    3.905952] usb usb5: New USB device found, idVendor=1d6b, idProduct=0001, bcdDevice= 6.01
         Starting usbdevice.service…m - Manage USB device functions...
[    3.905957] usb usb5: New USB device strings: Mfr=3, Product=2, SerialNumber=1
[  OK  ] Finished console-setup.ser…[0m - Set console font and keymap.
[    3.905960] usb usb5: Product: Generic Platform OHCI controller
[  OK  ] Finished log-guardian.serv…iles when no space left on device.
[    3.905963] usb usb5: Manufacturer: Linux 6.1.75-rt16 ohci_hcd
[  OK  ] Started adv-wifibt-init.service - Init Advantech Wifi/BT.
[    3.905965] usb usb5: SerialNumber: fc840000.usb
[  OK  ] Finished systemd-tmpfiles-…eate System Files and Directories.
[    3.906183] hub 5-0:1.0: USB hub found
         Starting adv-wifibt-init.s…ce - Init Advantech Wifi/BT...
[    3.906192] hub 5-0:1.0: 1 port detected
         Starting async-commit.serv…T for Rockchip BSP kernel > 4.4...
[    3.906937] usb usb8: New USB device found, idVendor=1d6b, idProduct=0001, bcdDevice= 6.01
         Starting modprobe@dm_mod.s…[0m - Load Kernel Module dm_mod...
[    3.906943] usb usb8: New USB device strings: Mfr=3, Product=2, SerialNumber=1
         Starting modprobe@loop.ser…e - Load Kernel Module loop...
[    3.906946] usb usb8: Product: Generic Platform OHCI controller
[  OK  ] Started resolvconf.service… - Nameserver information manager.
[    3.906949] usb usb8: Manufacturer: Linux 6.1.75-rt16 ohci_hcd
[  OK  ] Reached target network-pre…get - Preparation for Network.
[    3.906951] usb usb8: SerialNumber: fc8c0000.usb
         Starting networking.service - Raise network interfaces...
[    3.907164] hub 8-0:1.0: USB hub found
         Starting rkaiq_3A.service▒▒le Rockchip camera engine rkaiq...
[    3.907174] hub 8-0:1.0: 1 port detected
         Starting systemd-update-ut…rd System Boot/Shutdown in UTMP...
[    3.910156] tpm_tis_i2c 6-002e: 2.0 TPM (device-id 0x0, rev-id 78)
[  OK  ] Started bootanim.service - Boot time animation.
[    3.925961] tpm tpm0: A TPM error (256) occurred attempting the self test
[  OK  ] Finished binfmt-support.se…itional executable binary formats.
[    3.925972] tpm tpm0: starting up the TPM manually
[  OK  ] Finished modprobe@dm_mod.s…e - Load Kernel Module dm_mod.
[    4.090587] pca954x 1-0070: probe failed
[  OK  ] Finished modprobe@loop.service - Load Kernel Module loop.
[    4.092105] rkcifhw fdce0000.rkcif: Adding to iommu group 17
[  OK  ] Finished async-commit.serv…MIT for Rockchip BSP kernel > 4.4.
[    4.093459] rkcifhw fdce0000.rkcif: No reserved memory region assign to CIF
[  OK  ] Started rkaiq_3A.service▒▒able Rockchip camera engine rkaiq.
[    4.093689] rkcif rkcif-mipi-lvds: Adding to iommu group 17
[  OK  ] Finished systemd-update-ut…cord System Boot/Shutdown in UTMP.
[    4.093717] rkcif rkcif-mipi-lvds: rkcif driver version: v00.02.00
[  OK  ] Started adv-wifibt-init.service - Init Advantech Wifi/BT.
[    4.093857] rkcif rkcif-mipi-lvds: attach to cif hw node
[  OK  ] Reached target sysinit.target - System Initialization.
[    4.093905] rkcif rkcif-mipi-lvds: rkcif wait line 0
[  OK  ] Started acpid.path - ACPI Events Check.
[    4.093912] rkcif rkcif-mipi-lvds: rkcif fastboot reserve bufs num 3
[  OK  ] Started anacron.timer - Trigger anacron every hour.
[    4.093920] : terminal subdev does not exist
[  OK  ] Started apt-daily.timer - Daily apt download activities.
[    4.093926] : terminal subdev does not exist
[  OK  ] Started apt-daily-upgrade.… apt upgrade and clean activities.
[    4.093930] : terminal subdev does not exist
[  OK  ] Started dpkg-db-backup.tim… Daily dpkg database backup timer.
[    4.093934] : terminal subdev does not exist
[  OK  ] Started e2scrub_all.timer▒▒etadata Check for All Filesystems.
[    4.093938] : get_remote_sensor: video pad[0] is null
[  OK  ] Started fstrim.timer - Discard unused blocks once a week.
[    4.093943] : rkcif_scale_set_fmt: req(40, 30) src out(0, 0)
[  OK  ] Started logrotate.timer - Daily rotation of log files.
[    4.093949] : get_remote_sensor: video pad[0] is null
[  OK  ] Started man-db.timer - Daily man-db regeneration.
[    4.093952] : rkcif_scale_set_fmt: req(40, 30) src out(0, 0)
[  OK  ] Started ntpsec-rotate-stat…mer - Rotate ntpd stats daily.
[    4.093957] : get_remote_sensor: video pad[0] is null
[  OK  ] Started systemd-tmpfiles-c… Cleanup of Temporary Directories.
[    4.093960] : rkcif_scale_set_fmt: req(40, 30) src out(0, 0)
[  OK  ] Reached target paths.target - Path Units.
[    4.093966] : get_remote_sensor: video pad[0] is null
[  OK  ] Reached target timers.target - Timer Units.
[    4.093969] : rkcif_scale_set_fmt: req(40, 30) src out(0, 0)
[  OK  ] Listening on acpid.socket - ACPID Listen Socket.
[    4.095446] rkcif rkcif-mipi-lvds: No memory-region-thunderboot specified
[  OK  ] Listening on dbus.socket▒▒- D-Bus System Message Bus Socket.
[    4.095694] rkcif rkcif-mipi-lvds1: Adding to iommu group 17
         Starting docker.socket - Docker Socket for the API...
[    4.095722] rkcif rkcif-mipi-lvds1: rkcif driver version: v00.02.00
[  OK  ] Listening on uuidd.socket▒▒m - UUID daemon activation socket.
[    4.095835] rkcif rkcif-mipi-lvds1: attach to cif hw node
[  OK  ] Listening on docker.socket - Docker Socket for the API.
[    4.095840] rkcif rkcif-mipi-lvds1: rkcif wait line 0
[  OK  ] Reached target sockets.target - Socket Units.
[    4.095845] rkcif rkcif-mipi-lvds1: rkcif fastboot reserve bufs num 3
[  OK  ] Reached target basic.target - Basic System.
[    4.095852] : terminal subdev does not exist
[  OK  ] Started acpid.service - ACPI event daemon.
[    4.095857] : terminal subdev does not exist
[  OK  ] Started adv-sd-boot.service - Init Advantech SD Boot.
[    4.095861] : terminal subdev does not exist
[  OK  ] Started advinit.service▒▒- Setup advantech init enviroment.
[    4.095907] : terminal subdev does not exist
[  OK  ] Started adv-boot-times.service - Advantech boot times.
[    4.095912] : get_remote_sensor: video pad[0] is null
[  OK  ] Started adv-cellular-daemo…itor cellular module & SIM status.
[    4.095916] : rkcif_scale_set_fmt: req(40, 30) src out(0, 0)
[  OK  ] Started adv-hailo.service - Advantech hailo.
[    4.095922] : get_remote_sensor: video pad[0] is null
[  OK  ] Started adv-pcie-lan.service - Advantech pcie lan.
[    4.095925] : rkcif_scale_set_fmt: req(40, 30) src out(0, 0)
[  OK  ] Started adv-uio.service - Advantech UIO Service.
[    4.095931] : get_remote_sensor: video pad[0] is null
         Starting alsa-restore.serv…- Save/Restore Sound Card State...
[    4.095933] : rkcif_scale_set_fmt: req(40, 30) src out(0, 0)
[  OK  ] Started anacron.service - Run anacron jobs.
[    4.095939] : get_remote_sensor: video pad[0] is null
         Starting atd.service - Deferred execution scheduler...
[    4.095942] : rkcif_scale_set_fmt: req(40, 30) src out(0, 0)
         Starting blueman-mechanism… Bluetooth management mechanism...
[    4.097412] rkcif rkcif-mipi-lvds1: No memory-region-thunderboot specified
[  OK  ] Started cron.service -…kground program processing daemon.
[    4.097667] rkcif rkcif-mipi-lvds2: Adding to iommu group 17
         Starting dbus.service - D-Bus System Message Bus...
[    4.097694] rkcif rkcif-mipi-lvds2: rkcif driver version: v00.02.00
         Starting e2scrub_reap.serv…e ext4 Metadata Check Snapshots...
[    4.097805] rkcif rkcif-mipi-lvds2: attach to cif hw node
[  OK  ] Started input-event-daemon.service - Input Event Daemon.
[    4.097810] rkcif rkcif-mipi-lvds2: rkcif wait line 0
[  OK  ] Started irqbalance.service - irqbalance daemon.
[    4.097815] rkcif rkcif-mipi-lvds2: rkcif fastboot reserve bufs num 3
         Starting loadcpufreq.servi…eeded to enable cpufreq scaling...
[    4.097822] : terminal subdev does not exist
[  OK  ] Started lttng-sessiond.service - LTTng session daemon.
[    4.097827] : terminal subdev does not exist
[  OK  ] Started ntpsec-systemd-netif.service.
[    4.097831] : terminal subdev does not exist
         Starting polkit.service - Authorization Manager...
[    4.097835] : terminal subdev does not exist
         Starting rsyslog.service - System Logging Service...
[    4.097838] : get_remote_sensor: video pad[0] is null
         Starting slcanfd-socket@ttyACM0.service...
[    4.097841] : rkcif_scale_set_fmt: req(40, 30) src out(0, 0)
         Starting slcanfd-socket@ttyACM1.service...
[    4.097847] : get_remote_sensor: video pad[0] is null
         Starting systemd-logind.se…ice - User Login Management...
[    4.097850] : rkcif_scale_set_fmt: req(40, 30) src out(0, 0)
         Starting udisks2.service - Disk Manager...
[    4.097856] : get_remote_sensor: video pad[0] is null
[  OK  ] Finished alsa-restore.serv…m - Save/Restore Sound Card State.
[    4.097859] : rkcif_scale_set_fmt: req(40, 30) src out(0, 0)
[  OK  ] Started atd.service - Deferred execution scheduler.
[    4.097868] usb 6-1: new high-speed USB device number 2 using ehci-platform
[  OK  ] Reached target sound.target - Sound Card.
[    4.097907] : get_remote_sensor: video pad[0] is null
[  OK  ] Finished resize-all.servic…e all internal mounted partitions.
[    4.097911] : rkcif_scale_set_fmt: req(40, 30) src out(0, 0)
[  OK  ] Started rsyslog.service - System Logging Service.
[    4.099400] rkcif rkcif-mipi-lvds2: No memory-region-thunderboot specified
[  OK  ] Started slcanfd-socket@ttyACM0.service.
[    4.099931] rkcif rkcif-mipi-lvds4: Adding to iommu group 17
[  OK  ] Finished e2scrub_reap.serv…ine ext4 Metadata Check Snapshots.
[    4.099960] rkcif rkcif-mipi-lvds4: rkcif driver version: v00.02.00
[  OK  ] Started slcanfd-socket@ttyACM1.service.
[    4.100071] rkcif rkcif-mipi-lvds4: attach to cif hw node
[  OK  ] Started dbus.service - D-Bus System Message Bus.
[    4.100076] rkcif rkcif-mipi-lvds4: rkcif wait line 0
         Starting NetworkManager.service - Network Manager...
[    4.100081] rkcif rkcif-mipi-lvds4: rkcif fastboot reserve bufs num 3
         Starting wpa_supplicant.service - WPA supplicant...
[    4.100088] : terminal subdev does not exist
[  OK  ] Started loadcpufreq.servic… needed to enable cpufreq scaling.
[    4.100092] : terminal subdev does not exist
[  OK  ] Started systemd-logind.service - User Login Management.
[    4.100096] : terminal subdev does not exist
         Starting cpufrequtils.serv…: set CPUFreq kernel parameters...
[    4.100101] : terminal subdev does not exist
[  OK  ] Started polkit.service - Authorization Manager.
[    4.100104] : get_remote_sensor: video pad[0] is null
         Starting ModemManager.service - Modem Manager...
[    4.100107] : rkcif_scale_set_fmt: req(40, 30) src out(0, 0)
[  OK  ] Started wpa_supplicant.service - WPA supplicant.
[    4.100113] : get_remote_sensor: video pad[0] is null
[  OK  ] Started cpufrequtils.servi…SB: set CPUFreq kernel parameters.
[    4.100116] : rkcif_scale_set_fmt: req(40, 30) src out(0, 0)
[  OK  ] Finished networking.service - Raise network interfaces.
[    4.100121] : get_remote_sensor: video pad[0] is null
[  OK  ] Started udisks2.service - Disk Manager.
[    4.100124] : rkcif_scale_set_fmt: req(40, 30) src out(0, 0)
[  OK  ] Started NetworkManager.service - Network Manager.
[    4.100129] : get_remote_sensor: video pad[0] is null
[  OK  ] Reached target network.target - Network.
[    4.100132] : rkcif_scale_set_fmt: req(40, 30) src out(0, 0)
[  OK  ] Reached target network-online.target - Network is Online.
[    4.101604] rkcif rkcif-mipi-lvds4: No memory-region-thunderboot specified
         Starting containerd.servic… - containerd container runtime...
[    4.103704] rockchip-mipi-csi2-hw fdd10000.mipi0-csi2-hw: enter mipi csi2 hw probe!
         Starting mosquitto.service - Mosquitto MQTT Broker...
[    4.104122] rockchip-mipi-csi2-hw fdd10000.mipi0-csi2-hw: probe success, v4l2_dev:mipi0-csi2-hw!
         Starting ntpsec.service - Network Time Service...
[    4.104192] rockchip-mipi-csi2-hw fdd20000.mipi1-csi2-hw: enter mipi csi2 hw probe!
         Starting nvmf-autoconnect.…stems automatically during boot...
[    4.104511] rockchip-mipi-csi2-hw fdd20000.mipi1-csi2-hw: probe success, v4l2_dev:mipi1-csi2-hw!
         Starting openvpn.service - OpenVPN service...
[    4.104578] rockchip-mipi-csi2-hw fdd30000.mipi2-csi2-hw: enter mipi csi2 hw probe!
         Starting rc-local.service▒▒m - /etc/rc.local Compatibility...
[    4.104945] rockchip-mipi-csi2-hw fdd30000.mipi2-csi2-hw: probe success, v4l2_dev:mipi2-csi2-hw!
         Starting ssh.service - OpenBSD Secure Shell server...
[    4.105032] rockchip-mipi-csi2-hw fdd40000.mipi3-csi2-hw: enter mipi csi2 hw probe!
[  OK  ] Started strongswan-starter…Ev1/IKEv2 daemon using ipsec.conf.
[    4.105404] rockchip-mipi-csi2-hw fdd40000.mipi3-csi2-hw: probe success, v4l2_dev:mipi3-csi2-hw!
         Starting systemd-user-sess…vice - Permit User Sessions...
[    4.105472] rockchip-mipi-csi2-hw fdd50000.mipi4-csi2-hw: enter mipi csi2 hw probe!
         Starting xl2tpd.service▒▒yer 2 tunelling protocol daemon...
[    4.105801] rockchip-mipi-csi2-hw fdd50000.mipi4-csi2-hw: probe success, v4l2_dev:mipi4-csi2-hw!
[FAILED] Failed to start nvmf-autoc…systems automatically during boot.
[    4.105909] rockchip-mipi-csi2-hw fdd60000.mipi5-csi2-hw: enter mipi csi2 hw probe!
See 'systemctl status nvmf-autoconnect.service' for details.
[    4.106232] rockchip-mipi-csi2-hw fdd60000.mipi5-csi2-hw: probe success, v4l2_dev:mipi5-csi2-hw!
[  OK  ] Finished openvpn.service - OpenVPN service.
[    4.107200] rockchip-mipi-csi2 mipi0-csi2: attach to csi2 hw node
[  OK  ] Started rc-local.service - /etc/rc.local Compatibility.
[    4.107237] rkcif rkcif-mipi-lvds: Entity type for entity rockchip-mipi-csi2 was not initialized!
[  OK  ] Finished systemd-user-sess…ervice - Permit User Sessions.
[    4.107246] rockchip-mipi-csi2: Async registered subdev
[  OK  ] Started getty@tty1.service - Getty on tty1.
[    4.107249] rockchip-mipi-csi2: probe success, v4l2_dev:rkcif-mipi-lvds!
[  OK  ] Started lxdm.service - LXDE Display Manager.
[    4.107764] rockchip-mipi-csi2 mipi1-csi2: attach to csi2 hw node
[  OK  ] Started serial-getty@ttyFI…ice - Serial Getty on ttyFIQ0.
[    4.107798] rkcif rkcif-mipi-lvds1: Entity type for entity rockchip-mipi-csi2 was not initialized!
[  OK  ] Reached target getty.target - Login Prompts.
[    4.107806] rockchip-mipi-csi2: Async registered subdev
[  OK  ] Started adv_bootprocess.service - ADV timer detect.
[    4.107809] rockchip-mipi-csi2: probe success, v4l2_dev:rkcif-mipi-lvds1!
         Starting systemd-hostnamed.service - Hostname Service...
[    4.108285] rockchip-mipi-csi2 mipi2-csi2: attach to csi2 hw node
[  OK  ] Started xl2tpd.service…layer 2 tunelling protocol daemon.
[    4.108321] rkcif rkcif-mipi-lvds2: Entity type for entity rockchip-mipi-csi2 was not initialized!
[  OK  ] Started ntpsec.service - Network Time Service.
[    4.108328] rockchip-mipi-csi2: Async registered subdev
[  OK  ] Finished usbdevice.service - Manage USB device functions.
[    4.108331] rockchip-mipi-csi2: probe success, v4l2_dev:rkcif-mipi-lvds2!
[  OK  ] Started mosquitto.service - Mosquitto MQTT Broker.
[    4.108767] rockchip-mipi-csi2 mipi4-csi2: attach to csi2 hw node
[  OK  ] Started ModemManager.service - Modem Manager.
[    4.108801] rkcif rkcif-mipi-lvds4: Entity type for entity rockchip-mipi-csi2 was not initialized!
[  OK  ] Started ssh.service - OpenBSD Secure Shell server.
[    4.108809] rockchip-mipi-csi2: Async registered subdev
[  OK  ] Started systemd-hostnamed.service - Hostname Service.
[    4.108812] rockchip-mipi-csi2: probe success, v4l2_dev:rkcif-mipi-lvds4!
         Starting NetworkManager-di…nager Script Dispatcher Service...
[    4.110726] rkisp_hw fdcb0000.rkisp: Adding to iommu group 15
[  OK  ] Started NetworkManager-dis…Manager Script Dispatcher Service.
[    4.111028] rkisp_hw fdcb0000.rkisp: is_thunderboot: 0
[  OK  ] Started containerd.service…0m - containerd container runtime.
[    4.111036] rkisp_hw fdcb0000.rkisp: Missing rockchip,grf property
         Starting docker.service▒▒er Application Container Engine...
[    4.111060] rkisp_hw fdcb0000.rkisp: max input:0x0@0fps
[  OK  ] Started blueman-mechanism.… - Bluetooth management mechanism.
[    4.111591] rkisp_hw fdcb0000.rkisp: no find phandle sram
         Stopping ntpsec.service - Network Time Service...
[    4.111809] rkisp_hw fdcc0000.rkisp: Adding to iommu group 16
[  OK  ] Stopped ntpsec.service - Network Time Service.
[    4.112153] rkisp_hw fdcc0000.rkisp: is_thunderboot: 0
         Starting ntpsec.service - Network Time Service...
[    4.112161] rkisp_hw fdcc0000.rkisp: Missing rockchip,grf property
[  OK  ] Started ntpsec.service - Network Time Service.
[    4.112183] rkisp_hw fdcc0000.rkisp: max input:0x0@0fps
         Stopping ntpsec.service - Network Time Service...
[    4.112719] rkisp_hw fdcc0000.rkisp: no find phandle sram
[  OK  ] Stopped ntpsec.service - Network Time Service.
[    4.113227] rkisp rkisp0-vir0: rkisp driver version: v02.06.00
         Starting ntpsec.service - Network Time Service...
[    4.113349] rkisp rkisp0-vir0: No memory-region-thunderboot specified
[  OK  ] Started ntpsec.service - Network Time Service.
[    4.113472] rkisp rkisp0-vir0: Entity type for entity rkisp-isp-subdev was not initialized!
[  OK  ] Started docker.service…cker Application Container Engine.
[    4.114769] rkisp rkisp0-vir1: rkisp driver version: v02.06.00
[  OK  ] Reached target multi-user.target - Multi-User System.
[    4.114905] rkisp rkisp0-vir1: No memory-region-thunderboot specified
[  OK  ] Reached target graphical.target - Graphical Interface.
[    4.115017] rkisp rkisp0-vir1: Entity type for entity rkisp-isp-subdev was not initialized!
         Starting systemd-update-ut… Record Runlevel Change in UTMP...
[    4.116353] rkisp rkisp1-vir0: rkisp driver version: v02.06.00
[  OK  ] Finished systemd-update-ut… - Record Runlevel Change in UTMP.
[    4.116474] rkisp rkisp1-vir0: No memory-region-thunderboot specified
root@linaro-alip:/# [    4.116586] rkisp rkisp1-vir0: Entity type for entity rkisp-isp-subdev was not initialized!
[    4.117942] rkisp rkisp1-vir1: rkisp driver version: v02.06.00
[    4.118039] rkisp rkisp1-vir1: No memory-region-thunderboot specified
[    4.118154] rkisp rkisp1-vir1: Entity type for entity rkisp-isp-subdev was not initialized!
[    4.121228] usbcore: registered new interface driver uvcvideo
[    4.195995] adv-wdt-i2c 7-0029: Advantech MSP430 Watchdog Timer enabled. timeout=60s (nowayout=0), Ver.17
[    4.196361] device-mapper: ioctl: 4.47.0-ioctl (2022-07-28) initialised: dm-devel@redhat.com
[    4.196666] Bluetooth: HCI UART driver ver 2.3
[    4.196672] Bluetooth: HCI UART protocol H4 registered
[    4.196675] Bluetooth: HCI UART protocol ATH3K registered
[    4.196734] usbcore: registered new interface driver bfusb
[    4.198328] cpu cpu0: bin=0
[    4.198521] cpu cpu0: leakage=15
[    4.200198] cpu cpu0: pvtm=1480
[    4.200521] cpu cpu0: pvtm-volt-sel=3
[    4.203088] cpu cpu4: bin=0
[    4.203279] cpu cpu4: leakage=12
[    4.210116] cpu cpu4: pvtm=1725
[    4.214331] cpu cpu4: pvtm-volt-sel=5
[    4.217482] cpu cpu6: bin=0
[    4.217671] cpu cpu6: leakage=12
[    4.224434] cpu cpu6: pvtm=1714
[    4.228581] cpu cpu6: pvtm-volt-sel=5
[    4.230461] usb 6-1: New USB device found, idVendor=1a86, idProduct=8091, bcdDevice=12.10
[    4.230466] usb 6-1: New USB device strings: Mfr=0, Product=2, SerialNumber=0
[    4.230469] usb 6-1: Product: USB HUB
[    4.230763] hub 6-1:1.0: USB hub found
[    4.230834] hub 6-1:1.0: 4 ports detected
[    4.231690] cpu cpu0: avs=0
[    4.234146] cpu cpu4: avs=0
[    4.236426] cpu cpu6: avs=0
[    4.236626] cpu cpu0: l=15000 h=85000 hyst=5000 l_limit=0 h_limit=1608000000 h_table=0
[    4.237197] cpu cpu0: EM: created perf domain
[    4.237677] cpu cpu4: l=15000 h=85000 hyst=5000 l_limit=0 h_limit=2208000000 h_table=0
[    4.245814] cpu cpu4: EM: created perf domain
[    4.252389] cpu cpu6: l=15000 h=85000 hyst=5000 l_limit=0 h_limit=2208000000 h_table=0
[    4.260565] cpu cpu6: EM: created perf domain
[    4.267291] sdhci: Secure Digital Host Controller Interface driver
[    4.267293] sdhci: Copyright(c) Pierre Ossman
[    4.267294] Synopsys Designware Multimedia Card Interface Driver
[    4.267768] sdhci-pltfm: SDHCI platform and OF driver helper
[    4.267889] dwmmc_rockchip fe2c0000.mmc: No normal pinctrl state
[    4.267891] dwmmc_rockchip fe2c0000.mmc: No idle pinctrl state
[    4.267929] dwmmc_rockchip fe2c0000.mmc: IDMAC supports 32-bit address mode.
[    4.267936] dwmmc_rockchip fe2c0000.mmc: Using internal DMA controller.
[    4.267938] dwmmc_rockchip fe2c0000.mmc: Version ID is 270a
[    4.267996] dwmmc_rockchip fe2c0000.mmc: DW MMC controller at irq 136,32 bit host data width,256 deep fifo
[    4.268702] mmc0: CQHCI version 5.10
[    4.268833] arm-scmi firmware:scmi: Failed. SCMI protocol 17 not active.
[    4.268912] SMCCC: SOC_ID: ARCH_SOC_ID not implemented, skipping ....
[    4.269432] cryptodev: driver 1.12 loaded.
[    4.269461] hid: raw HID events driver (C) Jiri Kosina
[    4.269620] usbcore: registered new interface driver usbhid
[    4.269623] usbhid: USB HID core driver
[    4.272410] optee: probing for conduit method.
[    4.272419] optee: revision 3.13 (185dc3c9)
[    4.272481] optee: dynamic shared memory is enabled
[    4.272526] optee: initialized driver
[    4.272704] usbcore: registered new interface driver snd-usb-audio
[    4.273559] es8326 4-0018: Failed to request IRQ: 0: -22
[    4.274603] rockchip-i2s-tdm fddf0000.i2s: CLK-ALWAYS-ON: mclk: 12288000, bclk: 3072000, fsync: 48000
[    4.274920] rockchip-i2s-tdm fe470000.i2s: Register PCM for TRCM mode
[    4.275124] rockchip-i2s-tdm fddf4000.i2s: CLK-ALWAYS-ON: mclk: 12288000, bclk: 3072000, fsync: 48000
[    4.276387] input: rockchip-hdmi0 rockchip-hdmi0 as /devices/platform/hdmi0-sound/sound/card0/input1
[    4.277586] IPVS: Registered protocols (TCP, UDP)
[    4.277608] IPVS: Connection hash table configured (size=4096, memory=32Kbytes)
[    4.277687] IPVS: ipvs loaded.
[    4.277690] IPVS: [rr] scheduler registered.
[    4.277741] ipip: IPv4 and MPLS over IPv4 tunneling driver
[    4.278056] Initializing XFRM netlink socket
[    4.278373] NET: Registered PF_INET6 protocol family
[    4.279000] Segment Routing with IPv6
[    4.279012] In-situ OAM (IOAM) with IPv6
[    4.279080] NET: Registered PF_PACKET protocol family
[    4.279088] NET: Registered PF_KEY protocol family
[    4.279118] Bridge firewalling registered
[    4.279121] can: controller area network core
[    4.279145] NET: Registered PF_CAN protocol family
[    4.279148] can: raw protocol
[    4.279152] can: broadcast manager protocol
[    4.279157] can: netlink gateway - max_hops=1
[    4.279264] Bluetooth: RFCOMM socket layer initialized
[    4.279273] Bluetooth: RFCOMM ver 1.11
[    4.279279] Bluetooth: HIDP (Human Interface Emulation) ver 1.2
[    4.279284] Bluetooth: HIDP socket layer initialized
[    4.279345] NET: Registered PF_RXRPC protocol family
[    4.279350] Key type rxrpc registered
[    4.279352] Key type rxrpc_s registered
[    4.279362] 8021q: 802.1Q VLAN Support v1.8
[    4.279376] [BT_RFKILL]: Enter rfkill_rk_init
[    4.279378] [WLAN_RFKILL]: Enter rfkill_wlan_init
[    4.279547] [WLAN_RFKILL]: Enter rfkill_wlan_probe
[    4.279563] [WLAN_RFKILL]: can't find rockchip,grf property
[    4.279565] [WLAN_RFKILL]: wlan_platdata_parse_dt: wifi_chip_type =
[    4.279568] [WLAN_RFKILL]: wlan_platdata_parse_dt: enable wifi power control.
[    4.279569] [WLAN_RFKILL]: wlan_platdata_parse_dt: wifi power controled by gpio.
[    4.279589] [WLAN_RFKILL]: wlan_platdata_parse_dt: WIFI,reset_gpio = 28, flags = 0.
[    4.279598] [WLAN_RFKILL]: wlan_platdata_parse_dt: The ref_wifi_clk not found !
[    4.279600] [WLAN_RFKILL]: rfkill_wlan_probe: init gpio
[    4.279609] [WLAN_RFKILL]: rfkill_set_wifi_bt_power: 1
[    4.279612] [WLAN_RFKILL]: Exit rfkill_wlan_probe
[    4.279925] [BT_RFKILL]: bluetooth_platdata_parse_dt: uart_rts_gpios is no-in-use.
[    4.279938] [BT_RFKILL]: bluetooth_platdata_parse_dt: get property: BT,reset_gpio = 29.
[    4.279950] [BT_RFKILL]: bluetooth_platdata_parse_dt: clk_get failed!!!.
[    4.280029] [BT_RFKILL]: bt_default device registered.
[    4.280111] input: bt-powerkey as /devices/platform/wireless-bluetooth/input/input2
[    4.280227] Key type dns_resolver registered
[    4.280752] mmc_host mmc1: Bus speed (slot 0) = 400000Hz (slot req 400000Hz, actual 400000HZ div = 0)
[    4.280974] Loading compiled-in X.509 certificates
[    4.282282] Btrfs loaded, crc32c=crc32c-generic, zoned=no, fsverity=no
[    4.282362] pstore: Using crash dump compression: deflate
[    4.285048] rga3 fdb60000.rga: Adding to iommu group 2
[    4.285327] rga3 fdb60000.rga: probe successfully, irq = 50, hw_version:3.0.76831
[    4.285374] rga3 fdb70000.rga: Adding to iommu group 3
[    4.285564] rga3 fdb70000.rga: probe successfully, irq = 51, hw_version:3.0.76831
[    4.285899] rga2 fdb80000.rga: probe successfully, irq = 143, hw_version:3.2.63318
[    4.285951] rga_iommu: IOMMU binding successfully, default mapping core[0x1]
[    4.286010] rga: Module initialized. v1.3.4
[    4.297705] mpp_vdpu1 fdb51000.avsd-plus: Adding to iommu group 1
[    4.297884] mpp_vdpu1 fdb51000.avsd-plus: probe device
[    4.297979] mpp_vdpu1 fdb51000.avsd-plus: reset_group->rw_sem_on=0
[    4.297982] mpp_vdpu1 fdb51000.avsd-plus: reset_group->rw_sem_on=0
[    4.298070] mpp_vdpu1 fdb51000.avsd-plus: probing finish
[    4.298146] mpp_vdpu2 fdb50400.vdpu: Adding to iommu group 1
[    4.298171] mpp_vdpu2 fdb50400.vdpu: probe device
[    4.298209] mpp_vdpu2 fdb50400.vdpu: reset_group->rw_sem_on=0
[    4.298211] mpp_vdpu2 fdb50400.vdpu: reset_group->rw_sem_on=0
[    4.298258] mpp_vdpu2 fdb50400.vdpu: probing finish
[    4.298314] mpp_vepu2 fdb50000.vepu: Adding to iommu group 1
[    4.298336] mpp_vepu2 fdb50000.vepu: probing start
[    4.298384] mpp_vepu2 fdb50000.vepu: reset_group->rw_sem_on=0
[    4.298385] mpp_vepu2 fdb50000.vepu: reset_group->rw_sem_on=0
[    4.298433] mpp_vepu2 fdb50000.vepu: probing finish
[    4.298484] mpp_vepu2 fdba0000.jpege-core: Adding to iommu group 5
[    4.298524] mpp_vepu2 fdba0000.jpege-core: probing start
[    4.298582] mpp_vepu2 fdba0000.jpege-core: attach ccu success
[    4.298630] mpp_vepu2 fdba0000.jpege-core: probing finish
[    4.298680] mpp_vepu2 fdba4000.jpege-core: Adding to iommu group 6
[    4.298719] mpp_vepu2 fdba4000.jpege-core: probing start
[    4.298771] mpp_vepu2 fdba4000.jpege-core: attach ccu success
[    4.298826] mpp_vepu2 fdba4000.jpege-core: probing finish
[    4.298895] mpp_vepu2 fdba8000.jpege-core: Adding to iommu group 7
[    4.298933] mpp_vepu2 fdba8000.jpege-core: probing start
[    4.298985] mpp_vepu2 fdba8000.jpege-core: attach ccu success
[    4.299033] mpp_vepu2 fdba8000.jpege-core: probing finish
[    4.299096] mpp_vepu2 fdbac000.jpege-core: Adding to iommu group 8
[    4.299134] mpp_vepu2 fdbac000.jpege-core: probing start
[    4.299187] mpp_vepu2 fdbac000.jpege-core: attach ccu success
[    4.299235] mpp_vepu2 fdbac000.jpege-core: probing finish
[    4.299294] mpp-iep2 fdbb0000.iep: Adding to iommu group 9
[    4.299333] mpp-iep2 fdbb0000.iep: probe device
[    4.299393] mpp-iep2 fdbb0000.iep: allocate roi buffer failed
[    4.299436] mpp-iep2 fdbb0000.iep: probing finish
[    4.299469] mmc0: SDHCI controller on fe2e0000.mmc [fe2e0000.mmc] using ADMA
[    4.299500] mpp_jpgdec fdb90000.jpegd: Adding to iommu group 4
[    4.299593] mpp_jpgdec fdb90000.jpegd: probe device
[    4.299700] mpp_jpgdec fdb90000.jpegd: probing finish
[    4.299768] mpp_rkvdec2 fdc38100.rkvdec-core: Adding to iommu group 12
[    4.299911] mpp_rkvdec2 fdc38100.rkvdec-core: rkvdec-core, probing start
[    4.299975] mpp_rkvdec2 fdc38100.rkvdec-core: shared_niu_a is not found!
[    4.299976] rkvdec2_init:1197: No niu aclk reset resource define
[    4.299977] mpp_rkvdec2 fdc38100.rkvdec-core: shared_niu_h is not found!
[    4.299978] rkvdec2_init:1200: No niu hclk reset resource define
[    4.299996] mpp_rkvdec2 fdc38100.rkvdec-core: no regulator, devfreq is disabled
[    4.300031] mpp_rkvdec2 fdc38100.rkvdec-core: core_mask=00010001
[    4.300032] mpp_rkvdec2 fdc38100.rkvdec-core: attach ccu as core 0
[    4.300130] mpp_rkvdec2 fdc38100.rkvdec-core: sram_start 0x00000000ff001000
[    4.300131] mpp_rkvdec2 fdc38100.rkvdec-core: rcb_iova 0x00000000fff00000
[    4.300132] mpp_rkvdec2 fdc38100.rkvdec-core: sram_size 491520
[    4.300134] mpp_rkvdec2 fdc38100.rkvdec-core: rcb_size 1048576
[    4.300135] mpp_rkvdec2 fdc38100.rkvdec-core: min_width 512
[    4.300136] mpp_rkvdec2 fdc38100.rkvdec-core: rcb_info_count 20
[    4.300137] mpp_rkvdec2 fdc38100.rkvdec-core: [136, 24576]
[    4.300139] mpp_rkvdec2 fdc38100.rkvdec-core: [137, 49152]
[    4.300140] mpp_rkvdec2 fdc38100.rkvdec-core: [141, 90112]
[    4.300141] mpp_rkvdec2 fdc38100.rkvdec-core: [140, 49152]
[    4.300142] mpp_rkvdec2 fdc38100.rkvdec-core: [139, 180224]
[    4.300143] mpp_rkvdec2 fdc38100.rkvdec-core: [133, 49152]
[    4.300144] mpp_rkvdec2 fdc38100.rkvdec-core: [134, 8192]
[    4.300145] mpp_rkvdec2 fdc38100.rkvdec-core: [135, 4352]
[    4.300146] mpp_rkvdec2 fdc38100.rkvdec-core: [138, 13056]
[    4.300147] mpp_rkvdec2 fdc38100.rkvdec-core: [142, 291584]
[    4.300206] mpp_rkvdec2 fdc38100.rkvdec-core: probing finish
[    4.300264] mpp_rkvdec2 fdc48100.rkvdec-core: Adding to iommu group 13
[    4.300370] mpp_rkvdec2 fdc48100.rkvdec-core: rkvdec-core, probing start
[    4.300430] mpp_rkvdec2 fdc48100.rkvdec-core: shared_niu_a is not found!
[    4.300432] rkvdec2_init:1197: No niu aclk reset resource define
[    4.300433] mpp_rkvdec2 fdc48100.rkvdec-core: shared_niu_h is not found!
[    4.300434] rkvdec2_init:1200: No niu hclk reset resource define
[    4.300445] mpp_rkvdec2 fdc48100.rkvdec-core: no regulator, devfreq is disabled
[    4.300470] mpp_rkvdec2 fdc48100.rkvdec-core: core_mask=00020002
[    4.300482] mpp_rkvdec2 fdc48100.rkvdec-core: attach ccu as core 1
[    4.300586] mpp_rkvdec2 fdc48100.rkvdec-core: sram_start 0x00000000ff079000
[    4.300587] mpp_rkvdec2 fdc48100.rkvdec-core: rcb_iova 0x00000000ffe00000
[    4.300588] mpp_rkvdec2 fdc48100.rkvdec-core: sram_size 487424
[    4.300589] mpp_rkvdec2 fdc48100.rkvdec-core: rcb_size 1048576
[    4.300590] mpp_rkvdec2 fdc48100.rkvdec-core: min_width 512
[    4.300591] mpp_rkvdec2 fdc48100.rkvdec-core: rcb_info_count 20
[    4.300593] mpp_rkvdec2 fdc48100.rkvdec-core: [136, 24576]
[    4.300593] mpp_rkvdec2 fdc48100.rkvdec-core: [137, 49152]
[    4.300595] mpp_rkvdec2 fdc48100.rkvdec-core: [141, 90112]
[    4.300596] mpp_rkvdec2 fdc48100.rkvdec-core: [140, 49152]
[    4.300597] mpp_rkvdec2 fdc48100.rkvdec-core: [139, 180224]
[    4.300598] mpp_rkvdec2 fdc48100.rkvdec-core: [133, 49152]
[    4.300599] mpp_rkvdec2 fdc48100.rkvdec-core: [134, 8192]
[    4.300600] mpp_rkvdec2 fdc48100.rkvdec-core: [135, 4352]
[    4.300601] mpp_rkvdec2 fdc48100.rkvdec-core: [138, 13056]
[    4.300602] mpp_rkvdec2 fdc48100.rkvdec-core: [142, 291584]
[    4.300653] mpp_rkvdec2 fdc48100.rkvdec-core: probing finish
[    4.300717] mpp_rkvenc2 fdbd0000.rkvenc-core: Adding to iommu group 10
[    4.300798] mpp_rkvenc2 fdbd0000.rkvenc-core: probing start
[    4.301007] mpp_rkvenc2 fdbd0000.rkvenc-core: bin=0
[    4.301189] mpp_rkvenc2 fdbd0000.rkvenc-core: leakage=19
[    4.301191] mpp_rkvenc2 fdbd0000.rkvenc-core: leakage-volt-sel=1
[    4.301853] mpp_rkvenc2 fdbd0000.rkvenc-core: avs=0
[    4.301858] mpp_rkvenc2 fdbd0000.rkvenc-core: l=-2147483648 h=2147483647 hyst=0 l_limit=0 h_limit=0 h_table=0
[    4.302042] mpp_rkvenc2 fdbd0000.rkvenc-core: attach ccu as core 0
[    4.302055] mpp_rkvenc2 fdbd0000.rkvenc-core: probing finish
[    4.302122] mpp_rkvenc2 fdbe0000.rkvenc-core: Adding to iommu group 11
[    4.302208] mpp_rkvenc2 fdbe0000.rkvenc-core: probing start
[    4.302374] mpp_rkvenc2 fdbe0000.rkvenc-core: bin=0
[    4.302540] mpp_rkvenc2 fdbe0000.rkvenc-core: leakage=19
[    4.302542] mpp_rkvenc2 fdbe0000.rkvenc-core: leakage-volt-sel=1
[    4.303187] mpp_rkvenc2 fdbe0000.rkvenc-core: avs=0
[    4.303190] mpp_rkvenc2 fdbe0000.rkvenc-core: l=-2147483648 h=2147483647 hyst=0 l_limit=0 h_limit=0 h_table=0
[    4.303329] mpp_rkvenc2 fdbe0000.rkvenc-core: attach ccu as core 1
[    4.303341] mpp_rkvenc2 fdbe0000.rkvenc-core: probing finish
[    4.303771] mali fb000000.gpu: Kernel DDK version g21p0-01eac0
[    4.303860] mali fb000000.gpu: GPU metrics tracepoint support enabled
[    4.304358] mali fb000000.gpu: bin=0
[    4.304533] mali fb000000.gpu: leakage=22
[    4.304557] debugfs: Directory 'fb000000.gpu-mali' with parent 'vdd_gpu_s0' already present!
[    4.305855] mali fb000000.gpu: pvtm=859
[    4.305927] mali fb000000.gpu: pvtm-volt-sel=2
[    4.305947] debugfs: Directory 'fb000000.gpu-mali' with parent 'vdd_gpu_s0' already present!
[    4.306688] mali fb000000.gpu: avs=0
[    4.306696] W : [File] : drivers/gpu/arm/bifrost/platform/rk/mali_kbase_config_rk.c; [Line] : 144; [Func] : kbase_platform_rk_init(); power-off-delay-ms not available.
[    4.306806] mali fb000000.gpu: Register LUT 000a0800 initialized for GPU arch 0x000a0806
[    4.306814] mali fb000000.gpu: r0p0 status 5 not found in HW issues table;
[    4.306816] mali fb000000.gpu: falling back to closest match: r0p0 status 0
[    4.306818] mali fb000000.gpu: Execution proceeding normally with fallback match
[    4.306819] mali fb000000.gpu: GPU identified as 0x7 arch 10.8.6 r0p0 status 0
[    4.307071] mali fb000000.gpu: No priority control manager is configured
[    4.307075] mali fb000000.gpu: Large page allocation set to false after hardware feature check
[    4.307204] mali fb000000.gpu: No memory group manager is configured
[    4.307229] mali fb000000.gpu: Protected memory allocator not available
[    4.308123] mali fb000000.gpu: EM: created perf domain
[    4.308277] mali fb000000.gpu: l=15000 h=85000 hyst=5000 l_limit=0 h_limit=800000000 h_table=0
[    4.308554] mali fb000000.gpu: * MALI kbase_mmap_min_addr compiled to CONFIG_DEFAULT_MMAP_MIN_ADDR, no runtime update possible! *
[    4.308556] mali fb000000.gpu: Probed as mali0
[    4.362844] mmc0: Command Queue Engine enabled
[    4.362851] mmc0: new HS400 Enhanced strobe MMC card at address 0001
[    4.363214] mmcblk0: mmc0:0001 DA6032 29.1 GiB
[    4.366362]  mmcblk0: p1 p2 p3 p4 p5 p6 p7 p8
[    4.367143] mmcblk0boot0: mmc0:0001 DA6032 4.00 MiB
[    4.367814] mmcblk0boot1: mmc0:0001 DA6032 4.00 MiB
[    4.368469] mmcblk0rpmb: mmc0:0001 DA6032 4.00 MiB, chardev (236:0)
[    4.414101] vendor storage:20190527 ret = 0
[    4.514873] usb 6-1.2: new full-speed USB device number 3 using ehci-platform
[    4.608207] usb 6-1.2: New USB device found, idVendor=1809, idProduct=018a, bcdDevice= 1.01
[    4.608213] usb 6-1.2: New USB device strings: Mfr=1, Product=2, SerialNumber=3
[    4.608217] usb 6-1.2: Product: SLCAN-FD
[    4.608220] usb 6-1.2: Manufacturer: Advantech-canfd-00
[    4.608223] usb 6-1.2: SerialNumber: 83859CAD0946
[    4.609015] cdc_acm 6-1.2:1.0: ttyACM0: USB ACM device
[    4.685871] usb 6-1.3: new full-speed USB device number 4 using ehci-platform
[    4.780207] usb 6-1.3: New USB device found, idVendor=1809, idProduct=018a, bcdDevice= 1.01
[    4.780213] usb 6-1.3: New USB device strings: Mfr=1, Product=2, SerialNumber=3
[    4.780217] usb 6-1.3: Product: SLCAN-FD
[    4.780219] usb 6-1.3: Manufacturer: Advantech-canfd-01
[    4.780222] usb 6-1.3: SerialNumber: 838579710646
[    4.781012] cdc_acm 6-1.3:1.0: ttyACM1: USB ACM device
[    4.953431] rkcif rkcif-mipi-lvds: clear unready subdev num: 1
[    4.953434] rockchip-mipi-csi2: No link between dphy and sensor
[    4.953499] rockchip-mipi-csi2: No link between dphy and sensor
[    4.953505] rkcif-mipi-lvds: Async subdev notifier completed
[    4.953506] rockchip-mipi-csi2: No link between dphy and sensor
[    4.953509] rkcif-mipi-lvds: There is not terminal subdev, not synchronized with ISP
[    4.953511] rkcif rkcif-mipi-lvds1: clear unready subdev num: 1
[    4.953512] rockchip-mipi-csi2: No link between dphy and sensor
[    4.953569] rockchip-mipi-csi2: No link between dphy and sensor
[    4.953573] rkcif-mipi-lvds1: Async subdev notifier completed
[    4.953574] rockchip-mipi-csi2: No link between dphy and sensor
[    4.953577] rkcif-mipi-lvds1: There is not terminal subdev, not synchronized with ISP
[    4.953578] rkcif rkcif-mipi-lvds2: clear unready subdev num: 1
[    4.953579] rockchip-mipi-csi2: No link between dphy and sensor
[    4.953632] rockchip-mipi-csi2: No link between dphy and sensor
[    4.953636] rkcif-mipi-lvds2: Async subdev notifier completed
[    4.953637] rockchip-mipi-csi2: No link between dphy and sensor
[    4.953640] rkcif-mipi-lvds2: There is not terminal subdev, not synchronized with ISP
[    4.953642] rkcif rkcif-mipi-lvds4: clear unready subdev num: 1
[    4.953642] rockchip-mipi-csi2: No link between dphy and sensor
[    4.953695] rockchip-mipi-csi2: No link between dphy and sensor
[    4.953698] rkcif-mipi-lvds4: Async subdev notifier completed
[    4.953700] rockchip-mipi-csi2: No link between dphy and sensor
[    4.953702] rkcif-mipi-lvds4: There is not terminal subdev, not synchronized with ISP
[    4.953709] rockchip-mipi-csi2: No link between dphy and sensor
[    4.953723] rkcif-mipi-lvds: There is not terminal subdev, not synchronized with ISP
[    4.953730] rockchip-mipi-csi2: No link between dphy and sensor
[    4.953735] rkcif-mipi-lvds1: There is not terminal subdev, not synchronized with ISP
