=> rbrom
DDR 3488111f83 cym 24/04/12-12:49:26,fwver: v1.17
LPDDR4, 2112MHz
channel[0] BW=16 Col=10 Bk=8 CS0 Row=16 CS=1 Die BW=16 Size=1024MB
channel[1] BW=16 Col=10 Bk=8 CS0 Row=16 CS=1 Die BW=16 Size=1024MB
channel[2] BW=16 Col=10 Bk=8 CS0 Row=16 CS=1 Die BW=16 Size=1024MB
channel[3] BW=16 Col=10 Bk=8 CS0 Row=16 CS=1 Die BW=16 Size=1024MB
Manufacturer ID:0x13
CH0 RX Vref:32.6%, TX Vref:13.2%,0.0%DQ rds:
h1 l0, h0 l0, h1 l0, h0 l0, h0 l0, h1 l0, h1 l0, h2 l0,
h0 l0, h0 l0, h0 l1, h1 l0, h0 l0, h1 l0, h2 l0, h0 l0,

CH1 RX Vref:35.2%, TX Vref:13.2%,0.0%DQ rds:
h0 l0, h2 l0, h1 l0, h0 l0, h1 l0, h1 l0, h2 l0, h1 l0,
h1 l0, h1 l0, h1 l0, h1 l0, h1 l0, h1 l0, h1 l0, h2 l0,

CH2 RX Vref:36.5%, TX Vref:13.2%,0.0%DQ rds:
h1 l0, h2 l0, h2 l0, h0 l0, h3 l0, h3 l0, h3 l0, h2 l0,
h0 l0, h3 l0, h0 l0, h4 l0, h2 l0, h1 l0, h1 l0, h5 l0,

CH3 RX Vref:31.4%, TX Vref:13.2%,0.0%DQ rds:
h0 l0, h3 l0, h1 l0, h0 l0, h0 l0, h0 l0, h1 l0, h0 l0,
h0 l0, h0 l0, h0 l0, h0 l2, h0 l0, h0 l0, h0 l0, h1 l0,

stride=0x2, ddr_config=0x0
hash ch_mask0-1 0x20 0x40, bank_mask0-3 0xa00 0x1400 0x2800 0x0, rank_mask0 0x0
change to F1: 528MHz
change to F2: 1068MHz
change to F3: 1560MHz
change to F0: 2112MHz
out
Boot1 Release Time: Oct 17 2023 17:09:54, version: 1.11
Emmc IO init.
Emmc IO init.
mmc_set_bus_width: 1
SetEmmcClk: 375000, 2, 64
mmc_switch index:183, value:0x2
mmc_switch index:185, value:0x2
SetEmmcClk: 375000, 2, 64
mmc_set_bus_width: 8
SetEmmcClk: 200000000, 0, 3
Enable PHY CLK: 200000000, timing: 9
SdmmcInit=2 0
BootCapSize=100000
UserCapSize=29600MB
FwPartOffset=2000 , 100000
UsbBoot ...66675
powerOn 68929
SoftReset, 20182288 us
DDR 3488111f83 cym 24/04/12-12:49:26,fwver: v1.17
LPDDR4, 2112MHz
channel[0] BW=16 Col=10 Bk=8 CS0 Row=16 CS=1 Die BW=16 Size=1024MB
channel[1] BW=16 Col=10 Bk=8 CS0 Row=16 CS=1 Die BW=16 Size=1024MB
channel[2] BW=16 Col=10 Bk=8 CS0 Row=16 CS=1 Die BW=16 Size=1024MB
channel[3] BW=16 Col=10 Bk=8 CS0 Row=16 CS=1 Die BW=16 Size=1024MB
Manufacturer ID:0x13
CH0 RX Vref:32.6%, TX Vref:13.2%,0.0%DQ rds:
h1 l0, h0 l0, h1 l0, h1 l0, h0 l0, h1 l0, h1 l0, h2 l0,
h0 l0, h0 l0, h0 l1, h1 l0, h0 l0, h1 l0, h2 l0, h0 l0,

CH1 RX Vref:34.8%, TX Vref:13.2%,0.0%DQ rds:
h0 l0, h3 l0, h1 l0, h0 l0, h0 l0, h0 l0, h3 l0, h1 l0,
h1 l0, h1 l0, h1 l0, h0 l0, h1 l0, h0 l0, h1 l0, h1 l0,

CH2 RX Vref:36.5%, TX Vref:13.2%,0.0%DQ rds:
h1 l0, h2 l0, h2 l0, h0 l0, h3 l0, h3 l0, h3 l0, h2 l0,
h1 l0, h3 l0, h0 l0, h4 l0, h2 l0, h1 l0, h1 l0, h5 l0,

CH3 RX Vref:30.4%, TX Vref:13.2%,0.0%DQ rds:
h0 l0, h3 l0, h0 l0, h0 l0, h0 l0, h0 l0, h0 l0, h0 l1,
h0 l0, h0 l0, h0 l0, h0 l2, h0 l0, h0 l1, h0 l0, h1 l0,

stride=0x2, ddr_config=0x0
hash ch_mask0-1 0x20 0x40, bank_mask0-3 0xa00 0x1400 0x2800 0x0, rank_mask0 0x0
change to F1: 528MHz
change to F2: 1068MHz
change to F3: 1560MHz
change to F0: 2112MHz
out
U-Boot SPL board init
U-Boot SPL 2017.09-ge4e124926e-230922 #lxh (Sep 25 2023 - 10:58:38), fwver: v1.13
unknown raw ID 0 0 0
unrecognized JEDEC id bytes: 00, 00, 00
Trying to boot from MMC2
MMC: no card present
mmc_init: -123, time 2
spl: mmc init failed with error: -123
Trying to boot from MMC1
Magic is incorrect.
Error validating A/B metadata from disk. Resetting and writing new A/B metadata to disk.
SPL: A/B-slot: _a, successful: 0, tries-remain: 7
Trying fit image at 0x4000 sector
## Verified-boot: 0
## Checking atf-1 0x00040000 (gzip @0x00240000) ... sha256(adcf079691...) + sha256(64122e141b...) + OK
## Checking uboot 0x00200000 (gzip @0x00400000) ... sha256(d1a5085145...) + sha256(83d2b4028e...) + OK
## Checking fdt 0x0034f6d8 ... sha256(b418c8f281...) + OK
## Checking atf-2 0xff100000 ... sha256(ce8968e34f...) + OK
## Checking atf-3 0x000f0000 ... sha256(ce48b69fdd...) + OK
## Checking optee 0x08400000 (gzip @0x08600000) ... sha256(926ff2e5f7...) + sha256(b866e4e4a1...) + OK
Jumping to U-Boot(0x00200000) via ARM Trusted Firmware(0x00040000)
Total: 173.824/471.599 ms

INFO:    Preloader serial: 2
NOTICE:  BL31: v2.3():v2.3-765-g588059758:derrick.huang, fwver: v1.46
NOTICE:  BL31: Built : 18:13:16, Apr 29 2024
INFO:    spec: 0x1
INFO:    code: 0x88
INFO:    ext 32k is not valid
INFO:    ddr: stride-en 4CH
INFO:    GICv3 without legacy support detected.
INFO:    ARM GICv3 driver initialized in EL3
INFO:    valid_cpu_msk=0xff bcore0_rst = 0x0, bcore1_rst = 0x0
INFO:    l3 cache partition cfg-0
INFO:    system boots from cpu-hwid-0
INFO:    bypass memory repair
INFO:    idle_st=0x21fff, pd_st=0x11fff9, repair_st=0xfff70001
INFO:    dfs DDR fsp_params[0].freq_mhz= 2112MHz
INFO:    dfs DDR fsp_params[1].freq_mhz= 528MHz
INFO:    dfs DDR fsp_params[2].freq_mhz= 1068MHz
INFO:    dfs DDR fsp_params[3].freq_mhz= 1560MHz
INFO:    BL31: Initialising Exception Handling Framework
INFO:    BL31: Initializing runtime services
INFO:    BL31: Initializing BL32
I/TC:
I/TC: OP-TEE version: 3.13.0-791-g185dc3c92 #hisping.lin (gcc version 10.2.1 20201103 (GNU Toolchain for the A-profile Architecture 10.2-2020.11 (arm-10.16))) #2 Tue Apr 16 11:16:18 CST 2024 aarch64, fwver: v1.16
I/TC: OP-TEE memory: TEEOS 0x200000 TA 0xc00000 SHM 0x200000
I/TC: Primary CPU initializing
I/TC: Primary CPU switching to normal world boot
INFO:    BL31: Preparing for EL3 exit to normal world
INFO:    Entry point address = 0x200000
INFO:    SPSR = 0x3c9


U-Boot 2017.09 V14012 (Aug 18 2025 - 10:50:46 +0800)

Model: Advantech RK3588 AOM3821 Board
MPIDR: 0x0
PreSerial: 2, raw, 0xfeb50000
DRAM:  4 GiB
Sysmem: init
Relocation Offset: eba0e000
Relocation fdt: e99fa3a0 - e99fecc8
CR: M/C/I
optee api revision: 2.0
mmc@fe2c0000: 1, mmc@fe2e0000: 0
Bootdev(atags): mmc 0
MMC0: HS400 Enhanced Strobe, 200Mhz
PartType: EFI
DM: v2
Android 14.0, Build 2024.2, v2
boot mode: recovery (misc)
RESC: 'recovery', blk@0x00058370
Device is: UNLOCKED
DTB: rk-kernel.dtb
HASH(c): OK
ANDROID: fdt overlay OK
swversion = V14012
----------------------------------------------------------------
model[0]         AOM-3821
model[1]         AKKB705348
model[2]         V14012
model[3]         A1
----------------------------------------------------------------
Read board id : 0,  adcval = 4094
AOM-3821 hw_id = 0
Info : configurate combphy0 to pcie
Info : configurate combphy1 to pcie
Info : not configurate display in uboot
----------------------------------------------------------------
display0         3821
display1
display2
display3
----------------------------------------------------------------
usb dr_mode not found
usb dr_mode not found
usb dr_mode not found
I2c0 speed: 100000Hz
vsel-gpios- not found!
en-gpios- not found!
vdd_cpu_big0_s0 800000 uV
vsel-gpios- not found!
en-gpios- not found!
vdd_cpu_big1_s0 800000 uV
I2c2 speed: 100000Hz
vsel-gpios- not found!
en-gpios- not found!
vdd_npu_s0 800000 uV
spi2: RK806: 2
ON=0x40, OFF=0x00
vdd_gpu_s0 750000 uV
vdd_cpu_lit_s0 init 800000 uV
vdd_log_s0 750000 uV
vdd_vdenc_s0 init 750000 uV
vdd_ddr_s0 850000 uV
get vp0 plane mask:0x5, primary id:2, cursor_plane:-1, from dts
get vp1 plane mask:0xa, primary id:3, cursor_plane:-1, from dts
get vp2 plane mask:0x140, primary id:8, cursor_plane:-1, from dts
get vp3 plane mask:0x280, primary id:9, cursor_plane:-1, from dts
Model: AOM-3821 AKKB705348 V14012 A1
Device 'gpio@fd8a0000': seq 0 is in use by 'gpio@fd8a0000'
Device 'gpio@fec30000': seq 2 is in use by 'gpio@fd8a0000'
## Error: Can't overwrite "ethaddr"
## Error inserting "ethaddr" variable, errno=1
## Error: Can't overwrite "eth1addr"
## Error inserting "eth1addr" variable, errno=1
Minidump: init...
Rockchip UBOOT DRM driver version: v1.0.1
vp0 have layer nr:2[0 2 ], primary plane: 2
vp1 have layer nr:2[1 3 ], primary plane: 3
vp2 have layer nr:2[6 8 ], primary plane: 8
vp3 have layer nr:2[7 9 ], primary plane: 9
phy@fed80000: mode 0x02 is not support
PHY: Failed to power on dp-port: -22.
dp@fde50000 disconnected
Using display timing dts
edp@fded0000:  detailed mode clock 85500 kHz, flags[5]
    H: 1368 1438 1581 1794
    V: 0768 0771 0774 0798
bus_format: 100e
VOP update mode to: 1368x768p60, type: eDP1 for VP1
VP1 set crtc_clock to 84858KHz
display_enable get LT9211 device!
 LT9211 device ret -19
Unsupported bt709f at 10bit csc depth, use bt601f instead
VOP VP1 enable Esmart1[654x258->654x258@357x255] fmt[0] addr[0xebf00000]
Link Training success!
final link rate = 0x0a, lane count = 0x01
disp info 0, type:11, id:0
Monitor has basic audio support
base_parameter.mode:1920x1080
color_format:0
hdmi_select_link_config use tmds mode
mode:1920x1080 bus_format:0x100a
hdmi@fde80000:  detailed mode clock 148500 kHz, flags[5]
    H: 1920 2008 2052 2200
    V: 1080 1084 1089 1125
bus_format: 100a
VOP update mode to: 1920x1080p60, type: HDMI0 for VP0
dclk:148500,if_pixclk_div;2,if_dclk_div:4
Unsupported bt709f at 10bit csc depth, use bt601f instead
hdptx_ropll_cmn_config bus_width:16a8c8 rate:1485000
hdptx phy pll locked!
VP0 set crtc_clock to 1485KHz
display_enable get LT9211 device!
 LT9211 device ret -19
Unsupported bt709f at 10bit csc depth, use bt601f instead
VOP VP0 enable Esmart0[654x258->654x258@633x411] fmt[0] addr[0xebf00000]
CEA mode used vic=16
mtmdsclock:148500000
hdptx_ropll_cmn_config bus_width:16a8c8 rate:1485000
hdptx phy pll locked!
dw_hdmi_setup HDMI mode
don't use dsc mode
dw hdmi qp use tmds mode
bus_width:0x16a8c8,bit_rate:1485000
hdptx phy lane locked!
CLK: (sync kernel. arm: enter 1008000 KHz, init 1008000 KHz, kernel 0N/A)
  b0pll 24000 KHz
  b1pll 24000 KHz
  lpll 24000 KHz
  v0pll 24000 KHz
  aupll 786431 KHz
  cpll 1500000 KHz
  gpll 1188000 KHz
  npll 850000 KHz
  ppll 1100000 KHz
  aclk_center_root 702000 KHz
  pclk_center_root 100000 KHz
  hclk_center_root 396000 KHz
  aclk_center_low_root 500000 KHz
  aclk_top_root 750000 KHz
  pclk_top_root 100000 KHz
  aclk_low_top_root 396000 KHz
Net:   eth0: ethernet@fe1b0000, eth1: ethernet@fe1c0000
Hit key to stop autoboot('CTRL+C'):  0
ANDROID: reboot reason: "recovery"
Vboot=0, AVB images, AVB verify
read_is_device_unlocked() ops returned that device is UNLOCKED
avb_footer.c:41: ERROR: Footer magic is incorrect.
avb_vbmeta_image.c:65: ERROR: Magic is incorrect.
avb_slot_verify.c:774: ERROR: recovery: Error verifying vbmeta image: invalid vbmeta header
Verify recovery with vbmeta.
avb_slot_verify.c:763: ERROR: vbmeta: Error verifying vbmeta image: OK_NOT_SIGNED
preloaded: distribute image from 'recovery
ANDROID: sha1(88a5d614ea...) + OK
Could not find "system" partition
Booting IMAGE kernel at 0x00400000 with fdt at 0x08300000...


Fdt Ramdisk skip relocation
## Booting Android Image at 0x003ff800 ...
Kernel: 0x00400000 - 0x027c0008 (36609 KiB)
ramdisk:    0x0a200000 - 0x0d5ace94 (52916 KiB)
## Flattened Device Tree blob at 0x08300000
   Booting using the fdt blob at 0x08300000
   XIP Kernel Image from 0x00400000 to 0x00400000 ... OK
   kernel loaded at 0x00400000, end = 0x027c0008
   Using Device Tree in place at 0000000008300000, end 000000000834ac73
VP2 fail to load kernel logo
VP1 fail to load kernel logo
VP0 fail to load kernel logo
## reserved-memory:
  cma: addr=10000000 size=10000000
  drm-logo@0: addr=ebf00000 size=a5000
  ramoops@110000: addr=110000 size=e0000
Adding bank: 0x00200000 - 0x08400000 (size: 0x08200000)
Adding bank: 0x09400000 - 0xf0000000 (size: 0xe6c00000)
Adding bank: 0x1f0000000 - 0x200000000 (size: 0x10000000)
CPU Type is 0x1
Total: 2606.783/3269.388 ms

Starting kernel ...

[    3.285154][    T0] Booting Linux on physical CPU 0x0000000000 [0x412fd050]
[    3.285174][    T0] Linux version 6.1.75 (adv@33be0978b65a) (Android (10087095, +pgo, +bolt, +lto, -mlgo, based on r487747c) clang version 17.0.2 (https://android.googlesource.com/toolchain/llvm-project d9f89f4d16663d5012e5c09495f3b30ece3d2362), LLD 17.0.2) #197 SMP PREEMPT Mon Aug 18 10:54:53 CST 2025
[    3.288475][    T0] random: crng init done
[    3.294254][    T0] Machine model: AOM-3821 AKKB705348 V14012 A1
[    3.306934][    T0] earlycon: uart8250 at MMIO32 0x00000000feb50000 (options '')
[    3.361423][    T0] printk: bootconsole [uart8250] enabled
[    3.369952][    T0] OF: fdt: Reserved memory: failed to reserve memory for node 'drm-cubic-lut@0': base 0x0000000000000000, size 0 MiB
[    3.382754][    T0] OF: fdt: Reserved memory: failed to reserve memory for node 'vendor-storage-rm@00000000': base 0x0000000000000000, size 0 MiB
[    3.396660][    T0] OF: reserved mem: 0x0000000000110000..0x00000000001effff ( 896 KB ) map non-reusable ramoops@110000
[    3.408177][    T0] Reserved memory: created CMA memory pool at 0x0000000010000000, size 256 MiB
[    3.417527][    T0] OF: reserved mem: initialized node cma, compatible id shared-dma-pool
[    3.426278][    T0] OF: reserved mem: 0x0000000010000000..0x000000001fffffff ( 262144 KB ) map reusable cma
[    3.436677][    T0] OF: reserved mem: 0x00000000ebf00000..0x00000000ebfa4fff ( 660 KB ) map non-reusable drm-logo@0
[    3.514242][    T0] Zone ranges:
[    3.517686][    T0]   DMA32    [mem 0x0000000000200000-0x00000000ffffffff]
[    3.525091][    T0]   Normal   [mem 0x0000000100000000-0x00000001ffffffff]
[    3.532397][    T0] Movable zone start for each node
[    3.537687][    T0] Early memory node ranges
[    3.542225][    T0]   node   0: [mem 0x0000000000200000-0x00000000083fffff]
[    3.549659][    T0]   node   0: [mem 0x0000000009400000-0x00000000efffffff]
[    3.557059][    T0]   node   0: [mem 0x00000001f0000000-0x00000001ffffffff]
[    3.564450][    T0] Initmem setup node 0 [mem 0x0000000000200000-0x00000001ffffffff]
[    3.573387][    T0] On node 0, zone DMA32: 512 pages in unavailable ranges
[    3.593854][    T0] On node 0, zone DMA32: 4096 pages in unavailable ranges
[    3.602711][    T0] psci: probing for conduit method from DT.
[    3.616290][    T0] psci: PSCIv1.1 detected in firmware.
[    3.621982][    T0] psci: Using standard PSCI v0.2 function IDs
[    3.628247][    T0] psci: Trusted OS migration not required
[    3.634198][    T0] psci: SMC Calling Convention v1.2
[    3.639921][    T0] percpu: Embedded 28 pages/cpu s75752 r8192 d30744 u114688
[    3.647762][    T0] Detected VIPT I-cache on CPU0
[    3.652798][    T0] CPU features: detected: GIC system register CPU interface
[    3.660353][    T0] CPU features: detected: Virtualization Host Extensions
[    3.667611][    T0] CPU features: detected: ARM errata 1165522, 1319367, or 1530923
[    3.675696][    T0] alternatives: applying boot alternatives
[    3.683969][    T0] Built 1 zonelists, mobility grouping on.  Total pages: 1027656
[    3.692017][    T0] Kernel command line: storagemedia=emmc androidboot.storagemedia=emmc androidboot.mode=normal  androidboot.dtb_idx=0 androidboot.dtbo_idx=0  androidboot.verifiedbootstate=orange androidboot.serialno=AKKB705348 console=ttyFIQ0 firmware_class.path=/vendor/etc/firmware init=/init rootwait ro loop.max_part=7 printk.devkmsg=on kvm-arm.mode=none androidboot.console=ttyFIQ0 androidboot.wificountrycode=CN androidboot.hardware=rk30board androidboot.boot_devices=fe2e0000.mmc androidboot.console=ttyFIQ0 androidboot.wificountrycode=CN androidboot.hardware=rk30board androidboot.boot_devices=fe2e0000.mmc androidboot.serialno=AKKB705348 androidboot.factorytime=20250624 earlycon=uart8250,mmio32,0xfeb50000 irqchip.gicv3_pseudo_nmi=0 rcupdate.rcu_expedited=1 rcu_nocbs=all androidboot.fwver=ddr-v1.17-3488111f83,spl-v1.13,bl31-v1.46,bl32-v1.16,uboot-14012-08/18/2025
[    3.774240][    T0] Unknown kernel command line parameters "storagemedia=emmc", will be passed to user space.
[    3.785229][    T0] Dentry cache hash table entries: 524288 (order: 10, 4194304 bytes, linear)
[    3.794637][    T0] Inode-cache hash table entries: 262144 (order: 9, 2097152 bytes, linear)
[    3.803593][    T0] mem auto-init: stack:all(zero), heap alloc:off, heap free:off
[    3.811582][    T0] software IO TLB: area num 8.
[    3.827683][    T0] software IO TLB: mapped [mem 0x00000000ec000000-0x00000000f0000000] (64MB)
[    3.869844][    T0] Memory: 3673320K/4175872K available (21696K kernel code, 4352K rwdata, 8572K rodata, 1856K init, 954K bss, 240408K reserved, 262144K cma-reserved)
[    3.885715][    T0] SLUB: HWalign=64, Order=0-3, MinObjects=0, CPUs=8, Nodes=1
[    3.893421][    T0] trace event string verifier disabled
[    3.899264][    T0] rcu: Preemptible hierarchical RCU implementation.
[    3.906162][    T0] rcu:     RCU event tracing is enabled.
[    3.911740][    T0] rcu:     RCU priority boosting: priority 1 delay 500 ms.
[    3.918992][    T0]  All grace periods are expedited (rcu_expedited).
[    3.925869][    T0]  Trampoline variant of Tasks RCU enabled.
[    3.931958][    T0]  Tracing variant of Tasks RCU enabled.
[    3.937796][    T0] rcu: RCU calculated value of scheduler-enlistment delay is 25 jiffies.
[    3.951968][    T0] NR_IRQS: 64, nr_irqs: 64, preallocated irqs: 0
[    3.961061][    T0] GICv3: GIC: Using split EOI/Deactivate mode
[    3.967388][    T0] GICv3: 480 SPIs implemented
[    3.972160][    T0] GICv3: 0 Extended SPIs implemented
[    3.977693][    T0] Root IRQ handler: gic_handle_irq
[    3.982963][    T0] GICv3: GICv3 features: 16 PPIs
[    3.988095][    T0] GICv3: CPU0: found redistributor 0 region 0:0x00000000fe680000
[    3.996424][    T0] ITS [mem 0xfe640000-0xfe65ffff]
[    4.001585][    T0] ITS@0x00000000fe640000: allocated 8192 Devices @1f0110000 (indirect, esz 8, psz 64K, shr 0)
[    4.012341][    T0] ITS@0x00000000fe640000: allocated 32768 Interrupt Collections @1f0120000 (flat, esz 2, psz 64K, shr 0)
[    4.024142][    T0] ITS: using cache flushing for cmd queue
[    4.030081][    T0] ITS [mem 0xfe660000-0xfe67ffff]
[    4.035303][    T0] ITS@0x00000000fe660000: allocated 8192 Devices @1f0140000 (indirect, esz 8, psz 64K, shr 0)
[    4.046084][    T0] ITS@0x00000000fe660000: allocated 32768 Interrupt Collections @1f0150000 (flat, esz 2, psz 64K, shr 0)
[    4.057824][    T0] ITS: using cache flushing for cmd queue
[    4.063925][    T0] GICv3: using LPI property table @0x00000001f0160000
[    4.071017][    T0] GIC: using cache flushing for LPI property table
[    4.077820][    T0] GICv3: CPU0: using allocated LPI pending table @0x00000001f0170000
[    4.086283][    T0] rcu:     Offload RCU callbacks from CPUs: 0-7.
[    4.092581][    T0] rcu: srcu_init: Setting srcu_struct sizes based on contention.
[    4.221604][    T0] arch_timer: cp15 timer(s) running at 24.00MHz (phys).
[    4.228785][    T0] clocksource: arch_sys_counter: mask: 0xffffffffffffff max_cycles: 0x588fe9dc0, max_idle_ns: 440795202592 ns
[    4.240956][    T0] sched_clock: 56 bits at 24MHz, resolution 41ns, wraps every 4398046511097ns
[    4.251382][    T0] kfence: initialized - using 524288 bytes for 63 objects at 0x(____ptrval____)-0x(____ptrval____)
[    4.262627][    T0] Calibrating delay loop (skipped), value calculated using timer frequency.. 48.00 BogoMIPS (lpj=96000)
[    4.274365][    T0] pid_max: default: 32768 minimum: 301
[    4.280092][    T0] LSM: Security Framework initializing
[    4.285747][    T0] SELinux:  Initializing.
[    4.290203][    T0] Mount-cache hash table entries: 8192 (order: 4, 65536 bytes, linear)
[    4.298799][    T0] Mountpoint-cache hash table entries: 8192 (order: 4, 65536 bytes, linear)
[    4.309296][    T1] cblist_init_generic: Setting adjustable number of callback queues.
[    4.317728][    T1] cblist_init_generic: Setting shift to 3 and lim to 1.
[    4.324985][    T1] cblist_init_generic: Setting adjustable number of callback queues.
[    4.333409][    T1] cblist_init_generic: Setting shift to 3 and lim to 1.
[    4.340795][    T1] rcu: Hierarchical SRCU implementation.
[    4.346583][    T1] rcu:     Max phase no-delay instances is 1000.
[    4.353491][    T1] Platform MSI: msi-controller@fe640000 domain created
[    4.360674][    T1] Platform MSI: msi-controller@fe660000 domain created
[    4.368043][    T1] PCI/MSI: /interrupt-controller@fe600000/msi-controller@fe640000 domain created
[    4.377601][    T1] PCI/MSI: /interrupt-controller@fe600000/msi-controller@fe660000 domain created
[    4.387651][    T1] smp: Bringing up secondary CPUs ...
I/TC: Secondary CPU 4 initializing
I/TC: Secondary CPU 4 switching to normal world boot
I/TC: Secondary CPU 5 initializing
I/TC: Secondary CPU 5 switching to normal world boot
I/TC: Secondary CPU 6 initializing
I/TC: Secondary CPU 6 switching to normal world boot
I/TC: Secondary CPU 7 initializing
I/TC: Secondary CPU 7 switching to normal world boot
I/TC: Secondary CPU 1 initializing
I/TC: Secondary CPU 1 switching to normal world boot
I/TC: Secondary CPU 2 initializing
I/TC: Secondary CPU 2 switching to normal world boot
I/TC: Secondary CPU 3 initializing
I/TC: Secondary CPU 3 switching to normal world boot
[    4.401467][    T0] CPU features: detected: Spectre-v4
[    4.401471][    T0] CPU features: detected: Spectre-BHB
[    4.401474][    T0] Detected PIPT I-cache on CPU1
[    4.401510][    T0] GICv3: CPU1: found redistributor 400 region 0:0x00000000fe700000
[    4.401520][    T0] GICv3: CPU1: using allocated LPI pending table @0x00000001f0180000
[    4.401541][    T0] CPU1: Booted secondary processor 0x0000000400 [0x414fd0b0]
[    4.409787][    T0] Detected PIPT I-cache on CPU2
[    4.409826][    T0] GICv3: CPU2: found redistributor 500 region 0:0x00000000fe720000
[    4.409835][    T0] GICv3: CPU2: using allocated LPI pending table @0x00000001f0190000
[    4.409855][    T0] CPU2: Booted secondary processor 0x0000000500 [0x414fd0b0]
[    4.418073][    T0] Detected PIPT I-cache on CPU3
[    4.418107][    T0] GICv3: CPU3: found redistributor 600 region 0:0x00000000fe740000
[    4.418117][    T0] GICv3: CPU3: using allocated LPI pending table @0x00000001f01a0000
[    4.418136][    T0] CPU3: Booted secondary processor 0x0000000600 [0x414fd0b0]
[    4.426431][    T0] Detected PIPT I-cache on CPU4
[    4.426466][    T0] GICv3: CPU4: found redistributor 700 region 0:0x00000000fe760000
[    4.426475][    T0] GICv3: CPU4: using allocated LPI pending table @0x00000001f01b0000
[    4.426495][    T0] CPU4: Booted secondary processor 0x0000000700 [0x414fd0b0]
[    4.434705][    T0] Detected VIPT I-cache on CPU5
[    4.434771][    T0] GICv3: CPU5: found redistributor 100 region 0:0x00000000fe6a0000
[    4.434786][    T0] GICv3: CPU5: using allocated LPI pending table @0x00000001f01c0000
[    4.434813][    T0] CPU5: Booted secondary processor 0x0000000100 [0x412fd050]
[    4.443062][    T0] Detected VIPT I-cache on CPU6
[    4.443130][    T0] GICv3: CPU6: found redistributor 200 region 0:0x00000000fe6c0000
[    4.443145][    T0] GICv3: CPU6: using allocated LPI pending table @0x00000001f01d0000
[    4.443172][    T0] CPU6: Booted secondary processor 0x0000000200 [0x412fd050]
[    4.451406][    T0] Detected VIPT I-cache on CPU7
[    4.451476][    T0] GICv3: CPU7: found redistributor 300 region 0:0x00000000fe6e0000
[    4.451492][    T0] GICv3: CPU7: using allocated LPI pending table @0x00000001f01e0000
[    4.451518][    T0] CPU7: Booted secondary processor 0x0000000300 [0x412fd050]
[    4.451584][    T1] smp: Brought up 1 node, 8 CPUs
[    4.672410][    T1] SMP: Total of 8 processors activated.
[    4.678161][    T1] CPU features: detected: 32-bit EL0 Support
[    4.684343][    T1] CPU features: detected: Data cache clean to the PoU not required for I/D coherence
[    4.694234][    T1] CPU features: detected: Common not Private translations
[    4.701654][    T1] CPU features: detected: CRC32 instructions
[    4.707905][    T1] CPU features: detected: RCpc load-acquire (LDAPR)
[    4.714675][    T1] CPU features: detected: LSE atomic instructions
[    4.721375][    T1] CPU features: detected: Privileged Access Never
[    4.728041][    T1] CPU features: detected: RAS Extension Support
[    4.734517][    T1] CPU features: detected: Speculative Store Bypassing Safe (SSBS)
[    4.742748][    T1] CPU: All CPU(s) started at EL2
[    4.747800][    T1] alternatives: applying system-wide alternatives
[    4.761175][    T1] devtmpfs: initialized
[    4.777115][    T1] Registered cp15_barrier emulation handler
[    4.783110][    T1] Registered setend emulation handler
[    4.788613][    T1] clocksource: jiffies: mask: 0xffffffff max_cycles: 0xffffffff, max_idle_ns: 7645041785100000 ns
[    4.799482][    T1] futex hash table entries: 2048 (order: 5, 131072 bytes, linear)
[    4.808948][    T1] pinctrl core: initialized pinctrl subsystem
[    4.815466][    T1] NET: Registered PF_NETLINK/PF_ROUTE protocol family
[    4.822814][    T1] DMA: preallocated 512 KiB GFP_KERNEL pool for atomic allocations
[    4.830915][    T1] DMA: preallocated 512 KiB GFP_KERNEL|GFP_DMA32 pool for atomic allocations
[    4.839908][    T1] audit: initializing netlink subsys (disabled)
[    4.846327][   T68] audit: type=2000 audit(0.388:1): state=initialized audit_enabled=0 res=1
[    4.846716][    T1] Registered FIQ tty driver
[    4.859768][    T1] thermal_sys: Registered thermal governor 'fair_share'
[    4.859770][    T1] thermal_sys: Registered thermal governor 'step_wise'
[    4.866830][    T1] thermal_sys: Registered thermal governor 'user_space'
[    4.873811][    T1] thermal_sys: Registered thermal governor 'power_allocator'
[    4.880891][    T1] cpuidle: using governor menu
[    4.893333][    T1] hw-breakpoint: found 6 breakpoint and 4 watchpoint registers.
[    4.901223][    T1] ASID allocator initialised with 65536 entries
[    4.909178][    T1] ramoops: boot-log-0      0x8000@0x0000000000110000
[    4.915524][    T1] ramoops: dmesg-0 0x14000@0x0000000000118000
[    4.921674][    T1] ramoops: dmesg-1 0x14000@0x000000000012c000
[    4.927842][    T1] ramoops: console 0x80000@0x0000000000140000
[    4.933996][    T1] ramoops: pmsg    0x30000@0x00000000001c0000
[    4.940133][    T1] printk: console [ramoops-1] enabled
[    4.945631][    T1] pstore: Registered ramoops as persistent store backend
[    4.952797][    T1] ramoops: using 0xe0000@0x110000, ecc: 0
[    4.989608][    T1] platform fde50000.dp: Fixed dependency cycle(s) with /vop@fdd90000/ports/port@2/endpoint@0
[    5.000305][    T1] platform fde80000.hdmi: Fixed dependency cycle(s) with /vop@fdd90000/ports/port@0/endpoint@2
[    5.020411][    T1] rockchip-gpio fd8a0000.gpio: probed /pinctrl/gpio@fd8a0000
[    5.028130][    T1] rockchip-gpio fec20000.gpio: probed /pinctrl/gpio@fec20000
[    5.035804][    T1] rockchip-gpio fec30000.gpio: probed /pinctrl/gpio@fec30000
[    5.043483][    T1] rockchip-gpio fec40000.gpio: probed /pinctrl/gpio@fec40000
[    5.051166][    T1] rockchip-gpio fec50000.gpio: probed /pinctrl/gpio@fec50000
[    5.058711][    T1] rockchip-pinctrl pinctrl: probed pinctrl
[    5.065810][    T1] platform fded0000.edp: Fixed dependency cycle(s) with /vop@fdd90000/ports/port@1/endpoint@4
[    5.077747][    T1] platform edp1-panel: Fixed dependency cycle(s) with /edp@fded0000/ports/port@1/endpoint
[    5.089654][    T1] KASLR disabled due to lack of seed
[    5.099763][    T1] fiq_debugger fiq_debugger.0: error -ENXIO: IRQ fiq not found
[    5.107471][    T1] fiq_debugger fiq_debugger.0: error -ENXIO: IRQ wakeup not found
[    5.115445][    T1] fiq_debugger_probe: could not install nmi irq handler
[[    5.122557][    T1] printk: console [ttyFIQ0] enabled
    5.122557][    T1] printk: console [ttyFIQ0] enabled
[    5.132845][    T1] printk: bootconsole [uart8250] disabled
[    5.132845][    T1] printk: bootconsole [uart8250] disabled
[    5.138710][    T1] Registered fiq debugger ttyFIQ0
[    5.139561][    T1] iommu: Default domain type: Translated
[    5.139567][    T1] iommu: DMA domain TLB invalidation policy: strict mode
[    5.139697][    T1] SCSI subsystem initialized
[    5.139758][    T1] usbcore: registered new interface driver usbfs
[    5.139774][    T1] usbcore: registered new interface driver hub
[    5.139787][    T1] usbcore: registered new device driver usb
[    5.139917][    T1] mc: Linux media interface: v0.10
[    5.139931][    T1] videodev: Linux video capture interface: v2.00
[    5.139950][    T1] pps_core: LinuxPPS API ver. 1 registered
[    5.139954][    T1] pps_core: Software ver. 5.3.6 - Copyright 2005-2007 Rodolfo Giometti <giometti@linux.it>
[    5.139961][    T1] PTP clock support registered
[    5.139976][    T1] EDAC MC: Ver: 3.0.0
[    5.140207][    T1] arm-scmi firmware:scmi: Enabled polling mode TX channel - prot_id:16
[    5.140244][    T1] arm-scmi firmware:scmi: SCMI Notifications - Core Enabled.
[    5.140268][    T1] arm-scmi firmware:scmi: SCMI Protocol v2.0 'rockchip:' Firmware version 0x0
[    5.141259][    T1] Advanced Linux Sound Architecture Driver Initialized.
[    5.141406][    T1] Bluetooth: Core ver 2.22
[    5.141418][    T1] NET: Registered PF_BLUETOOTH protocol family
[    5.141422][    T1] Bluetooth: HCI device and connection manager initialized
[    5.141428][    T1] Bluetooth: HCI socket layer initialized
[    5.141433][    T1] Bluetooth: L2CAP socket layer initialized
[    5.141439][    T1] Bluetooth: SCO socket layer initialized
[    5.142678][    T1] rockchip-cpuinfo cpuinfo: SoC            : 35881000
[    5.142685][    T1] rockchip-cpuinfo cpuinfo: Serial         : 4e1ac94a617b0a34
[    5.142950][    T1] clocksource: Switched to clocksource arch_sys_counter
[    5.143050][    T1] VFS: Disk quotas dquot_6.6.0
[    5.143070][    T1] VFS: Dquot-cache hash table entries: 512 (order 0, 4096 bytes)
[    5.143643][    T1] NET: Registered PF_INET protocol family
[    5.143708][    T1] IP idents hash table entries: 65536 (order: 7, 524288 bytes, linear)
[    5.145075][    T1] tcp_listen_portaddr_hash hash table entries: 2048 (order: 3, 32768 bytes, linear)
[    5.145103][    T1] Table-perturb hash table entries: 65536 (order: 6, 262144 bytes, linear)
[    5.145110][    T1] TCP established hash table entries: 32768 (order: 6, 262144 bytes, linear)
[    5.145276][    T1] TCP bind hash table entries: 32768 (order: 8, 1048576 bytes, linear)
[    5.145885][    T1] TCP: Hash tables configured (established 32768 bind 32768)
[    5.145921][    T1] UDP hash table entries: 2048 (order: 4, 65536 bytes, linear)
[    5.145987][    T1] UDP-Lite hash table entries: 2048 (order: 4, 65536 bytes, linear)
[    5.146083][    T1] NET: Registered PF_UNIX/PF_LOCAL protocol family
[    5.146289][    T1] PCI: CLS 0 bytes, default 64
[    5.146606][    T8] Trying to unpack rootfs image as initramfs...
[    5.146992][    T1] rockchip-thermal fec00000.tsadc: Missing rockchip,grf property
[    5.147142][    T1] thermal thermal_zone1: power_allocator: sustainable_power will be estimated
[    5.147191][    T1] thermal thermal_zone2: power_allocator: sustainable_power will be estimated
[    5.147239][    T1] thermal thermal_zone3: power_allocator: sustainable_power will be estimated
[    5.147287][    T1] thermal thermal_zone4: power_allocator: sustainable_power will be estimated
[    5.147334][    T1] thermal thermal_zone5: power_allocator: sustainable_power will be estimated
[    5.147381][    T1] thermal thermal_zone6: power_allocator: sustainable_power will be estimated
[    5.147555][    T1] rockchip-thermal fec00000.tsadc: tsadc is probed successfully!
[    5.151409][    T1] hw perfevents: enabled with armv8_pmuv3 PMU driver, 7 counters available
[    5.152271][    T1] Initialise system trusted keyrings
[    5.152337][    T1] workingset: timestamp_bits=46 max_order=20 bucket_order=0
[    5.154272][    T1] Key type cifs.idmap registered
[    5.154279][    T1] fuse: init (API version 7.37)
[    5.174354][    T1] Key type asymmetric registered
[    5.174363][    T1] Asymmetric key parser 'x509' registered
[    5.174384][    T1] Block layer SCSI generic (bsg) driver version 0.4 loaded (major 242)
[    5.174389][    T1] io scheduler mq-deadline registered
[    5.174394][    T1] io scheduler kyber registered
[    5.174446][    T1] io scheduler bfq registered
[    5.175203][    T1] rockchip-csi2-dphy-hw fedc0000.csi2-dphy0-hw: csi2 dphy hw probe successfully!
[    5.175265][    T1] rockchip-csi2-dphy-hw fedc8000.csi2-dphy1-hw: csi2 dphy hw probe successfully!
[    5.181226][    T1] rockchip-hdptx-phy-hdmi fed60000.hdmiphy: hdptx_ropll_cmn_config bus_width:0 rate:742500
[    5.181483][    T1] rockchip-hdptx-phy-hdmi fed60000.hdmiphy: hdptx phy pll locked!
[    5.181733][    T1] rockchip-hdptx-phy-hdmi fed60000.hdmiphy: hdptx phy init success
[    5.183361][   T94] rk-pcie fe190000.pcie: invalid prsnt-gpios property in node
[    5.183385][   T94] rk-pcie fe190000.pcie: no vpcie3v3 regulator found
[    5.183653][   T95] rk-pcie fe150000.pcie: invalid prsnt-gpios property in node
[    5.183692][   T95] rk-pcie fe150000.pcie: no vpcie3v3 regulator found
[    5.183860][   T97] rk-pcie fe170000.pcie: invalid prsnt-gpios property in node
[    5.183883][   T97] rk-pcie fe170000.pcie: no vpcie3v3 regulator found
[    5.183919][   T94] rk-pcie fe190000.pcie: host bridge /pcie@fe190000 ranges:
[    5.183951][   T94] rk-pcie fe190000.pcie:       IO 0x00f4100000..0x00f41fffff -> 0x00f4100000
[    5.184009][   T94] rk-pcie fe190000.pcie:      MEM 0x00f4200000..0x00f4ffffff -> 0x00f4200000
[    5.184027][   T94] rk-pcie fe190000.pcie:      MEM 0x0a00000000..0x0a3fffffff -> 0x0a00000000
[    5.184054][    T1] pwm-backlight backlight0: supply power not found, using dummy regulator
[    5.184077][   T94] rk-pcie fe190000.pcie: iATU unroll: enabled
[    5.184089][   T94] rk-pcie fe190000.pcie: iATU regions: 8 ob, 8 ib, align 64K, limit 8G
[    5.184271][   T97] rk-pcie fe170000.pcie: host bridge /pcie@fe170000 ranges:
[    5.184297][   T97] rk-pcie fe170000.pcie:       IO 0x00f2100000..0x00f21fffff -> 0x00f2100000
[    5.184317][   T97] rk-pcie fe170000.pcie:      MEM 0x00f2200000..0x00f2ffffff -> 0x00f2200000
[    5.184334][   T97] rk-pcie fe170000.pcie:      MEM 0x0980000000..0x09bfffffff -> 0x0980000000
[    5.184386][   T97] rk-pcie fe170000.pcie: iATU unroll: enabled
[    5.184398][   T97] rk-pcie fe170000.pcie: iATU regions: 8 ob, 8 ib, align 64K, limit 8G
[    5.195044][   T95] rk-pcie fe150000.pcie: host bridge /pcie@fe150000 ranges:
[    5.195072][   T95] rk-pcie fe150000.pcie:       IO 0x00f0100000..0x00f01fffff -> 0x00f0100000
[    5.195093][   T95] rk-pcie fe150000.pcie:      MEM 0x00f0200000..0x00f0ffffff -> 0x00f0200000
[    5.195109][   T95] rk-pcie fe150000.pcie:      MEM 0x0900000000..0x093fffffff -> 0x0900000000
[    5.195162][   T95] rk-pcie fe150000.pcie: iATU unroll: enabled
[    5.195174][   T95] rk-pcie fe150000.pcie: iATU regions: 8 ob, 8 ib, align 64K, limit 8G
[    5.211071][    T1] iep: Module initialized.
[    5.211101][    T1] mpp_service mpp-srv: 231ab18f7 author: AdvantechECGRISC 2024-09-18 Initial commit
[    5.211106][    T1] mpp_service mpp-srv: probe start
[    5.212563][    T1] mpp_vepu2 jpege-ccu: probing start
[    5.212570][    T1] mpp_vepu2 jpege-ccu: probing finish
[    5.213268][    T1] mpp_rkvdec2 fdc30000.rkvdec-ccu: rkvdec-ccu, probing start
[    5.213321][    T1] mpp_rkvdec2 fdc30000.rkvdec-ccu: ccu-mode: 1
[    5.213326][    T1] mpp_rkvdec2 fdc30000.rkvdec-ccu: probing finish
[    5.213589][    T1] mpp_rkvenc2 rkvenc-ccu: probing start
[    5.213595][    T1] mpp_rkvenc2 rkvenc-ccu: probing finish
[    5.214004][    T1] mpp_service mpp-srv: probe success
[    5.223112][    T1] dma-pl330 fea10000.dma-controller: Loaded driver for PL330 DMAC-241330
[    5.223123][    T1] dma-pl330 fea10000.dma-controller:       DBUFF-128x8bytes Num_Chans-8 Num_Peri-32 Num_Events-16
[    5.223797][    T1] dma-pl330 fea30000.dma-controller: Loaded driver for PL330 DMAC-241330
[    5.223805][    T1] dma-pl330 fea30000.dma-controller:       DBUFF-128x8bytes Num_Chans-8 Num_Peri-32 Num_Events-16
[    5.224471][    T1] dma-pl330 fed10000.dma-controller: Loaded driver for PL330 DMAC-241330
[    5.224478][    T1] dma-pl330 fed10000.dma-controller:       DBUFF-128x8bytes Num_Chans-8 Num_Peri-32 Num_Events-16
[    5.224719][    T1] rockchip-pvtm fda40000.pvtm: pvtm@0 probed
[    5.224761][    T1] rockchip-pvtm fda50000.pvtm: pvtm@1 probed
[    5.224798][    T1] rockchip-pvtm fda60000.pvtm: pvtm@2 probed
[    5.224835][    T1] rockchip-pvtm fdaf0000.pvtm: pvtm@3 probed
[    5.224869][    T1] rockchip-pvtm fdb30000.pvtm: pvtm@4 probed
[    5.225231][    T1] rockchip-system-monitor rockchip-system-monitor: system monitor probe
[    5.225922][    T1] Serial: 8250/16550 driver, 15 ports, IRQ sharing disabled
[    5.226406][    T1] feb90000.serial: ttyS6 at MMIO 0xfeb90000 (irq = 40, base_baud = 1500000) is a 16550A
[    5.230891][    T1] rk_iommu fdca0000.iommu: av1d iommu enabled
[    5.232223][    T1] rockchip-vop2 fdd90000.vop: Adding to iommu group 15
[    5.241363][    T1] panel-simple edp0-panel: supply power not found, using dummy regulator
[    5.241432][    T1] panel-simple edp0-panel: Specify missing connector_type, please specify "connector-type" in dts
[    5.241611][    T1] panel-simple edp1-panel: Specify missing connector_type, please specify "connector-type" in dts
[    5.246280][    T1] brd: module loaded
[    5.250287][    T1] loop: module loaded
[    5.250442][    T1] zram: Added device: zram0
[    5.250879][    T1] system_heap: orders[0] = 6
[    5.250886][    T1] system_heap: orders[1] = 4
[    5.250891][    T1] system_heap: orders[2] = 0
[    5.251207][    T1] SCSI Media Changer driver v0.25
[    5.252610][    T1] rockchip-spi feb10000.spi: no high_speed pinctrl state
[    5.253369][    T1] spi-nor spi1.0: w25q64dw (8192 Kbytes) read_data x1
[    5.254324][    T1] spi-nor spi1.1: unrecognized JEDEC id bytes: ff ff ff ff ff ff
[    5.254342][    T1] rockchip-spi feb10000.spi: probed, poll=0, rsd=0, cs-inactive=0, ready=0
[    5.254621][    T1] rockchip-spi feb20000.spi: no high_speed pinctrl state
[    5.254931][    T1] spi spi2.0: Fixed dependency cycle(s) with /spi@feb20000/rk806single@0/regulators/DCDC_REG7
[    5.254973][    T1] spi spi2.0: Fixed dependency cycle(s) with /spi@feb20000/rk806single@0/pinctrl_rk806/rk806_dvs1_pwrdn
[    5.254983][    T1] spi spi2.0: Fixed dependency cycle(s) with /spi@feb20000/rk806single@0/pinctrl_rk806/rk806_dvs3_null
[    5.254992][    T1] spi spi2.0: Fixed dependency cycle(s) with /spi@feb20000/rk806single@0/pinctrl_rk806/rk806_dvs2_null
[    5.255001][    T1] spi spi2.0: Fixed dependency cycle(s) with /spi@feb20000/rk806single@0/pinctrl_rk806/rk806_dvs1_null
[    5.255436][    T1] rk806 spi2.0: chip id: RK806,ver:0x2, 0x1
[    5.255571][    T1] rk806 spi2.0: ON: 0x40 OFF:0x0
[    5.266672][    T1] rk806 spi2.0: no sleep-setting state
[    5.266681][    T1] rk806 spi2.0: no reset-setting pinctrl[ state
[    5.266687][    T1] rk806 spi2.0: no dvs-setting pinctrl state
[    5.269306][    T1] rockchip-spi feb20000.spi: probed, poll=0, rsd=0, cs-inactive=0, ready=0
[    5.269745][    T1] rockchip-spi feb30000.spi: no high_speed pinctrl state
[    5.270487][    T1] spi-nor spi3.0: w25q64dw (8192 Kbytes) read_data x1
[    5.271435][    T1] spi-nor spi3.1: unrecognized JEDEC id bytes: ff ff ff ff ff ff
[    5.271452][    T1] rockchip-spi feb30000.spi: probed, poll=0, rsd=0, cs-inactive=0, ready=0
[    5.272471][    T1] tun: Universal TUN/TAP device driver, 1.6
[    5.273295][    T1] rk_gmac-dwmac fe1b0000.ethernet: IRQ eth_lpi not found
[    5.273434][    T1] rk_gmac-dwmac fe1b0000.ethernet: supply phy not found, using dummy regulator
[    5.273489][    T1] rk_gmac-dwmac fe1b0000.ethernet: clock input or output? (output).
[    5.273497][    T1] rk_gmac-dwmac fe1b0000.ethernet: TX delay(0x39).
[    5.273503][    T1] rk_gmac-dwmac fe1b0000.ethernet: RX delay(0x28).
[    5.273512[][    T1] rk_gmac-dwmac fe1b0000.ethernet: integrated PHY? (no).
[    5.273520][    T1] rk_gmac-dwmac fe1b0000.ethernet: cannot get clock mac_clk_rx
[    5.273526][    T1] rk_gmac-dwmac fe1b0000.ethernet: cannot get clock mac_clk_tx
[    5.273537][    T1] rk_gmac-dwmac fe1b0000.ethernet: cannot get clock clk_mac_speed
[    5.273755][    T1] rk_gmac-dwmac fe1b0000.ethernet: init for RGMII
[    5.273886][    T1] rk_gmac-dwmac fe1b0000.ethernet: User ID: 0x30, Synopsys ID: 0x51
[    5.273893][    T1] rk_gmac-dwmac fe1b0000.ethernet:         DWMAC4/5
[    5.273899][    T1] rk_gmac-dwmac fe1b0000.ethernet: DMA HW capability register supported
[    5.273905][    T1] rk_gmac-dwmac fe1b0000.ethernet: RX Checksum Offload Engine supported
[    5.273910][    T1] rk_gmac-dwmac fe1b0000.ethernet: TX Checksum insertion supported
[    5.273915][    T1] rk_gmac-dwmac fe1b0000.ethernet: Wake-Up On Lan supported
[    5.273944][    T1] rk_gmac-dwmac fe1b0000.ethernet: TSO supported
[    5.273949][    T1] rk_gmac-dwmac fe1b0000.ethernet: Enable RX Mitigation via HW Watchdog Timer
[    5.273955][    T1] rk_gmac-dwmac fe1b0000.ethernet: Enabled L3L4 Flow TC (entries=2)
[    5.273961][    T1] rk_gmac-dwmac fe1b0000.ethernet: Enabled RFS Flow TC (entries=10)
[    5.273967][    T1] rk_gmac-dwmac fe1b0000.ethernet: TSO feature enabled
[    5.273972][    T1] rk_gmac-dwmac fe1b0000.ethernet: Using 32/32 bits DMA host/device width
[    5.392096][   T97] rk-pcie fe170000.pcie: PCIe Linking... LTSSM is 0x3
[    5.392099][   T94] rk-pcie fe190000.pcie: PCIe Linking... LTSSM is 0x3
[    5.404095][   T95] rk-pcie fe150000.pcie: PCIe Linking... LTSSM is 0x0
[    5.418972][   T94] rk-pcie fe190000.pcie: PCIe Linking... LTSSM is 0x3
[    5.418974][   T97] rk-pcie fe170000.pcie: PCIe Linking... LTSSM is 0x3
[    5.430973][   T95] rk-pcie fe150000.pcie: PCIe Linking... LTSSM is 0x0
[    5.446969][   T94] rk-pcie fe190000.pcie: PCIe Linking... LTSSM is 0x3
[    5.446972][   T97] rk-pcie fe170000.pcie: PCIe Linking... LTSSM is 0x3
[    5.458972][   T95] rk-pcie fe150000.pcie: PCIe Linking... LTSSM is 0x0
[    5.464578][    T1] mdio_bus stmmac-0:04: disable 125M clk
[    5.465707][    T1] rk_gmac-dwmac fe1c0000.ethernet: IRQ eth_lpi not found
[    5.465837][    T1] rk_gmac-dwmac fe1c0000.ethernet: supply phy not found, using dummy regulator
[    5.465890][    T1] rk_gmac-dwmac fe1c0000.ethernet: clock input or output? (output).
[    5.465896][    T1] rk_gmac-dwmac fe1c0000.ethernet: TX delay(0x38).
[    5.465902][    T1] rk_gmac-dwmac fe1c0000.ethernet: RX delay(0x2e).
[    5.465911][    T1] rk_gmac-dwmac fe1c0000.ethernet: integrated PHY? (no).
[    5.465918][    T1] rk_gmac-dwmac fe1c0000.ethernet: cannot get clock mac_clk_rx
[    5.465924][    T1] rk_gmac-dwmac fe1c0000.ethernet: cannot get clock mac_clk_tx
[    5.465935][    T1] rk_gmac-dwmac fe1c0000.ethernet: cannot get clock clk_mac_speed
[    5.466152][    T1] rk_gmac-dwmac fe1c0000.ethernet: init for RGMII
[    5.466270][    T1] rk_gmac-dwmac fe1c0000.ethernet: User ID: 0x30, Synopsys ID: 0x51
[    5.466277][    T1] rk_gmac-dwmac fe1c0000.ethernet:         DWMAC4/5
[    5.466283][    T1] rk_gmac-dwmac fe1c0000.ethernet: DMA HW capability register supported
[    5.466289][    T1] rk_gmac-dwmac fe1c0000.ethernet: RX Checksum Offload Engine supported
[    5.466294][    T1] rk_gmac-dwmac fe1c0000.ethernet: TX Checksum insertion supported
[    5.466299][    T1] rk_gmac-dwmac fe1c0000.ethernet: Wake-Up On Lan supported
[    5.466326][    T1] rk_gmac-dwmac fe1c0000.ethernet: TSO supported
[    5.466331][    T1] rk_gmac-dwmac fe1c0000.ethernet: Enable RX Mitigation via HW Watchdog Timer
[    5.466337][    T1] rk_gmac-dwmac fe1c0000.ethernet: Enabled L3L4 Flow TC (entries=2)
[    5.466343][    T1] rk_gmac-dwmac fe1c0000.ethernet: Enabled RFS Flow TC (entries=10)
[    5.466348][    T1] rk_gmac-dwmac fe1c0000.ethernet: TSO feature enabled
[    5.466354][    T1] rk_gmac-dwmac fe1c0000.ethernet: Using 32/32 bits DMA host/device width
[    5.474970][   T94] rk-pcie fe190000.pcie: PCIe Linking... LTSSM is 0x3
[    5.656570][    T1] mdio_bus stmmac-1:04: disable 125M clk
[    5.658376][    T1] mdio_bus stmmac-1:04: disable 125M clk
[    5.659354][    T1] PPP generic driver version 2.4.2
[    5.659420][    T1] PPP BSD Compression module registered
[    5.659426][    T1] PPP Deflate Compression module registered
[    5.659442][    T1] PPP MPPE Compression module registered
[    5.659448][    T1] NET: Registered PF_PPPOX protocol family
[    5.659461][    T1] PPTP driver version 0.8.5
[    5.659609][    T1] usbcore: registered new interface driver catc
[    5.659625][    T1] usbcore: registered new interface driver kaweth
[    5.659630][    T1] pegasus: Pegasus/Pegasus II USB Ethernet driver
[    5.659644][    T1] usbcore: registered new interface driver pegasus
[    5.659659][    T1] usbcore: registered new interface driver rtl8150
[    5.659669][    T1] usbcore: registered new device driver r8152-cfgselector
[    5.659686][    T1] usbcore: registered new interface driver r8152
[    5.659691][    T1] hso: drivers/net/usb/hso.c: Option Wireless
[    5.659713][    T1] usbcore: registered new interface driver hso
[    5.659730][    T1] usbcore: registered new interface driver asix
[    5.659744][    T1] usbcore: registered new interface driver ax88179_178a
[    5.659758][    T1] usbcore: registered new interface driver cdc_ether
[    5.659772][    T1] usbcore: registered new interface driver cdc_eem
[    5.659787][    T1] usbcore: registered new interface driver dm9601
[    5.659804][    T1] usbcore: registered new interface driver smsc75xx
[    5.659824][    T1] usbcore: registered new interface driver smsc95xx
[    5.659839][    T1] usbcore: registered new interface driver gl620a
[    5.659854][    T1] usbcore: registered new interface driver net1080
[    5.659868][    T1] usbcore: registered new interface driver plusb
[    5.659882][    T1] usbcore: registered new interface driver rndis_host
[    5.659897][    T1] usbcore: registered new interface driver cdc_subset
[    5.659912][    T1] usbcore: registered new interface driver zaurus
[    5.659926][    T1] usbcore: registered new interface driver MOSCHIP usb-ethernet driver
[    5.659943][    T1] usbcore: registered new interface driver int51x1
[    5.659958][    T1] usbcore: registered new interface driver kalmia
[    5.659972][    T1] usbcore: registered new interface driver ipheth
[    5.659986][    T1] usbcore: registered new interface driver sierra_net
[    5.660001][    T1] usbcore: registered new interface driver cx82310_eth
[    5.660019][    T1] usbcore: registered new interface driver cdc_ncm
[    5.660035][    T1] usbcore: registered new interface driver qmi_wwan_q
[    5.660049][    T1] usbcore: registered new interface driver cdc_mbim
[    5.660064][    T1] usbcore: registered new interface driver r8153_ecm
[    5.663154][    T1] xhci-hcd xhci-hcd.3.auto: xHCI Host Controller
[    5.663228][    T1] xhci-hcd xhci-hcd.3.auto: new USB bus registered, assigned bus number 1
[    5.663296][    T1] xhci-hcd xhci-hcd.3.auto: hcc params 0x0220fe64 hci version 0x110 quirks 0x0000808002010010
[    5.663324][    T1] xhci-hcd xhci-hcd.3.auto: irq 72, io mem 0xfcd00000
[    5.663384][    T1] xhci-hcd xhci-hcd.3.auto: xHCI Host Controller
[    5.663441][    T1] xhci-hcd xhci-hcd.3.auto: new USB bus registered, assigned bus number 2
[    5.663449][    T1] xhci-hcd xhci-hcd.3.auto: Host supports USB 3.0 SuperSpeed
[    5.663507][    T1] usb usb1: New USB device found, idVendor=1d6b, idProduct=0002, bcdDevice= 6.01
[    5.663515][    T1] usb usb1: New USB device strings: Mfr=3, Product=2, SerialNumber=1
[    5.663522][    T1] usb usb1: Product: xHCI Host Controller
[    5.663527][    T1] usb usb1: Manufacturer: Linux 6.1.75 xhci-hcd
[    5.663534][    T1] usb usb1: SerialNumber: xhci-hcd.3.auto
[    5.663718][    T1] hub 1-0:1.0: USB hub found
[    5.663733][    T1] hub 1-0:1.0: 1 port detected
[    5.663859][    T1] usb usb2: We don't know the algorithms for LPM for this host, disabling LPM.
[    5.663896][    T1] usb usb2: New USB device found, idVendor=1d6b, idProduct=0003, bcdDevice= 6.01
[    5.663903][    T1] usb usb2: New USB device strings: Mfr=3, Product=2, SerialNumber=1
[    5.663909][    T1] usb usb2: Product: xHCI Host Controller
[    5.663914][    T1] usb usb2: Manufacturer: Linux 6.1.75 xhci-hcd
[    5.663920][    T1] usb usb2: SerialNumber: xhci-hcd.3.auto
[    5.664070][    T1] hub 2-0:1.0: USB hub found
[    5.664082][    T1] hub 2-0:1.0: 1 port detected
[    5.664219][    T1] usbcore: registered new interface driver cdc_acm
[    5.664225][    T1] cdc_acm: USB Abstract Control Model driver for USB modems and ISDN adapters
[    5.664246][    T1] usbcore: registered new interface driver usblp
[    5.664262][    T1] usbcore: registered new interface driver cdc_wdm
[    5.664380][    T1] usbcore: registered new interface driver uas
[    5.664406][    T1] usbcore: registered new interface driver usb-storage
[    5.664421][    T1] usbcore: registered new interface driver ums-alauda
# [    5.664437][    T1] usbcore: registered new interface driver ums-cypress
[    5.664452][    T1] usbcore: registered new interface driver ums-datafab
recovery filesystem table
[    5.664466][    T1] usbcore: registered new interface driver ums_eneub6250
=========================
[    5.664482][    T1] usbcore: registered new interface driver ums-freecom
  0 /system  erofs system 0
[    5.664497][    T1] usbcore: registered new interface driver ums-isd200
  1 /system  ext4 system 0
[    5.664511][    T1] usbcore: registered new interface driver ums-jumpshot
  2 /vendor  erofs vendor 0
[    5.664525][    T1] usbcore: registered new interface driver ums-karma
  3 /vendor  ext4 vendor 0
[    5.664540][    T1] usbcore: registered new interface driver ums-onetouch
  4 /odm  erofs odm 0
[    5.664556][    T1] usbcore: registered new interface driver ums-sddr09
  5 /odm  ext4 odm 0
[    5.664571][    T1] usbcore: registered new interface driver ums-sddr55
  6 /cache  ext4 /dev/block/by-name/cache 0
[    5.664586][    T1] usbcore: registered new interface driver ums-usbat
  7 /metadata  ext4 /dev/block/by-name/metadata 0
[    5.664615][    T1] usbcore: registered new interface driver usbserial_generic
  8 /boot  emmc /dev/block/by-name/boot 0
[    5.664625][    T1] usbserial: USB Serial support registered for generic
  9 /misc  emmc /dev/block/by-name/misc 0
[    5.664640][    T1] usbcore: registered new interface driver option
  10 /backup  emmc /dev/block/by-name/backup 0
[    5.664650][    T1] usbserial: USB Serial support registered for GSM modem (1-port)
  11 /baseparamer  emmc /dev/block/by-name/baseparamer 0
[    5.664689][    T1] usbcore: registered new interface driver trancevibrator
  12 /mnt/external_sd  vfat /dev/block/mmcblk0p1 0
[    5.664788][   T10] ehci-platform fc800000.usb: EHCI Host Controller
  13 auto  vfat /devices/platform/*usb* 0
[    5.664801][   T82] ohci-platform fc840000.usb: Generic Platform OHCI controller
  14 auto  vfat /devices/platform/*.sata* 0
[    5.664875][   T10] ehci-platform fc800000.usb: new USB bus registered, assigned bus number 3
  15 auto  vfat /devices/platform/*.pcie* 0
[    5.664889][    T1] usbcore: registered new interface driver xpad
  16 auto  auto /devices/platform/fe2c0000.mmc/mmc_host* 0
[    5.664915][    T1] usbcore: registered new interface driver usb_acecad
  17 /data  f2fs /dev/block/by-name/userdata 0
[    5.664931][   T10] ehci-platform fc800000.usb: irq 73, io mem 0xfc800000
  18 /metadata  f2fs /dev/block/by-name/metadata 0
[    5.664934][    T1] usbcore: registered new interface driver aiptek
  19 /frp  emmc /dev/block/by-name/frp 0
[    5.664948][    T1] usbcore: registered new interface driver hanwang
  20 /uboot  emmc /dev/block/by-name/uboot 0
[    5.664965][    T1] usbcore: registered new interface driver kbtab
  21 /recovery  emmc /dev/block/by-name/recovery 0
[    5.664969][    T1] <I>CTS-SPIDrv Chipone touch driver init, version: v3.6.3
  22 /vbmeta  emmc /dev/block/by-name/vbmeta 0
[    5.664974][    T1] <I>CTS-SPIDrv  - Register i2c driver
  23 /dtbo  emmc /dev/block/by-name/dtbo 0
[    5.664980][   T82] ohci-platform fc840000.usb: new USB bus registered, assigned bus number 4
  24 /system_dlkm  erofs system_dlkm 0
[    5.664994][    T1] <I>CTS-SPIDrv  - Register touch driver successfully
  25 /system_dlkm  ext4 system_dlkm 0
[    5.665007][    T1] cyttsp5_loader_init: Parade TTSP FW Loader Driver (Built TTDA.03.08.874312) rc=0
  26 /system_ext  erofs system_ext 0
[    5.665058][    T1] pt_loader_init: Parade FW Loader Driver (Version TTDL.04.11.977092) rc=0
  27 /system_ext  ext4 system_ext 0
[    5.665101][   T82] ohci-platform fc840000.usb: irq 74, io mem 0xfc840000
  28 /vendor_dlkm  erofs vendor_dlkm 0
[    5.666290][    T1] input: rk805 pwrkey as /devices/platform/feb20000.spi/spi_master/spi2/spi2.0/rk805-pwrkey.1.auto/input/input0
  29 /vendor_dlkm  ext4 vendor_dlkm 0
[    5.666502][    T1] i2c_dev: i2c /dev entries driver
  30 /odm_dlkm  erofs odm_dlkm 0
[    5.678959][   T10] ehci-platform fc800000.usb: USB 2.0 started, EHCI 1.00
  31 /odm_dlkm  ext4 odm_dlkm 0
[    5.679076][   T10] usb usb3: New USB device found, idVendor=1d6b, idProduct=0002, bcdDevice= 6.01
  32 /product  erofs product 0
[    5.679086][   T10] usb usb3: New USB device strings: Mfr=3, Product=2, SerialNumber=1
  33 /product  ext4 product 0
[    5.679093][   T10] usb usb3: Product: EHCI Host Controller
  34 /tmp  ramdisk ramdisk 0
[    5.679099][   T10] usb usb3: Manufacturer: Linux 6.1.75 ehci_hcd

[    5.679105][   T10] usb usb3: SerialNumber: fc800000.usb
exit=================
[    5.679299][   T10] hub 3-0:1.0: USB hub found
result_point[0] is ----/dev/block/mmcblk0
[    5.679321][   T10] hub 3-0:1.0: 1 port detected
111
[    5.684569][    T1] pca953x 3-0027: supply vcc not found, using dummy regulator
emmc_point is /dev/block/mmcblk0
[    5.684694][    T1] pca953x 3-0027: using no AI
sd_point is (null)
[    5.688121][    T1] pca953x 5-0027: supply vcc not found, using dummy regulator
sd_point_2 is (null)
[    5.688229][    T1] pca953x 5-0027: using no AI
read cmdline
[    5.693096][    T1] rtc-rs5c372 6-0032: rs5c372a found, 24hr
I:Boot command: boot-recovery
[    5.699969][    T1] rtc-rs5c372 6-0032: registered as rtc0
I:Got 2 arguments from boot message
[    5.701683][    T1] rtc-rs5c372 6-0032: setting system clock to 2025-08-18T06:23:09 UTC (1755498189)
ensure_path_mounted path=/cache/recovery/last_locale
[    5.702106][    T1] pca953x 6-0027: supply vcc not found, using dummy regulator
I:[libfs_mgr] superblock s_max_mnt_count:65535,/dev/block/by-name/cache
[    5.702220][    T1] pca953x 6-0027: using no AI
I:[libfs_mgr] Filesystem on /dev/block/by-name/cache was not cleanly shutdown; state flags: 0x1, incompat feature flags: 0x46
[    5.705218][    T1] i2c 6-0022: Fixed dependency cycle(s) with /usbdrd3_0/usb@fc000000/port/endpoint@0
I:[libfs_mgr] check_fs(): mount(/dev/block/by-name/cache,/cache,ext4)=0: Success
[    5.708432][    T1] rockchip-mipi-csi2-hw fdd10000.mipi0-csi2-hw: enter mipi csi2 hw probe!
I:[libfs_mgr] umount_retry(): unmount(/cache) succeeded
[    5.708602][    T1] rockchip-mipi-csi2-hw fdd10000.mipi0-csi2-hw: probe success, v4l2_dev:mipi0-csi2-hw!
I:[libfs_mgr] Not running /system/bin/e2fsck on /dev/block/mmcblk0p10 (executable not in system image)
[    5.708677][    T1] rockchip-mipi-csi2-hw fdd20000.mipi1-csi2-hw: enter mipi csi2 hw probe!
I:[libfs_mgr] __mount(source=/dev/block/by-name/cache,target=/cache,type=ext4)=0: Success
[    5.708838][    T1] rockchip-mipi-csi2-hw fdd20000.mipi1-csi2-hw: probe success, v4l2_dev:mipi1-csi2-hw!
Loading make_device from librecovery_ui_ext.so
[    5.708909][    T1] rockchip-mipi-csi2-hw fdd30000.mipi2-csi2-hw: enter mipi csi2 hw probe!
W:Failed to read max brightness: No such file or directory
[    5.709083][    T1] rockchip-mipi-csi2-hw fdd30000.mipi2-csi2-hw: probe success, v4l2_dev:mipi2-csi2-hw!
I:Screensaver disabled
[    5.709157][    T1] rockchip-mipi-csi2-hw fdd40000.mipi3-csi2-hw: enter mipi csi2 hw probe!
Display Mode 0 resolution: 1368 x 768 @ 60 FPS
[    5.709318][    T1] rockchip-mipi-csi2-hw fdd40000.mipi3-csi2-hw: probe success, v4l2_dev:mipi3-csi2-hw!
Choosing display mode #0
[    5.709391][    T1] rockchip-mipi-csi2-hw fdd50000.mipi4-csi2-hw: enter mipi csi2 hw probe!
Display Mode 0 resolution: 3840 x 2160 @ 30 FPS
[    5.709547][    T1] rockchip-mipi-csi2-hw fdd50000.mipi4-csi2-hw: probe success, v4l2_dev:mipi4-csi2-hw!
Choosing display mode #0
[    5.709619][    T1] rockchip-mipi-csi2-hw fdd60000.mipi5-csi2-hw: enter mipi csi2 hw probe!
Allocating buffer with resolution 1368 x 768 pitch: 5504 bpp: 32, size: 4227072
[    5.709783][    T1] rockchip-mipi-csi2-hw fdd60000.mipi5-csi2-hw: probe success, v4l2_dev:mipi5-csi2-hw!
Framebuffer of size 4227072 allocated @ 0x78dfd3d000
[    5.714334][    T1] rk_hdmirx fdee0000.hdmirx-controller: No reserved memory for HDMIRX, use default CMA
Allocating buffer with resolution 1368 x 768 pitch: 5504 bpp: 32, size: 4227072
[    5.714372][    T1] rk_hdmirx fdee0000.hdmirx-controller: hdmirx_get_phy_cpuid_func: mpidr: 0x0000000100, phy_cpuid:0x1
Framebuffer of size 4227072 allocated @ 0x78df935000
[    5.714393][    C1] rk_hdmirx fdee0000.hdmirx-controller: hdmirx_get_phy_cpuid_func: mpidr: 0x0000000400, phy_cpuid:0x4
Allocating buffer with resolution 3840 x 2160 pitch: 15360 bpp: 32, size: 33177600
[    5.714413][    T1] rk_hdmirx fdee0000.hdmirx-controller: hdmirx_probe: cpu_aff:0x400, Bound_cpu:1, wdt_cfg_bound_cpu:2, phy_cpuid:4
Framebuffer of size 33177600 allocated @ 0x78dd991000
[    5.714967][    T1] rk_hdmirx fdee0000.hdmirx-controller: hdmirx_audio_interrupts_setup: 0
Allocating buffer with resolution 3840 x 2160 pitch: 15360 bpp: 32, size: 33177600
[    5.716461][    T1] rk_hdmirx fdee0000.hdmirx-controller: rk_hdmirx_hdcp_register success
Framebuffer of size 33177600 allocated @ 0x78db9ed000
[    5.716509][    T1] rk_hdmirx fdee0000.hdmirx-controller: fdee0000.hdmirx-controller driver probe ok!
          erasing_text: en (47 x 19 @ 700)
[    5.717282][    T1] usbcore: registered new interface driver uvcvideo
       no_command_text: en (83 x 19 @ 700)
[    5.718454][    T1] test_power_init: could not find dev node
            error_text: en (33 x 19 @ 700)
[    5.727131][   T82] usb usb4: New USB device found, idVendor=1d6b, idProduct=0001, bcdDevice= 6.01
W:Failed to load bitmap cancel_wipe_data_text for locale en-US (error -1). Falling back to use default locale.
[    5.727153][   T82] usb usb4: New USB device strings: Mfr=3, Product=2, SerialNumber=1
E:Failed to load bitmap cancel_wipe_data_text for locale en-US (error -1)
[    5.727169][   T82] usb usb4: Product: Generic Platform OHCI controller
W:Failed to load bitmap factory_data_reset_text for locale en-US (error -1). Falling back to use default locale.
[    5.727183][   T82] usb usb4: Manufacturer: Linux 6.1.75 ohci_hcd
E:Failed to load bitmap factory_data_reset_text for locale en-US (error -1)
[    5.727197][   T82] usb usb4: SerialNumber: fc840000.usb
W:Failed to load bitmap try_again_text for locale en-US (error -1). Falling back to use default locale.
[    5.727584][   T82] hub 4-0:1.0: USB hub found
E:Failed to load bitmap try_again_text for locale en-US (error -1)
[    5.727625][   T82] hub 4-0:1.0: 1 port detected
W:Failed to load bitmap wipe_data_confirmation_text for locale en-US (error -1). Falling back to use default locale.
[    5.778973][    T1] adv-wdt-gd32e2-i2c 6-0071: Advantech Watchdog Set timeout = 60
E:Failed to load bitmap wipe_data_confirmation_text for locale en-US (error -1)
[    5.859067][    T1] adv-wdt-gd32e2-i2c 6-0071: Advantech GD32 Watchdog : timeout=60s (nowayout=0), Ver.0101
W:Failed to load bitmap wipe_data_menu_header_text for locale en-US (error -1). Falling back to use default locale.
[    5.859235][    T1] device-mapper: uevent: version 1.0.3
E:Failed to load bitmap wipe_data_menu_header_text for locale en-US (error -1)
[    5.859418][    T1] device-mapper: ioctl: 4.47.0-ioctl (2022-07-28) initialised: dm-devel@redhat.com
I:Starting recovery (pid 200) on Mon Aug 18 06:23:10 2025
[    5.859579][    T1] Bluetooth: HCI UART driver ver 2.3

[    5.859595][    T1] Bluetooth: HCI UART protocol H4 registered
I:locale is [en-US]
[    5.859608][    T1] rtk_btusb: RTKBT_RELEASE_NAME: 20240617_BT_ANDROID_14.0
SELinux: Loaded file context from:
[    5.859620][    T1] rtk_btusb: Realtek Bluetooth USB driver module init, version 20240617_BT_ANDROID_14.0
                /plat_file_contexts
[    5.859632][    T1] rtk_btusb: Register usb char device interface for BT driver
                /system_ext_file_contexts
[    5.859799][    T1] usbcore: registered new interface driver rtk_btusb
                /product_file_contexts
[    5.861330][    T1] cpu cpu0: bin=0
                /vendor_file_contexts
[    5.861534][    T1] cpu cpu0: leakage=13
                /odm_file_contexts
[    5.863164][    T1] cpu cpu0: pvtm=1449
stage is []
[    5.863479][    T1] cpu cpu0: pvtm-volt-sel=2
reason is []
[    5.865884][    T1] cpu cpu1: bin=0
       installing_text: en (156 x 19 @ 700)
[    5.866083][    T1] cpu cpu1: leakage=10
ensure_path_mounted path=/metadata
[    5.872876][    T1] cpu cpu1: pvtm=1697
I:[libfs_mgr] superblock s_max_mnt_count:65535,/dev/block/by-name/metadata
[    5.877107][    T1] cpu cpu1: pvtm-volt-sel=4
I:[libfs_mgr] Filesystem on /dev/block/by-name/metadata was not cleanly shutdown; state flags: 0x1, incompat feature flags: 0x46
[    5.880215][    T1] cpu cpu3: bin=0
I:[libfs_mgr] check_fs(): mount(/dev/block/by-name/metadata,/metadata,ext4)=0: Success
[    5.880413][    T1] cpu cpu3: leakage=10
I:[libfs_mgr] umount_retry(): unmount(/metadata) succeeded
[    5.887203][    T1] cpu cpu3: pvtm=1691
I:[libfs_mgr] Not running /system/bin/e2fsck on /dev/block/mmcblk0p11 (executable not in system image)
[    5.891436][    T1] cpu cpu3: pvtm-volt-sel=4
I:[libfs_mgr] superblock s_max_mnt_count:65535,/dev/block/by-name/metadata
[    5.893844][    T1] cpu cpu0: avs=0
ERROR:   recovery: [libfs_mgr] Unable to enable ext4 verity on /dev/block/by-name/metadata because /system/bin/tune2fs is missing
[    5.895380][    T1] cpu cpu1: avs=0
I:[libfs_mgr] __mount(source=/dev/block/by-name/metadata,target=/metadata,type=ext4)=0: Success
[    5.896742][    T1] cpu cpu3: avs=0
Command: "/system/bin/recovery" "--wipe_all"
[    5.896936][    T1] cpu cpu0: l=15000 h=85000 hyst=5000 l_limit=0 h_limit=1608000000 h_table=0

[    5.897473][    T1] cpu cpu0: EM: created perf domain
bluetooth.profile.bas.client.enabled=true
[    5.898074][    T1] cpu cpu1: l=15000 h=85000 hyst=5000 l_limit=0 h_limit=2208000000 h_table=0
bluetooth.profile.hfp.ag.enabled=true
[    5.906391][    T1] cpu cpu1: EM: created perf domain
bluetooth.profile.hid.host.enabled=true
[    5.907257][    T1] cpu cpu3: l=15000 h=85000 hyst=5000 l_limit=0 h_limit=2208000000 h_table=0
bluetooth.profile.hid.device.enabled=true
[    5.921628][    T1] cpu cpu3: EM: created perf domain
bluetooth.profile.map.server.enabled=true
[    5.922579][    T1] sdhci: Secure Digital Host Controller Interface driver
bluetooth.profile.opp.enabled=true
[    5.922588][    T1] sdhci: Copyright(c) Pierre Ossman
bluetooth.profile.pan.nap.enabled=true
[    5.922595][    T1] Synopsys Designware Multimedia Card Interface Driver
bluetooth.profile.pan.panu.enabled=true
[    5.923101][    T1] sdhci-pltfm: SDHCI platform and OF driver helper
bluetooth.profile.sap.server.enabled=true
[    5.923224][   T82] dwmmc_rockchip fe2c0000.mmc: No normal pinctrl state
bluetooth.profile.a2dp.source.enabled=true
[    5.923229][   T82] dwmmc_rockchip fe2c0000.mmc: No idle pinctrl state
bluetooth.profile.asha.central.enabled=true
[    5.923271][   T82] dwmmc_rockchip fe2c0000.mmc: IDMAC supports 32-bit address mode.
bluetooth.profile.gatt.enabled=true
[    5.923279][   T82] dwmmc_rockchip fe2c0000.mmc: Using internal DMA controller.
bluetooth.profile.pbap.server.enabled=true
[    5.923284][   T82] dwmmc_rockchip fe2c0000.mmc: Version ID is 270a
bluetooth.profile.avrcp.target.enabled=true
[    5.923300][   T82] dwmmc_rockchip fe2c0000.mmc: DW MMC controller at irq 99,32 bit host data width,256 deep fifo
persist.bluetooth.btsnooppath=/data/misc/bluetooth/logs/btsnoop_hci.log
[    5.924125][   T10] mmc0: CQHCI version 5.10
persist.bluetooth.btsnoopsize=0xffff
[    5.924481][    T1] arm-scmi firmware:scmi: Failed. SCMI protocol 17 not active.
persist.bluetooth.showdeviceswithoutnames=false
[    5.924581][    T1] SMCCC: SOC_ID: ID = jep106:0001:0002 Revision = 0xfffffffd
ro.boot.vr=0
[    5.925135][    T1] cryptodev: driver 1.12 loaded.
ro.boot.mode=normal
[    5.925169][    T1] hid: raw HID events driver (C) Jiri Kosina
ro.boot.flash.locked=0
[    5.926831][    T1] usbcore: registered new interface driver usbhid
ro.boot.fwver=ddr-v1.17-3488111f83,spl-v1.13,bl31-v1.46,bl32-v1.16,uboot-14012-08/18/2025
[    5.926840][    T1] usbhid: USB HID core driver
ro.boot.console=ttyFIQ0
[    5.927008][    T1] ashmem: initialized
ro.boot.dtb_idx=0
[    5.930372][    T1] optee: probing for conduit method.
ro.boot.dtbo_idx=0
[    5.930396][    T1] optee: revision 3.13 (185dc3c9)
ro.boot.hardware=rk30board
[    5.930519][    T1] optee: dynamic shared memory is enabled
ro.boot.factorytime=20250624
[    5.930631][    T1] optee: initialized driver
ro.boot.boot_devices=fe2e0000.mmc
[    5.930919][    T1] usbcore: registered new interface driver snd-usb-audio
ro.boot.storagemedia=emmc
[    5.934580][    T1] rt5640 3-001c: Device with ID register 0x0 is not rt5640/39
ro.boot.verifiedbootstate=orange
[    5.936049][   T82] mmc_host mmc1: Bus speed (slot 0) = 400000Hz (slot req 400000Hz, actual 400000HZ div = 0)
ro.baseband=unknown
[    5.938956][   T96] usb 3-1: new high-speed USB device number 2 using ehci-platform
ro.bootmode=normal
[    5.947412][    T1] rockchip-i2s-tdm fddf0000.i2s: CLK-ALWAYS-ON: mclk: 12288000, bclk: 3072000, fsync: 48000
ro.hardware=rk30board
[    5.947957][    T1] rockchip-i2s-tdm fe470000.i2s: Register PCM for TRCM mode
ro.revision=0
[    5.948344][    T1] rockchip-i2s-tdm fe480000.i2s: Register PCM for TRCM mode
ro.bootloader=unknown
[    5.948766][    T1] rockchip-i2s-tdm fddf4000.i2s: CLK-ALWAYS-ON: mclk: 12288000, bclk: 3072000, fsync: 48000
ro.boottime.adbd=3115591416
[    5.954857][   T10] mmc0: SDHCI controller on fe2e0000.mmc [fe2e0000.mmc] using ADMA
ro.boottime.init=1926584124
[    5.962601][    T1] debugfs: File 'Capture' in directory 'dapm' already present!
ro.boottime.init.fsck.cache=6
[    5.963165][    T1] input: rockchip,hdmiin rockchip,hdmiin as /devices/platform/hdmiin-sound/sound/card0/input1
ro.boottime.init.fsck.metadata=7
[    5.963569][    T1] Mirror/redirect action on
ro.boottime.init.mount.cache=2
[    5.963588][    T1] netem: version 1.3
ro.boottime.init.mount.metadata=11
[    5.963595][    T1] u32 classifier
ro.boottime.init.selinux=257792584
[    5.963601][    T1]     input device check on
ro.boottime.init.first_stage=11915500
[    5.963607][    T1]     Actions configured
ro.boottime.init.cold_boot_wait=293
[    5.964143][    T1] xt_time: kernel timezone is -0000
ro.boottime.vendor.health-rockchip=2539429874
[    5.964211][    T1] gre: GRE over IPv4 demultiplexor driver
ro.boottime.vendor.fastboot-default=2536480833
[    5.964219][    T1] IPv4 over IPsec tunneling driver
ro.boottime.console=2531874249
[    5.964517][    T1] Initializing XFRM netlink socket
ro.boottime.ueventd=2226475916
[    5.964533][    T1] IPsec XFRM device driver
ro.boottime.recovery=2534661416
[    5.964732][    T1] NET: Registered PF_INET6 protocol family
ro.boottime.servicemanager=2525624999
[    5.965427][    T1] Segment Routing with IPv6
ro.boottime.rockchip_udc_detector=2527700208
[    5.965444][    T1] In-situ OAM (IOAM) with IPv6
ro.odm.build.date=Mon Aug 18 10:55:53 CST 2025
[    5.965490][    T1] mip6: Mobile IPv6
ro.odm.build.date.utc=1755485753
[    5.965789][    T1] sit: IPv6, IPv4 and MPLS over IPv4 tunneling driver
ro.odm.build.version.incremental=eng.adv.20250807.172714
[    5.966256][    T1] NET: Registered PF_PACKET protocol family
ro.odm.build.fingerprint=rockchip/aom3821_u/aom3821_u:14/UQ1A.240205.004.B1/adv08181055:userdebug/release-keys
[    5.966270][    T1] NET: Registered PF_KEY protocol family
ro.product.odm.name=aom3821_u
[    5.966302][    T1] Bridge firewalling registered
ro.product.odm.brand=rockchip
[    5.966395][    T1] Bluetooth: RFCOMM TTY layer initialized
ro.product.odm.model=aom3821_u
[    5.966407][    T1] Bluetooth: RFCOMM socket layer initialized
ro.product.odm.device=aom3821_u
[    5.966421][    T1] Bluetooth: RFCOMM ver 1.11
ro.product.odm.manufacturer=rockchip
[    5.966432][    T1] Bluetooth: BNEP (Ethernet Emulation) ver 1.3
ro.build.id=UQ1A.240205.004.B1
[    5.966440][    T1] Bluetooth: BNEP filters: protocol multicast
ro.build.date=Mon Aug 18 10:55:53 CST 2025
[    5.966449][    T1] Bluetooth: BNEP socket layer initialized
ro.build.date.utc=1755485753
[    5.966456][    T1] Bluetooth: HIDP (Human Interface Emulation) ver 1.2
ro.build.host=33be0978b65a
[    5.966464][    T1] Bluetooth: HIDP socket layer initialized
ro.build.tags=release-keys
[    5.966479][    T1] l2tp_core: L2TP core driver, V2.0
ro.build.type=userdebug
[    5.966490][    T1] l2tp_ppp: PPPoL2TP kernel driver, V2.0
ro.build.user=adv
[    5.966497][    T1] [BT_RFKILL]: Enter rfkill_rk_init
ro.build.flavor=aom3821_u-userdebug
[    5.966503][    T1] [WLAN_RFKILL]: Enter rfkill_wlan_init
ro.build.display.id=aom3821_u-userdebug 14 UQ1A.240205.004.B1 eng.adv.20250807.172714 release-keys
[    5.966837][    T1] [BT_RFKILL]: bluetooth_platdata_parse_dt: uart_rts_gpios is no-in-use.
ro.build.product=aom3821_u
[    5.966901][    T1] [BT_RFKILL]: bluetooth_platdata_parse_dt: get property: BT,reset_gpio = 508.
ro.build.version.sdk=34
[    5.966918][    T1] [BT_RFKILL]: bluetooth_platdata_parse_dt: clk_get failed!!!.
ro.build.version.base_os=
[    5.968143][    T1] [BT_RFKILL]: bt_default device registered.
ro.build.version.release=14
[    5.968225][    T1] input: bt-powerkey as /devices/platform/wireless-bluetooth/input/input2
ro.build.version.codename=REL
[    5.968336][    T1] Key type dns_resolver registered
ro.build.version.incremental=eng.adv.20250807.172714
[    5.969696][    T1] registered taskstats version 1
ro.build.version.preview_sdk=0
[    5.969718][    T1] Loading compiled-in X.509 certificates
ro.build.version.all_codenames=REL
[    5.969770][    T1] Key type .fscrypt registered
ro.build.version.security_patch=2024-02-05
[    5.969779][    T1] Key type fscrypt-provisioning registered
ro.build.version.release_or_codename=14
[    5.969919][    T1] pstore: Using crash dump compression: deflate
ro.build.version.preview_sdk_fingerprint=REL
[    5.970174][    T1] rga3 fdb60000.rga: Adding to iommu group 2
ro.build.version.min_supported_target_sdk=28
[    5.970627][    T1] rga3 fdb60000.rga: probe successfully, irq = 45, hw_version:3.0.76831
ro.build.description=aom3821_u-userdebug 14 UQ1A.240205.004.B1 eng.adv.20250807.172714 release-keys
[    5.970741][    T1] rga3 fdb70000.rga: Adding to iommu group 3
ro.build.characteristics=tablet
[    5.971050][    T1] rga3 fdb70000.rga: probe successfully, irq = 46, hw_version:3.0.76831
ro.force.debuggable=0
[    5.971631][    T1] rga2 fdb80000.rga: probe successfully, irq = 107, hw_version:3.2.63318
ro.system.build.id=UQ1A.240205.004.B1
[    5.971806][    T1] rga_iommu: IOMMU binding successfully, default mapping core[0x1]
ro.system.build.date=Mon Aug 18 10:55:53 CST 2025
[    5.971911][    T1] rga: Module initialized. v1.3.4
ro.system.build.date.utc=1755485753
[    6.066420][  T147] mmc0: Command Queue Engine enabled
ro.system.build.tags=release-keys
[    6.066434][  T147] mmc0: new HS400 Enhanced strobe MMC card at address 0001
ro.system.build.type=userdebug
[    6.066657][  T147] mmcblk0: mmc0:0001 88A19B 28.9 GiB
ro.system.build.version.sdk=34
[    6.069908][  T147]  mmcblk0: p1 p2 p3 p4 p5 p6 p7 p8 p9 p10 p11 p12 p13 p14 p15
ro.system.build.version.release=14
[    6.070583][  T147] mmcblk0boot0: mmc0:0001 88A19B 4.00 MiB
ro.system.build.version.incremental=eng.adv.20250807.172714
[    6.070956][  T147] mmcblk0boot1: mmc0:0001 88A19B 4.00 MiB
ro.system.build.version.release_or_codename=14
[    6.071289][  T147] mmcblk0rpmb: mmc0:0001 88A19B 4.00 MiB, chardev (511:0)
ro.system.build.fingerprint=rockchip/aom3821_u/aom3821_u:14/UQ1A.240205.004.B1/adv08181055:userdebug/release-keys
[    6.076519][   T10] mpp_vdpu1 fdb51000.avsd-plus: Adding to iommu group 1
ro.treble.enabled=true
[    6.076641][   T10] mpp_vdpu1 fdb51000.avsd-plus: probe device
ro.product.cpu.abi=arm64-v8a
[    6.076710][   T10] mpp_vdpu1 fdb51000.avsd-plus: reset_group->rw_sem_on=0
ro.product.cpu.abilist=arm64-v8a,armeabi-v7a,armeabi
[    6.076715][   T10] mpp_vdpu1 fdb51000.avsd-plus: reset_group->rw_sem_on=0
ro.product.cpu.pagesize.max=65536
[    6.076738][   T10] mpp_vdpu1 fdb51000.avsd-plus: probing finish
ro.product.cpu.abilist32=armeabi-v7a,armeabi
[    6.076807][   T10] mpp_vdpu2 fdb50400.vdpu: Adding to iommu group 1
ro.product.cpu.abilist64=arm64-v8a
[    6.076837][   T10] mpp_vdpu2 fdb50400.vdpu: probe device
ro.product.name=aom3821_u
[    6.076876][   T10] mpp_vdpu2 fdb50400.vdpu: reset_group->rw_sem_on=0
ro.product.brand=rockchip
[    6.076879][   T10] mpp_vdpu2 fdb50400.vdpu: reset_group->rw_sem_on=0
ro.product.build.id=UQ1A.240205.004.B1
[    6.076885][   T10] mpp_vdpu2 fdb50400.vdpu: probing finish
ro.product.build.date=Mon Aug 18 10:55:53 CST 2025
[    6.076951][   T10] mpp_vepu2 fdb50000.vepu: Adding to iommu group 1
ro.product.build.date.utc=1755485753
[    6.076974][   T10] mpp_vepu2 fdb50000.vepu: probing start
ro.product.build.tags=release-keys
[    6.077018][   T10] mpp_vepu2 fdb50000.vepu: reset_group->rw_sem_on=0
ro.product.build.type=userdebug
[    6.077021][   T10] mpp_vepu2 fdb50000.vepu: reset_group->rw_sem_on=0
ro.product.build.version.sdk=34
[    6.077032][   T10] mpp_vepu2 fdb50000.vepu: probing finish
ro.product.build.version.release=14
[    6.077094][   T10] mpp_vepu2 fdba0000.jpege-core: Adding to iommu group 5
ro.product.build.version.incremental=eng.adv.20250807.172714
[    6.077129][   T10] mpp_vepu2 fdba0000.jpege-core: probing start
ro.product.build.version.release_or_codename=14
[    6.077183][   T10] mpp_vepu2 fdba0000.jpege-core: attach ccu success
ro.product.build.fingerprint=rockchip/aom3821_u/aom3821_u:14/UQ1A.240205.004.B1/adv08181055:userdebug/release-keys
[    6.077194][   T10] mpp_vepu2 fdba0000.jpege-core: probing finish
ro.product.model=aom3821_u
[    6.077247][   T10] mpp_vepu2 fdba4000.jpege-core: Adding to iommu group 6
ro.product.device=aom3821_u
[    6.077255][  T152] vendor storage:20190527 ret = 0
ro.product.system.name=aom3821_u
[    6.077283][   T10] mpp_vepu2 fdba4000.jpege-core: probing start
ro.product.system.brand=rockchip
[    6.077333][   T10] mpp_vepu2 fdba4000.jpege-core: attach ccu success
ro.product.system.model=aom3821_u
[    6.077344][   T10] mpp_vepu2 fdba4000.jpege-core: probing finish
ro.product.system.device=aom3821_u
[    6.077404][   T10] mpp_vepu2 fdba8000.jpege-core: Adding to iommu group 7
ro.product.system.manufacturer=rockchip
[    6.077438][   T10] mpp_vepu2 fdba8000.jpege-core: probing start
ro.product.product.name=aom3821_u
[    6.077486][   T10] mpp_vepu2 fdba8000.jpege-core: attach ccu success
ro.product.product.brand=rockchip
[    6.077496][   T10] mpp_vepu2 fdba8000.jpege-core: probing finish
ro.product.product.model=aom3821_u
[    6.077557][   T10] mpp_vepu2 fdbac000.jpege-core: Adding to iommu group 8
ro.product.product.device=aom3821_u
[    6.077592][   T10] mpp_vepu2 fdbac000.jpege-core: probing start
ro.product.product.manufacturer=rockchip
[    6.077638][   T10] mpp_vepu2 fdbac000.jpege-core: attach ccu success
ro.product.system_ext.name=aom3821_u
[    6.077648][   T10] mpp_vepu2 fdbac000.jpege-core: probing finish
ro.product.system_ext.brand=rockchip
[    6.077709][   T10] mpp-iep2 fdbb0000.iep: Adding to iommu group 9
ro.product.system_ext.model=aom3821_u
[    6.077745][   T10] mpp-iep2 fdbb0000.iep: probe device
ro.product.system_ext.device=aom3821_u
[    6.077800][   T10] mpp-iep2 fdbb0000.iep: allocate roi buffer failed
ro.product.system_ext.manufacturer=rockchip
[    6.077807][   T10] mpp-iep2 fdbb0000.iep: probing finish
ro.product.manufacturer=rockchip
[    6.077867][   T10] mpp_jpgdec fdb90000.jpegd: Adding to iommu group 4
ro.system_ext.build.id=UQ1A.240205.004.B1
[    6.077944][   T10] mpp_jpgdec fdb90000.jpegd: probe device
ro.system_ext.build.date=Mon Aug 18 10:55:53 CST 2025
[    6.078009][   T10] mpp_jpgdec fdb90000.jpegd: probing finish
ro.system_ext.build.date.utc=1755485753
[    6.078078][   T10] mpp_rkvdec2 fdc38100.rkvdec-core: Adding to iommu group 12
ro.system_ext.build.tags=release-keys
[    6.078224][   T10] mpp_rkvdec2 fdc38100.rkvdec-core: rkvdec-core, probing start
ro.system_ext.build.type=userdebug
[    6.078284][   T10] mpp_rkvdec2 fdc38100.rkvdec-core: shared_niu_a is not found!
ro.system_ext.build.version.sdk=34
[    6.078287][   T10] rkvdec2_init:1197: No niu aclk reset resource define
ro.system_ext.build.version.release=14
[    6.078291][   T10] mpp_rkvdec2 fdc38100.rkvdec-core: shared_niu_h is not found!
ro.system_ext.build.version.incremental=eng.adv.20250807.172714
[    6.078294][   T10] rkvdec2_init:1200: No niu hclk reset resource define
ro.system_ext.build.version.release_or_codename=14
[    6.078307][   T10] mpp_rkvdec2 fdc38100.rkvdec-core: no regulator, devfreq is disabled
ro.system_ext.build.fingerprint=rockchip/aom3821_u/aom3821_u:14/UQ1A.240205.004.B1/adv08181055:userdebug/release-keys
[    6.078339][   T10] mpp_rkvdec2 fdc38100.rkvdec-core: core_mask=00010001
ro.actionable_compatible_property.enabled=true
[    6.078342][   T10] mpp_rkvdec2 fdc38100.rkvdec-core: attach ccu as core 0
ro.board.first_api_level=34
[    6.078430][   T10] mpp_rkvdec2 fdc38100.rkvdec-core: sram_start 0x00000000ff001000
ro.vendor.build.id=UQ1A.240205.004.B1
[    6.078433][   T10] mpp_rkvdec2 fdc38100.rkvdec-core: rcb_iova 0x00000000fff00000
ro.vendor.build.date=Mon Aug 18 10:55:53 CST 2025
[    6.078436][   T10] mpp_rkvdec2 fdc38100.rkvdec-core: sram_size 491520
ro.vendor.build.date.utc=1755485753
[    6.078439][   T10] mpp_rkvdec2 fdc38100.rkvdec-core: rcb_size 1048576
ro.vendor.build.tags=release-keys
[    6.078442][   T10] mpp_rkvdec2 fdc38100.rkvdec-core: min_width 512
ro.vendor.build.type=userdebug
[    6.078446][   T10] mpp_rkvdec2 fdc38100.rkvdec-core: rcb_info_count 20
ro.vendor.build.version.sdk=34
[    6.078449][   T10] mpp_rkvdec2 fdc38100.rkvdec-core: [136, 24576]
ro.vendor.build.version.release=14
[    6.078452][   T10] mpp_rkvdec2 fdc38100.rkvdec-core: [137, 49152]
ro.vendor.build.version.incremental=eng.adv.20250807.172714
[    6.078455][   T10] mpp_rkvdec2 fdc38100.rkvdec-core: [141, 90112]
ro.vendor.build.version.release_or_codename=14
[    6.078458][   T10] mpp_rkvdec2 fdc38100.rkvdec-core: [140, 49152]
ro.vendor.build.fingerprint=rockchip/aom3821_u/aom3821_u:14/UQ1A.240205.004.B1/adv08181055:userdebug/release-keys
[    6.078460][   T10] mpp_rkvdec2 fdc38100.rkvdec-core: [139, 180224]
ro.vendor.product.cpu.abilist=arm64-v8a,armeabi-v7a,armeabi
[    6.078463][   T10] mpp_rkvdec2 fdc38100.rkvdec-core: [133, 49152]
ro.vendor.product.cpu.abilist32=armeabi-v7a,armeabi
[    6.078466][   T10] mpp_rkvdec2 fdc38100.rkvdec-core: [134, 8192]
ro.vendor.product.cpu.abilist64=arm64-v8a
[    6.078469][   T10] mpp_rkvdec2 fdc38100.rkvdec-core: [135, 4352]
ro.vendor.api_level=34
[    6.078472][   T10] mpp_rkvdec2 fdc38100.rkvdec-core: [138, 13056]
ro.product.board=rk30sdk
[    6.078474][   T10] mpp_rkvdec2 fdc38100.rkvdec-core: [142, 291584]
ro.product.vendor.name=aom3821_u
[    6.078489][   T10] mpp_rkvdec2 fdc38100.rkvdec-core: probing finish
ro.product.vendor.brand=rockchip
[    6.078560][   T10] mpp_rkvdec2 fdc48100.rkvdec-core: Adding to iommu group 13
ro.product.vendor.model=aom3821_u
[    6.078663][   T10] mpp_rkvdec2 fdc48100.rkvdec-core: rkvdec-core, probing start
ro.product.vendor.device=aom3821_u
[    6.078720][   T10] mpp_rkvdec2 fdc48100.rkvdec-core: shared_niu_a is not found!
ro.product.vendor.manufacturer=rockchip
[    6.078723][   T10] rkvdec2_init:1197: No niu aclk reset resource define
ro.product.first_api_level=34
[    6.078727][   T10] mpp_rkvdec2 fdc48100.rkvdec-core: shared_niu_h is not found!
ro.enable_boot_charger_mode=0
[    6.078729][   T10] rkvdec2_init:1200: No niu hclk reset resource define
ro.cold_boot_done=true
[    6.078740][   T10] mpp_rkvdec2 fdc48100.rkvdec-core: no regulator, devfreq is disabled
ro.bionic.arch=arm64
[    6.078764][   T10] mpp_rkvdec2 fdc48100.rkvdec-core: core_mask=00020002
ro.bionic.2nd_arch=arm
[    6.078777][   T10] mpp_rkvdec2 fdc48100.rkvdec-core: attach ccu as core 1
ro.bionic.cpu_variant=cortex-a76
[    6.078878][   T10] mpp_rkvdec2 fdc48100.rkvdec-core: sram_start 0x00000000ff079000
ro.bionic.2nd_cpu_variant=cortex-a76
[    6.078881][   T10] mpp_rkvdec2 fdc48100.rkvdec-core: rcb_iova 0x00000000ffe00000
ro.dalvik.vm.native.bridge=0
[    6.078884][   T10] mpp_rkvdec2 fdc48100.rkvdec-core: sram_size 487424
ro.dalvik.vm.enable_uffd_gc=true
[    6.078886][   T10] mpp_rkvdec2 fdc48100.rkvdec-core: rcb_size 1048576
ro.zygote=zygote64_32
[    6.078889][   T10] mpp_rkvdec2 fdc48100.rkvdec-core: min_width 512
dalvik.vm.isa.arm.variant=cortex-a76
[    6.078893][   T10] mpp_rkvdec2 fdc48100.rkvdec-core: rcb_info_count 20
dalvik.vm.isa.arm.features=default
[    6.078895][   T10] mpp_rkvdec2 fdc48100.rkvdec-core: [136, 24576]
dalvik.vm.isa.arm64.variant=cortex-a76
[    6.078898][   T10] mpp_rkvdec2 fdc48100.rkvdec-core: [137, 49152]
dalvik.vm.isa.arm64.features=default
[    6.078901][   T10] mpp_rkvdec2 fdc48100.rkvdec-core: [141, 90112]
dalvik.vm.dexopt.secondary=true
[    6.078903][   T10] mpp_rkvdec2 fdc48100.rkvdec-core: [140, 49152]
dalvik.vm.dexopt.thermal-cutoff=2
[    6.078906][   T10] mpp_rkvdec2 fdc48100.rkvdec-core: [139, 180224]
dalvik.vm.usejit=true
[    6.078909]   T10] mpp_rkvdec2 fdc48100.rkvdec-core: [133, 49152]
[    6.078912][   T10] mpp_rkvdec2 fdc48100.rkvdec-core: [134, 8192]
[    6.078914][   T10] mpp_rkvdec2 fdc48100.rkvdec-core: [135, 4352]
[    6.078917][   T10] mpp_rkvdec2 fdc48100.rkvdec-core: [138, 13056]
[    6.078920][   T10] mpp_rkvdec2 fdc48100.rkvdec-core: [142, 291584]
[    6.078933][   T10] mpp_rkvdec2 fdc48100.rkvdec-core: probing finish
[    6.079011][   T10] mpp_rkvenc2 fdbd0000.rkvenc-core: Adding to iommu group 10
[    6.079090][   T10] mpp_rkvenc2 fdbd0000.rkvenc-core: probing start
[    6.079295][   T10] mpp_rkvenc2 fdbd0000.rkvenc-core: bin=0
[    6.079481][   T10] mpp_rkvenc2 fdbd0000.rkvenc-core: leakage=15
[    6.079485][   T10] mpp_rkvenc2 fdbd0000.rkvenc-core: leakage-volt-sel=0
[    6.080160][   T10] mpp_rkvenc2 fdbd0000.rkvenc-core: avs=0
[    6.080168][   T10] mpp_rkvenc2 fdbd0000.rkvenc-core: l=-2147483648 h=2147483647 hyst=0 l_limit=0 h_limit=0 h_table=0
[    6.080339][   T10] mpp_rkvenc2 fdbd0000.rkvenc-core: attach ccu as core 0
[    6.080353][   T10] mpp_rkvenc2 fdbd0000.rkvenc-core: probing finish
[    6.080421][   T10] mpp_rkvenc2 fdbe0000.rkvenc-core: Adding to iommu group 11
[    6.080504][   T10] mpp_rkvenc2 fdbe0000.rkvenc-core: probing start
[    6.080665][   T10] mpp_rkvenc2 fdbe0000.rkvenc-core: bin=0
[    6.080834][   T10] mpp_rkvenc2 fdbe0000.rkvenc-core: leakage=15
[    6.080838][   T10] mpp_rkvenc2 fdbe0000.rkvenc-core: leakage-volt-sel=0
[    6.081488][   T10] mpp_rkvenc2 fdbe0000.rkvenc-core: avs=0
[    6.081494][   T10] mpp_rkvenc2 fdbe0000.rkvenc-core: l=-2147483648 h=2147483647 hyst=0 l_limit=0 h_limit=0 h_table=0
[    6.081632][   T10] mpp_rkvenc2 fdbe0000.rkvenc-core: attach ccu as core 1
[    6.081645][   T10] mpp_rkvenc2 fdbe0000.rkvenc-core: probing finish
[    6.081704][   T10] mpp_av1dec fdc70000.av1d: Adding to iommu group 14
[    6.081819][   T10] mpp_av1dec fdc70000.av1d: probing start
[    6.081898][   T10] mpp_av1dec fdc70000.av1d: probing finish
[    6.082065][   T10] fd890000.serial: ttyS0 at MMIO 0xfd890000 (irq = 121, base_baud = 1500000) is a 16550A
[    6.082965][   T10] rockchip-vop2 fdd90000.vop: [drm:vop2_bind] vp0 assign plane mask: Cluster0 | Esmart0[0x5], primary plane phy id: Esmart0[2]
[    6.082976][   T10] rockchip-vop2 fdd90000.vop: [drm:vop2_bind] vp1 assign plane mask: Cluster1 | Esmart1[0xa], primary plane phy id: Esmart1[3]
[    6.082982][   T10] rockchip-vop2 fdd90000.vop: [drm:vop2_bind] vp2 assign plane mask: Cluster2 | Esmart2[0x140], primary plane phy id: Esmart2[8]
[    6.082987][   T10] rockchip-vop2 fdd90000.vop: [drm:vop2_bind] vp3 assign plane mask: Cluster3 | Esmart3[0x280], primary plane phy id: Esmart3[9]
[    6.083019][   T10] rockchip-drm display-subsystem: failed to get hdmi1_phy_pll: -517
[    6.088326][   T10] rockchip-vop2 fdd90000.vop: bin=0
[    6.088507][   T10] rockchip-vop2 fdd90000.vop: leakage=39
[    6.088512][   T10] rockchip-vop2 fdd90000.vop: leakage-volt-sel=1
[    6.088537][   T10] rockchip-vop2 fdd90000.vop: error -ENODEV: _opp_set_regulators: no regulator (vop) found
[    6.088548][   T10] rockchip-vop2 fdd90000.vop: failed to set opp config
[    6.088551][   T10] rockchip-vop2 fdd90000.vop: failed to init opp info
[    6.088553][   T10] rockchip-vop2 fdd90000.vop: Unsupported VOP aclk dvfs
[    6.088561][   T10] rockchip-drm display-subsystem: bound fdd90000.vop (ops vop2_component_ops)
[    6.088812][   T10] rockchip-drm display-subsystem: bound fded0000.edp (ops rockchip_dp_component_ops)
[    6.089105][   T10] dwhdmi-rockchip fde80000.hdmi: registered ddc I2C bus driver
[    6.089326][   T10] rockchip-drm display-subsystem: bound fde80000.hdmi (ops dw_hdmi_rockchip_ops)
[    6.089440][   T10] rockchip-drm display-subsystem: bound fde50000.dp (ops dw_dp_component_ops)
[    6.089697][   T10] rockchip-drm display-subsystem: route-dp0: failed to get logo,offset
[    6.089702][   T10] rockchip-drm display-subsystem: route-edp1: failed to get logo,offset
[    6.089706][   T10] rockchip-drm display-subsystem: route-hdmi0: failed to get logo,offset
[    6.089709][   T10] rockchip-drm display-subsystem: can't not find any logo display
[    6.089713][   T10] rockchip-drm display-subsystem: failed to show kernel logo
[    6.090041][   T10] dw-hdmi-qp-hdcp dw-hdmi-qp-hdcp.8.auto: dw_hdcp_qp_hdcp_probe success
[    6.090163][   T10] [drm] Initialized rockchip 4.0.0 20140818 for display-subsystem on minor 0
[    6.090569][   T82] mali fb000000.gpu: Kernel DDK version g21p0-01eac0
[    6.090667][   T82] mali fb000000.gpu: GPU metrics tracepoint support enabled
[    6.092202][   T82] mali fb000000.gpu: bin=0
[    6.092385][   T82] mali fb000000.gpu: leakage=18
[    6.092413][   T82] debugfs: Directory 'fb000000.gpu-mali' with parent 'vdd_gpu_s0' already present!
[    6.093739][   T82] mali fb000000.gpu: pvtm=897
[    6.093839][   T82] mali fb000000.gpu: pvtm-volt-sel=4
[    6.093882][   T82] debugfs: Directory 'fb000000.gpu-mali' with parent 'vdd_gpu_s0' already present!
[    6.094942][   T82] mali fb000000.gpu: avs=0
[    6.094981][   T82] W : [File] : drivers/gpu/arm/bifrost/platform/rk/mali_kbase_config_rk.c; [Line] : 144; [Func] : kbase_platform_rk_init(); power-off-delay-ms not available.
[    6.101285][   T82] mali fb000000.gpu: Register LUT 000a0800 initialized for GPU arch 0x000a0806
[    6.101297][   T82] mali fb000000.gpu: r0p0 status 5 not found in HW issues table;
[    6.101300][   T82] mali fb000000.gpu: falling back to closest match: r0p0 status 0
[    6.101303][   T82] mali fb000000.gpu: Execution proceeding normally with fallback match
[    6.101307][   T82] mali fb000000.gpu: GPU identified as 0x7 arch 10.8.6 r0p0 status 0
[    6.101347][   T82] mali fb000000.gpu: No priority control manager is configured
[    6.101351][   T82] mali fb000000.gpu: Large page allocation set to false after hardware feature check
[    6.101423][   T82] mali fb000000.gpu: No memory group manager is configured
[    6.101432][   T82] mali fb000000.gpu: Protected memory allocator not available
[    6.102037][   T82] mali fb000000.gpu: EM: created perf domain
[    6.102160][   T82] mali fb000000.gpu: l=15000 h=85000 hyst=5000 l_limit=0 h_limit=800000000 h_table=0
[    6.102424][   T82] mali fb000000.gpu: * MALI kbase_mmap_min_addr compiled to CONFIG_DEFAULT_MMAP_MIN_ADDR, no runtime update possible! *
[    6.102428][   T82] mali fb000000.gpu: Probed as mali0
[    6.103709][   T10] phy phy-fd5d4000.syscon:usb2-phy@4000.11: illegal mode
[    6.103717][   T10] xhci-hcd xhci-hcd.10.auto: xHCI Host Controller
[    6.103761][   T10] xhci-hcd xhci-hcd.10.auto: new USB bus registered, assigned bus number 5
[    6.103828][   T10] xhci-hcd xhci-hcd.10.auto: hcc params 0x0220fe64 hci version 0x110 quirks 0x0000808002010010
[    6.103843][   T10] xhci-hcd xhci-hcd.10.auto: irq 132, io mem 0xfc400000
[    6.103903][   T10] xhci-hcd xhci-hcd.10.auto: xHCI Host Controller
[    6.103938][   T10] xhci-hcd xhci-hcd.10.auto: new USB bus registered, assigned bus number 6
[    6.103944][   T10] xhci-hcd xhci-hcd.10.auto: Host supports USB 3.0 SuperSpeed
[    6.103982][   T10] usb usb5: New USB device found, idVendor=1d6b, idProduct=0002, bcdDevice= 6.01
[    6.103987][   T10] usb usb5: New USB device strings: Mfr=3, Product=2, SerialNumber=1
[    6.103991][   T10] usb usb5: Product: xHCI Host Controller
[    6.103995][   T10] usb usb5: Manufacturer: Linux 6.1.75 xhci-hcd
[    6.103998][   T10] usb usb5: SerialNumber: xhci-hcd.10.auto
[    6.104123][   T10] hub 5-0:1.0: USB hub found
[    6.104132][   T10] hub 5-0:1.0: 1 port detected
[    6.104215][   T10] usb usb6: We don't know the algorithms for LPM for this host, disabling LPM.
[    6.104238][   T10] usb usb6: New USB device found, idVendor=1d6b, idProduct=0003, bcdDevice= 6.01
[    6.104243][   T10] usb usb6: New USB device strings: Mfr=3, Product=2, SerialNumber=1
[    6.104246][   T10] usb usb6: Product: xHCI Host Controller
[    6.104250][   T10] usb usb6: Manufacturer: Linux 6.1.75 xhci-hcd
[    6.104253][   T10] usb usb6: SerialNumber: xhci-hcd.10.auto
[    6.104346][   T10] hub 6-0:1.0: USB hub found
[    6.104354][   T10] hub 6-0:1.0: 1 port detected
[    6.106884][   T82] ehci-platform fc880000.usb: EHCI Host Controller
[    6.106925][   T82] ehci-platform fc880000.usb: new USB bus registered, assigned bus number 7
[    6.106974][   T82] ehci-platform fc880000.usb: irq 133, io mem 0xfc880000
[    6.107582][   T96] usb 3-1: New USB device found, idVendor=04b4, idProduct=6506, bcdDevice=50.00
[    6.107589][   T96] usb 3-1: New USB device strings: Mfr=0, Product=0, SerialNumber=0
[    6.107865][   T96] hub 3-1:1.0: USB hub found
[    6.107956][   T96] hub 3-1:1.0: 3 ports detected
[    6.109446][  T129] ohci-platform fc8c0000.usb: Generic Platform OHCI controller
[    6.109482][  T129] ohci-platform fc8c0000.usb: new USB bus registered, assigned bus number 8
[    6.109510][  T129] ohci-platform fc8c0000.usb: irq 135, io mem 0xfc8c0000
[    6.115208][   T10] rockchip-dmc dmc: bin=0
[    6.115376][   T10] rockchip-dmc dmc: leakage=39
[    6.115380][   T10] rockchip-dmc dmc: leakage-volt-sel=1
[    6.115385][   T10] rockchip-dmc dmc: soc version=0, speed=1
[    6.116232][   T10] rockchip-dmc dmc: avs=0
[    6.116239][   T10] rockchip-dmc dmc: current ATF version 0x100
[    6.116395][   T10] rockchip-dmc dmc: normal_rate = 1560000000
[    6.116399][   T10] rockchip-dmc dmc: reboot_rate = 2112000000
[    6.116402][   T10] rockchip-dmc dmc: suspend_rate = 528000000
[    6.116405][   T10] rockchip-dmc dmc: video_4k_rate = 1560000000
[    6.116408][   T10] rockchip-dmc dmc: video_4k_10b_rate = 1560000000
[    6.116411][   T10] rockchip-dmc dmc: video_svep_rate = 1560000000
[    6.116414][   T10] rockchip-dmc dmc: boost_rate = 2112000000
[    6.116417][   T10] rockchip-dmc dmc: fixed_rate(isp|cif0|cif1|dualview) = 2112000000
[    6.116420][   T10] rockchip-dmc dmc: performance_rate = 2112000000
[    6.116423][   T10] rockchip-dmc dmc: hdmirx_rate = 2112000000
[    6.116426][   T10] rockchip-dmc dmc: deep_suspend_rate = 2112000000
[    6.116431][   T10] rockchip-dmc dmc: failed to get vop bandwidth to dmc rate
[    6.116434][   T10] rockchip-dmc dmc: failed to get vop pn to msch rl
[    6.116558][   T10] rockchip-dmc dmc: l=15000 h=2147483647 hyst=5000 l_limit=0 h_limit=0 h_table=0
[    6.126958][   T82] ehci-platform fc880000.usb: USB 2.0 started, EHCI 1.00
[    6.127072][   T82] usb usb7: New USB device found, idVendor=1d6b, idProduct=0002, bcdDevice= 6.01
[    6.127077][   T82] usb usb7: New USB device strings: Mfr=3, Product=2, SerialNumber=1
[    6.127080][   T82] usb usb7: Product: EHCI Host Controller
[    6.127083][   T82] usb usb7: Manufacturer: Linux 6.1.75 ehci_hcd
[    6.127086][   T82] usb usb7: SerialNumber: fc880000.usb
[    6.127242][   T82] hub 7-0:1.0: USB hub found
[    6.127271][   T82] hub 7-0:1.0: 1 port detected
[    6.142974][  T137] usb 2-1: new SuperSpeed USB device number 2 using xhci-hcd
[    6.163137][  T137] usb 2-1: New USB device found, idVendor=04b4, idProduct=6504, bcdDevice=50.00
[    6.163144][  T137] usb 2-1: New USB device strings: Mfr=0, Product=0, SerialNumber=0
[    6.171021][  T129] usb usb8: New USB device found, idVendor=1d6b, idProduct=0001, bcdDevice= 6.01
[    6.171030][  T129] usb usb8: New USB device strings: Mfr=3, Product=2, SerialNumber=1
[    6.171035][  T129] usb usb8: Product: Generic Platform OHCI controller
[    6.171040][  T129] usb usb8: Manufacturer: Linux 6.1.75 ohci_hcd
[    6.171045][  T129] usb usb8: SerialNumber: fc8c0000.usb
[    6.171190][  T129] hub 8-0:1.0: USB hub found
[    6.171203][  T129] hub 8-0:1.0: 1 port detected
[    6.191543][  T137] hub 2-1:1.0: USB hub found
[    6.191569][  T137] hub 2-1:1.0: 3 ports detected
[    6.206949][   T10] rockchip_dmcfreq_wait_complete: waiting for wait_ctrl.complt_irq times out.
[    6.206968][   T10] rockchip-dmc dmc: Get wrong frequency, Request 528000000, Current 2112000000
[    6.208241][    T8] Freeing initrd memory: 52912K
[    6.214360][   T10] input: rockchip-hdmi0 rockchip-hdmi0 as /devices/platform/hdmi0-sound/sound/card2/input3
[    6.214562][   T10] debugfs: File 'Capture' in directory 'dapm' already present!
[    6.214745][   T10] input: rockchip-dp0 rockchip-dp0 as /devices/platform/dp0-sound/sound/card3/input4
[    6.215882][    T1] RKNPU fdab0000.npu: Adding to iommu group 0
[    6.215949][    T1] RKNPU fdab0000.npu: RKNPU: rknpu iommu is enabled, using iommu mode
[    6.220842][    T1] RKNPU fdab0000.npu: can't request region for resource [mem 0xfdab0000-0xfdabffff]
[    6.220855][    T1] RKNPU fdab0000.npu: can't request region for resource [mem 0xfdac0000-0xfdacffff]
[    6.220862][    T1] RKNPU fdab0000.npu: can't request region for resource [mem 0xfdad0000-0xfdadffff]
[    6.220960][    T1] [drm] Initialized rknpu 0.9.7 20240424 for fdab0000.npu on minor 1
[    6.298965][   T82] rockchip_dmcfreq_wait_complete: waiting for wait_ctrl.complt_irq times out.
[    6.298986][   T82] rockchip-dmc dmc: Get wrong frequency, Request 528000000, Current 2112000000
[    6.298994][   T82] devfreq dmc: dvfs failed with (-22) error
[    6.300786][    T1] RKNPU fdab0000.npu: RKNPU: bin=0
[    6.300962][    T1] RKNPU fdab0000.npu: leakage=9
[    6.300984][    T1] debugfs: Directory 'fdab0000.npu-rknpu' with parent 'vdd_npu_s0' already present!
[    6.307469][    T1] RKNPU fdab0000.npu: pvtm=891
[    6.311430][    T1] RKNPU fdab0000.npu: pvtm-volt-sel=4
[    6.311459][    T1] debugfs: Directory 'fdab0000.npu-rknpu' with parent 'vdd_npu_s0' already present!
[    6.313076][    T1] RKNPU fdab0000.npu: avs=0
[    6.313144][    T1] RKNPU fdab0000.npu: l=15000 h=85000 hyst=5000 l_limit=0 h_limit=800000000 h_table=0
[    6.321868][    T1] cfg80211: Loading compiled-in X.509 certificates for regulatory database
[    6.322365][    T1] cfg80211: Loaded X.509 cert 'sforshee: 00b28ddf47aef9cea7'
[    6.322702][    T1] cfg80211: Loaded X.509 cert 'wens: 61c038651aabdcf94bd0ac7ff06c7248db18c600'
[    6.322745][   T73] platform regulatory.0: Direct firmware load for regulatory.db failed with error -2
[    6.322752][   T73] cfg80211: failed to load regulatory.db
[    6.323493][    T1] rockchip-pm rockchip-suspend: not set pwm-regulator-config
[    6.323713][    T1] rockchip-suspend not set sleep-mode-config for mem-lite
[    6.323718][    T1] rockchip-suspend not set wakeup-config for mem-lite
[    6.323723][    T1] rockchip-suspend not set sleep-mode-config for mem-ultra
[    6.323728][    T1] rockchip-suspend not set wakeup-config for mem-ultra
[    6.324327][    T1] I : [File] : drivers/gpu/arm/mali400/mali/linux/mali_kernel_linux.c; [Line] : 411; [Func] : mali_module_init(); svn_rev_string_from_arm of this mali_ko is '', rk_ko_ver is '5', built at '10:53:01', on 'Aug 18 2025'.
[    6.324493][    T1] Mali:
[    6.324495][    T1] Mali device driver loaded
[    6.324504][    T1] ALSA device list:
[    6.324508][    T1]   #0: rockchip,hdmiin
[    6.324512][    T1]   #1: rockchip,rt5640-codec
[    6.324516][    T1]   #2: rockchip-hdmi0
[    6.324521][    T1]   #3: rockchip-dp0
[    6.324974][    T1] Freeing unused kernel memory: 1856K
[    6.375023][    T1] Run /init as init process
[    6.386178][    T1] init: init first stage started!
[    6.386299][    T1] init: Unable to open /lib/modules, skipping module loading.
[    6.386326][    T1] init: First stage mount skipped (recovery mode)
[    6.386576][    T1] init: [libfs_mgr] ReadFstabFromDt(): failed to read fstab from dt
[    6.387135][    T1] init: Using Android DT directory /proc/device-tree/firmware/android/
[    6.387168][    T1] init: Skipped setting INIT_AVB_VERSION (not vbmeta compatible)
[    6.394956][  T147] usb 3-1.2: new high-speed USB device number 3 using ehci-platform
[    6.398091][    T1] init: Failed to open device-mapper: No such file or directory
[    6.398110][    T1] init: DM_DEV_STATUS failed for system_ext: Bad file descriptor
[    6.398116][    T1] init: Could not update logical partition
[    6.398179][    T1] init: DM_DEV_STATUS failed for system_ext: Bad file descriptor
[    6.398184][    T1] init: Could not update logical partition
[    6.398241][    T1] init: DM_DEV_STATUS failed for product: Bad file descriptor
[    6.398247][    T1] init: Could not update logical partition
[    6.398301][    T1] init: DM_DEV_STATUS failed for product: Bad file descriptor
[    6.398306][    T1] init: Could not update logical partition
[    6.398327][    T1] init: Opening SELinux policy
[    6.398476][    T1] init: Falling back to standard signature check. TODO implement support for fsverity SEPolicy.
[    6.398489][    T1] init: Error: Apex SEPolicy failed signature check
[    6.398494][    T1] init: Loading APEX Sepolicy from /system/etc/selinux/apex/SEPolicy.zip
[    6.398505][    T1] init: Failed to open package /system/etc/selinux/apex/SEPolicy.zip: No such file or directory
[    6.399227][    T1] init: Loading SELinux policy
[    6.407719][    T1] SELinux:  Permission bpf in class capability2 not defined in policy.
[    6.407728][    T1] SELinux:  Permission checkpoint_restore in class capability2 not defined in policy.
[    6.407743][    T1] SELinux:  Permission bpf in class cap2_userns not defined in policy.
[    6.407749][    T1] SELinux:  Permission checkpoint_restore in class cap2_userns not defined in policy.
[    6.407803][    T1] SELinux:  Class mctp_socket not defined in policy.
[    6.407814][    T1] SELinux:  Class user_namespace not defined in policy.
[    6.407819][    T1] SELinux: the above unknown classes and permissions will be denied
[    6.410936][    T1] SELinux:  policy capability network_peer_controls=1
[    6.410944][    T1] SELinux:  policy capability open_perms=1
[    6.410980][    T1] SELinux:  policy capability extended_socket_class=1
[    6.410985][    T1] SELinux:  policy capability always_check_network=0
[    6.410990][    T1] SELinux:  policy capability cgroup_seclabel=0
[    6.410995][    T1] SELinux:  policy capability nnp_nosuid_transition=1
[    6.411000][    T1] SELinux:  policy capability genfs_seclabel_symlinks=0
[    6.411005][    T1] SELinux:  policy capability ioctl_skip_cloexec=0
