DDR 9fa84341ce typ 24/09/06-09:51:11,fwver: v1.18
ch0 ttot10
ch1 ttot10
ch2 ttot10
ch3 ttot10
ch0 ttot16
LPDDR4X, 2112MHz
channel[0] BW=16 Col=10 Bk=8 CS0 Row=16 CS=1 Die BW=16 Size=1024MB
ch1 ttot16
channel[1] BW=16 Col=10 Bk=8 CS0 Row=16 CS=1 Die BW=16 Size=1024MB
ch2 ttot16
channel[2] BW=16 Col=10 Bk=8 CS0 Row=16 CS=1 Die BW=16 Size=1024MB
ch3 ttot16
channel[3] BW=16 Col=10 Bk=8 CS0 Row=16 CS=1 Die BW=16 Size=1024MB
Manufacturer ID:0x13
DQS rds:l0,h1
CH0 RX Vref:27.9%, TX Vref:26.8%,0.0%
DQ rds:l0 h1 l0 l0 h5 h1 l3 l0, h1 l0 h1 h2 h1 h1 h1 l0

DQS rds:h1,l0
CH1 RX Vref:28.9%, TX Vref:25.8%,0.0%
DQ rds:h5 l0 l0 h3 l0 h5 h1 l1, h1 h1 h1 h1 l0 h1 h1 h1

DQS rds:h1,l0
CH2 RX Vref:28.5%, TX Vref:24.8%,0.0%
DQ rds:h1 h2 h1 h1 h4 h1 h5 l0, l1 l0 l1 l1 l1 l0 h1 h1

DQS rds:l0,h1
CH3 RX Vref:28.9%, TX Vref:25.8%,0.0%
DQ rds:h2 l0 l1 l0 h2 h1 l0 h2, l0 h1 h1 l0 h5 h1 l0 l0

stride=0x2, ddr_config=0x0
hash ch_mask0-1 0x20 0x40, bank_mask0-3 0xa00 0x1400 0x2800 0x0, rank_mask0 0x0
change to F1: 528MHz
ch0 ttot10
ch1 ttot10
ch2 ttot10
ch3 ttot10
change to F2: 1068MHz
ch0 ttot12
ch1 ttot12
ch2 ttot12
ch3 ttot12
change to F3: 1560MHz
ch0 ttot14
ch1 ttot14
ch2 ttot14
ch3 ttot14
change to F0: 2112MHz
ch0 ttot16
ch1 ttot16
ch2 ttot16
ch3 ttot16
out
Boot1 Release Time: Oct 17 2023 17:09:54, version: 1.11
Emmc IO init.
Emmc IO init.
mmc_set_bus_width: 1
SetEmmcClk: 375000, 2, 64
mmc_switch index:183, value:0x2
mmc_switch index:185, value:0x2
SetEmmcClk: 375000, 2, 64
mmc_set_bus_width: 8
SetEmmcClk: 200000000, 0, 3
Enable PHY CLK: 200000000, timing: 9
SdmmcInit=2 0
BootCapSize=100000
UserCapSize=29820MB
FwPartOffset=2000 , 100000
UsbBoot ...136776
powerOn 139039
SoftReset, 5764349 us
DDR 9fa84341ce typ 24/09/06-09:51:11,fwver: v1.18
ch0 ttot10
ch1 ttot10
ch2 ttot10
ch3 ttot10
ch0 ttot16
LPDDR4X, 2112MHz
channel[0] BW=16 Col=10 Bk=8 CS0 Row=16 CS=1 Die BW=16 Size=1024MB
ch1 ttot16
channel[1] BW=16 Col=10 Bk=8 CS0 Row=16 CS=1 Die BW=16 Size=1024MB
ch2 ttot16
channel[2] BW=16 Col=10 Bk=8 CS0 Row=16 CS=1 Die BW=16 Size=1024MB
ch3 ttot16
channel[3] BW=16 Col=10 Bk=8 CS0 Row=16 CS=1 Die BW=16 Size=1024MB
Manufacturer ID:0x13
DQS rds:l0,h1
CH0 RX Vref:28.3%, TX Vref:26.8%,0.0%
DQ rds:l0 h1 h1 l0 h6 h1 l3 l0, h1 l0 h1 h2 h1 h1 h1 h1

DQS rds:h1,l0
CH1 RX Vref:28.9%, TX Vref:24.8%,0.0%
DQ rds:h5 l0 l0 h3 l0 h5 h1 l1, h1 h1 h1 h1 l0 h1 h1 h1

DQS rds:h1,l0
CH2 RX Vref:28.5%, TX Vref:24.8%,0.0%
DQ rds:h1 h2 h1 h1 h4 h1 h5 l0, l1 l0 l1 l1 l1 l0 h1 h1

DQS rds:l0,h1
CH3 RX Vref:28.9%, TX Vref:25.8%,0.0%
DQ rds:h2 l0 l1 l0 h2 h1 l0 h3, l0 h1 h1 l0 h6 l0 h1 l0

stride=0x2, ddr_config=0x0
hash ch_mask0-1 0x20 0x40, bank_mask0-3 0xa00 0x1400 0x2800 0x0, rank_mask0 0x0
change to F1: 528MHz
ch0 ttot10
ch1 ttot10
ch2 ttot10
ch3 ttot10
change to F2: 1068MHz
ch0 ttot12
ch1 ttot12
ch2 ttot12
ch3 ttot12
change to F3: 1560MHz
ch0 ttot14
ch1 ttot14
ch2 ttot14
ch3 ttot14
change to F0: 2112MHz
ch0 ttot16
ch1 ttot16
ch2 ttot16
ch3 ttot16
out
U-Boot SPL board init
U-Boot SPL 2017.09-241224-dirty #root (Mar 26 2025 - 09:45:09)
sfc cmd=9fH(6BH-x4)
unknown raw ID 0 0 0
unrecognized JEDEC id bytes: 00, 00, 00
Trying to boot from MMC2
MMC: no card present
mmc_init: -123, time 2
spl: mmc init failed with error: -123
Trying to boot from MMC1
Magic is incorrect.
Error validating A/B metadata from disk. Resetting and writing new A/B metadata to disk.
SPL: A/B-slot: _a, successful: 0, tries-remain: 7
Trying fit image at 0x4000 sector
## Verified-boot: 0
sha256,rsa2048:dev## Verified-boot: 0
Waiting for power supply steady for OTP write. Please don't turn off the device
RSA: Write RSA key hash successfully.
RSA: Write secure flag successfully.
+
## Checking atf-1 0x00040000 (gzip @0x00240000) ... sha256(c4f2cc0607...) + sha256Failed to get clk index 0, ret=-2
Failed to get clk index 0, ret=-2
(7612223b82...) + OK
## Checking uboot 0x00200000 (gzip @0x00400000) ... sha256Failed to get clk index 0, ret=-2
Failed to get clk index 0, ret=-2
(331342be6f...) + sha256Failed to get clk index 0, ret=-2
Failed to get clk index 0, ret=-2
(590fea49c7...) + OK
## Checking fdt 0x0034d620 ... sha256Failed to get clk index 0, ret=-2
Failed to get clk index 0, ret=-2
(cf4af5bd8c...) + OK
## Checking atf-2 0xff100000 ... sha256Failed to get clk index 0, ret=-2
Failed to get clk index 0, ret=-2
(70505bb764...) + OK
## Checking atf-3 0x000f0000 ... sha256Failed to get clk index 0, ret=-2
Failed to get clk index 0, ret=-2
(b2af21b504...) + OK
## Checking optee 0x08400000 (gzip @0x08600000) ... sha256Failed to get clk index 0, ret=-2
Failed to get clk index 0, ret=-2
(a901218f63...) + sha256Failed to get clk index 0, ret=-2
Failed to get clk index 0, ret=-2
(3e0a1f56ed...) + OK
Jumping to U-Boot(0x00200000) via ARM Trusted Firmware(0x00040000)
Total: 3287.925/3477.283 ms

INFO:    Preloader serial: 2
NOTICE:  BL31: v2.3():v2.3-868-g040d2de11:derrick.huang, fwver: v1.48
NOTICE:  BL31: Built : 15:02:44, Dec 19 2024
INFO:    spec: 0x1
INFO:    code: 0x88
INFO:    ext 32k is not valid
INFO:    ddr: stride-en 4CH
INFO:    GICv3 without legacy support detected.
INFO:    ARM GICv3 driver initialized in EL3
INFO:    valid_cpu_msk=0xff bcore0_rst = 0x0, bcore1_rst = 0x0
INFO:    l3 cache partition cfg-0
INFO:    system boots from cpu-hwid-0
INFO:    disable memory repair
INFO:    idle_st=0x21fff, pd_st=0x11fff9, repair_st=0xfff70001
INFO:    dfs DDR fsp_params[0].freq_mhz= 2112MHz
INFO:    dfs DDR fsp_params[1].freq_mhz= 528MHz
INFO:    dfs DDR fsp_params[2].freq_mhz= 1068MHz
INFO:    dfs DDR fsp_params[3].freq_mhz= 1560MHz
INFO:    BL31: Initialising Exception Handling Framework
INFO:    BL31: Initializing runtime services
INFO:    BL31: Initializing BL32
I/TC:
I/TC: OP-TEE version: 3.13.0-898-g57604957e #hisping.lin (gcc version 10.2.1 20201103 (GNU Toolchain for the A-profile Architecture 10.2-2020.11 (arm-10.16))) #2 Fri Nov 15 16:04:27 CST 2024 aarch64, fwver: v1.19
I/TC: OP-TEE memory: TEEOS 0x200000 TA 0xc00000 SHM 0x200000
I/TC: Primary CPU initializing
I/TC: Primary CPU switching to normal world boot
INFO:    BL31: Preparing for EL3 exit to normal world
INFO:    Entry point address = 0x200000
INFO:    SPSR = 0x3c9


U-Boot 2017.09-241224-dirty #root (Mar 26 2025 - 09:45:09 +0800)

Model: Rockchip RK3588 Evaluation Board
MPIDR: 0x0
PreSerial: 2, raw, 0xfeb50000
DRAM:  4 GiB
Sysmem: init
Relocation Offset: eda10000
Relocation fdt: eb9fa300 - eb9fece0
CR: M/C/I
Using default environment

Cmd interface: disabled
optee api revision: 2.0
mmc@fe2c0000: 1, mmc@fe2e0000: 0
Bootdev(atags): mmc 0
MMC0: HS400 Enhanced Strobe, 200Mhz
PartType: EFI
TEEC: Waring: Could not find security partition
DM: v2
boot mode: normal
conf: sha256,rsa2048:dev+
RESC: 'boot', blk@0x000184b1
resource: sha256+
FIT: signed, conf required
DTB: rk-kernel.dtb
HASH(c): OK
usb dr_mode not found
usb dr_mode not found
usb dr_mode not found
I2c0 speed: 100000Hz
vsel-gpios- not found!
en-gpios- not found!
vdd_cpu_big0_s0 800000 uV
vsel-gpios- not found!
en-gpios- not found!
vdd_cpu_big1_s0 800000 uV
I2c2 speed: 100000Hz
vsel-gpios- not found!
en-gpios- not found!
vdd_npu_s0 800000 uV
spi2: RK806: 2
ON=0x40, OFF=0x00
vdd_gpu_s0 750000 uV
vdd_cpu_lit_s0 init 800000 uV
vdd_log_s0 750000 uV
vdd_vdenc_s0 init 750000 uV
vdd_ddr_s0 850000 uV
get vp0 plane mask:0x5, primary id:2, cursor_plane:0, from dts
get vp1 plane mask:0xa, primary id:3, cursor_plane:-1, from dts
get vp2 plane mask:0x140, primary id:8, cursor_plane:-1, from dts
get vp3 plane mask:0x280, primary id:9, cursor_plane:-1, from dts
Could not find baseparameter partition
Model: ASR-A501 AKS0000000000 V10000 A2-EG90
Minidump: init...
Rockchip UBOOT DRM driver version: v1.0.1
vp0 have layer nr:2[0 2 ], primary plane: 2
vp1 have layer nr:2[1 3 ], primary plane: 3
vp2 have layer nr:2[6 8 ], primary plane: 8
vp3 have layer nr:2[7 9 ], primary plane: 9
Monitor has basic audio support
Could not find baseparameter partition
color_format:1
hdmi_select_link_config use tmds mode
mode:3840x2160 bus_format:0x2025
hdmi@fde80000:  detailed mode clock 297000 kHz, flags[5]
    H: 3840 4016 4104 4400
    V: 2160 2168 2178 2250
bus_format: 2025
VOP update mode to: 3840x2160p30, type: HDMI0 for VP0
dclk:297000,if_pixclk_div;2,if_dclk_div:4
VP0 set crtc_clock to 297000KHz
VOP VP0 enable Esmart0[654x258->654x258@1593x951] fmt[0] addr[0xedf00000]
CEA mode used vic=95
mtmdsclock:297000000
hdptx_ropll_cmn_config bus_width:2d5190 rate:2970000
hdptx phy pll locked!
dw_hdmi_setup HDMI mode
don't use dsc mode
dw hdmi qp use tmds mode
bus_width:0x2d5190,bit_rate:2970000
hdptx phy lane locked!
CLK: (sync kernel. arm: enter 1008000 KHz, init 1008000 KHz, kernel 0N/A)
  b0pll 24000 KHz
  b1pll 24000 KHz
  lpll 24000 KHz
  v0pll 24000 KHz
  aupll 786431 KHz
  cpll 1500000 KHz
  gpll 1188000 KHz
  npll 850000 KHz
  ppll 1100000 KHz
  aclk_center_root 702000 KHz
  pclk_center_root 100000 KHz
  hclk_center_root 396000 KHz
  aclk_center_low_root 500000 KHz
  aclk_top_root 750000 KHz
  pclk_top_root 100000 KHz
  aclk_low_top_root 396000 KHz
Net:   eth0: ethernet@fe1b0000, eth1: ethernet@fe1c0000
Hit key to stop autoboot('CTRL+C'):  0
## Booting FIT Image at 0xe97630c0 with size 0x02096200
Fdt Ramdisk skip relocation
## Loading kernel from FIT Image at e97630c0 ...
   Using 'conf' configuration
## Verified-boot: 1
   Verifying Hash Integrity ... sha256,rsa2048:dev+ OK
   Trying 'kernel' kernel subimage
     Description:  unavailable
     Type:         Kernel Image
     Compression:  uncompressed
     Data Start:   0xe97908c0
     Data Size:    33982976 Bytes = 32.4 MiB
     Architecture: AArch64
     OS:           Linux
     Load Address: 0x00400000
     Entry Point:  0x00400000
     Hash algo:    sha256
     Hash value:   e9f783502edee2cf4653cf6ce9baacdc9e52e0955036fb89152c208be68744e0
   Verifying Hash Integrity ... sha256+ OK
## Loading fdt from FIT Image at e97630c0 ...
   Using 'conf' configuration
   Trying 'fdt' fdt subimage
     Description:  unavailable
     Type:         Flat Device Tree
     Compression:  uncompressed
     Data Start:   0xe97642c0
     Data Size:    181708 Bytes = 177.4 KiB
     Architecture: AArch64
     Load Address: 0x08300000
     Hash algo:    sha256
     Hash value:   9bf20bb1fc4dd3169f2426a8f4f67f3e5432675816d8d4f28f012067e430d49d
   Verifying Hash Integrity ... sha256+ OK
   Loading fdt from 0x08300000 to 0x08300000
   Booting using the fdt blob at 0x08300000
   Loading Kernel Image from 0xe97908c0 to 0x00400000 ... OK
   kernel loaded at 0x00400000, end = 0x02468a00
   Using Device Tree in place at 0000000008300000, end 000000000832f5cb
## reserved-memory:
  drm-logo@00000000: addr=edf00000 size=14a000
  ramoops@110000: addr=110000 size=f0000
Adding bank: 0x00200000 - 0x08400000 (size: 0x08200000)
Adding bank: 0x09400000 - 0xf0000000 (size: 0xe6c00000)
Adding bank: 0x1f0000000 - 0x200000000 (size: 0x10000000)
Total: 1031.483/1204.957 ms

Starting kernel ...

[    1.212556] Booting Linux on physical CPU 0x0000000000 [0x412fd050]
[    1.212574] Linux version 6.1.75-rt16 (adv@8dce11858f85) (aarch64-none-linux-gnu-gcc (GNU Toolchain for the A-profile Architecture 10.3-2021.07 (arm-10.29)) 10.3.1 20210621, GNU ld (GNU Toolchain for the A-profile Architecture 10.3-2021.07 (arm-10.29)) 2.36.1.20210621) #1 SMP PREEMPT_RT Mon Mar  3 16:27:32 UTC 2025
[    1.214606] random: crng init done
[    1.217784] Machine model: ASR-A501 AKS0000000000 V10000 A2-EG90
[    1.222753] earlycon: uart8250 at MMIO32 0x00000000feb50000 (options '')
[    1.275878] printk: bootconsole [uart8250] enabled
[    1.277496] efi: UEFI not found.
[    1.279140] Reserved memory: created CMA memory pool at 0x00000001ff800000, size 8 MiB
[    1.279145] OF: reserved mem: initialized node cma, compatible id shared-dma-pool
[    1.338244] Zone ranges:
[    1.338250]   DMA      [mem 0x0000000000200000-0x00000000ffffffff]
[    1.338260]   DMA32    empty
[    1.338263]   Normal   [mem 0x0000000100000000-0x00000001ffffffff]
[    1.338267] Movable zone start for each node
[    1.338269] Early memory node ranges
[    1.338270]   node   0: [mem 0x0000000000200000-0x00000000083fffff]
[    1.338274]   node   0: [mem 0x0000000009400000-0x00000000efffffff]
[    1.338279]   node   0: [mem 0x00000001f0000000-0x00000001ffffffff]
[    1.338283] Initmem setup node 0 [mem 0x0000000000200000-0x00000001ffffffff]
[    1.338884] On node 0, zone DMA: 512 pages in unavailable ranges
[    1.355292] On node 0, zone DMA: 4096 pages in unavailable ranges
[    1.356626] psci: probing for conduit method from DT.
[    1.356633] psci: PSCIv1.1 detected in firmware.
[    1.356636] psci: Using standard PSCI v0.2 function IDs
[    1.356640] psci: Trusted OS migration not required
[    1.356679] psci: SMC Calling Convention v1.2
[    1.356886] percpu: Embedded 17 pages/cpu s32704 r8192 d28736 u69632
[    1.357046] Detected VIPT I-cache on CPU0
[    1.357083] CPU features: detected: GIC system register CPU interface
[    1.357085] CPU features: detected: Virtualization Host Extensions
[    1.357095] CPU features: detected: Qualcomm erratum 1009, or ARM erratum 1286807, 2441009
[    1.357097] CPU features: detected: ARM errata 1165522, 1319367, or 1530923
[    1.357101] alternatives: applying boot alternatives
[    1.357893] Built 1 zonelists, mobility grouping on.  Total pages: 1027656
[    1.357903] Kernel command line: storagemedia=emmc androidboot.storagemedia=emmc androidboot.mode=normal  fuse.programmed=0 rw rootwait earlycon=uart8250,mmio32,0xfeb50000 console=ttyFIQ0 irqchip.gicv3_pseudo_nmi=0 root=PARTUUID=614e0000-0000 androidboot.fwver=ddr-v1.18-9fa84341ce,bl31-v1.48,bl32-v1.19,uboot-41224-dirt-03/26/2025
[    1.358085] Unknown kernel command line parameters "storagemedia=emmc", will be passed to user space.
[    1.358457] Dentry cache hash table entries: 524288 (order: 10, 4194304 bytes, linear)
[    1.358641] Inode-cache hash table entries: 262144 (order: 9, 2097152 bytes, linear)
[    1.358649] mem auto-init: stack:off, heap alloc:off, heap free:off
[    1.358653] software IO TLB: area num 8.
[    1.369642] software IO TLB: mapped [mem 0x00000000e9f00000-0x00000000edf00000] (64MB)
[    1.395030] Memory: 3984532K/4175872K available (19328K kernel code, 2594K rwdata, 6996K rodata, 4160K init, 713K bss, 183148K reserved, 8192K cma-reserved)
[    1.395164] SLUB: HWalign=64, Order=0-3, MinObjects=0, CPUs=8, Nodes=1
[    1.395341] rcu: Preemptible hierarchical RCU implementation.
[    1.395344] rcu:     RCU event tracing is enabled.
[    1.395346] rcu:     RCU priority boosting: priority 1 delay 500 ms.
[    1.395351] rcu:     RCU_SOFTIRQ processing moved to rcuc kthreads.
[    1.395353]  No expedited grace period (rcu_normal_after_boot).
[    1.395354]  Trampoline variant of Tasks RCU enabled.
[    1.395356]  Tracing variant of Tasks RCU enabled.
[    1.395358] rcu: RCU calculated value of scheduler-enlistment delay is 100 jiffies.
[    1.395382] NR_IRQS: 64, nr_irqs: 64, preallocated irqs: 0
[    1.397142] GICv3: GIC: Using split EOI/Deactivate mode
[    1.397145] GICv3: 480 SPIs implemented
[    1.397148] GICv3: 0 Extended SPIs implemented
[    1.397172] Root IRQ handler: gic_handle_irq
[    1.397186] GICv3: GICv3 features: 16 PPIs
[    1.397485] GICv3: CPU0: found redistributor 0 region 0:0x00000000fe680000
[    1.397692] ITS [mem 0xfe640000-0xfe65ffff]
[    1.397735] ITS@0x00000000fe640000: allocated 8192 Devices @1f0050000 (indirect, esz 8, psz 64K, shr 0)
[    1.397758] ITS@0x00000000fe640000: allocated 32768 Interrupt Collections @1f0060000 (flat, esz 2, psz 64K, shr 0)
[    1.397769] ITS: using cache flushing for cmd queue
[    1.397796] ITS [mem 0xfe660000-0xfe67ffff]
[    1.397832] ITS@0x00000000fe660000: allocated 8192 Devices @1f0080000 (indirect, esz 8, psz 64K, shr 0)
[    1.397853] ITS@0x00000000fe660000: allocated 32768 Interrupt Collections @1f0090000 (flat, esz 2, psz 64K, shr 0)
[    1.397863] ITS: using cache flushing for cmd queue
[    1.397975] GICv3: using LPI property table @0x00000001f00a0000
[    1.398080] GIC: using cache flushing for LPI property table
[    1.398084] GICv3: CPU0: using allocated LPI pending table @0x00000001f00b0000
[    1.398128] rcu: srcu_init: Setting srcu_struct sizes based on contention.
[    1.495468] arch_timer: cp15 timer(s) running at 24.00MHz (phys).
[    1.495478] clocksource: arch_sys_counter: mask: 0xffffffffffffff max_cycles: 0x588fe9dc0, max_idle_ns: 440795202592 ns
[    1.495486] sched_clock: 56 bits at 24MHz, resolution 41ns, wraps every 4398046511097ns
[    1.496208] Console: colour dummy device 80x25
[    1.952384] Calibrating delay loop (skipped), value calculated using timer frequency.. 48.00 BogoMIPS (lpj=24000)
[    1.952392] pid_max: default: 32768 minimum: 301
[    1.952498] Mount-cache hash table entries: 8192 (order: 4, 65536 bytes, linear)
[    1.952511] Mountpoint-cache hash table entries: 8192 (order: 4, 65536 bytes, linear)
[    1.953750] cblist_init_generic: Setting adjustable number of callback queues.
[    1.991847] cblist_init_generic: Setting shift to 3 and lim to 1.
[    1.998121] cblist_init_generic: Setting adjustable number of callback queues.
[    2.005526] cblist_init_generic: Setting shift to 3 and lim to 1.
[    2.011989] rcu: Hierarchical SRCU implementation.
[    2.011991] rcu:     Max phase no-delay instances is 400.
[    2.012033] printk: bootconsole [uart8250] printing thread started
[    2.029473] Platform MSI: msi-controller@fe640000 domain created
[    2.029487] Platform MSI: msi-controller@fe660000 domain created
[    2.029713] PCI/MSI: /interrupt-controller@fe600000/msi-controller@fe640000 domain created
[    2.029731] PCI/MSI: /interrupt-controller@fe600000/msi-controller@fe660000 domain created
[    2.029820] EFI services will not be available.
[    2.030094] smp: Bringing up secondary CPUs ...
I/TC: Secondary CPU 1 initializing
I/TC: Secondary CPU 1 switching to normal world boot
[    2.076715] Detected VIPT I-cache on CPU1
[    2.076776] GICv3: CPU1: found redistributor 100 region 0:0x00000000fe6a0000
[    2.076793] GICv3: CPU1: using allocated LPI pending table @0x00000001f00c0000
[    2.076826] CPU1: Booted secondary processor 0x0000000100 [0x412fd050]
I/TC: Secondary CPU 2 initializing
I/TC: Secondary CPU 2 switching to normal world boot
[    2.110493] Detected VIPT I-cache on CPU2
[    2.110551] GICv3: CPU2: found redistributor 200 region 0:0x00000000fe6c0000
[    2.110566] GICv3: CPU2: using allocated LPI pending table @0x00000001f00d0000
[    2.110594] CPU2: Booted secondary processor 0x0000000200 [0x412fd050]
I/TC: Secondary CPU 3 initializing
I/TC: Secondary CPU 3 switching to normal world boot
[    2.144238] Detected VIPT I-cache on CPU3
[    2.144294] GICv3: CPU3: found redistributor 300 region 0:0x00000000fe6e0000
[    2.144309] GICv3: CPU3: using allocated LPI pending table @0x00000001f00e0000
[    2.144336] CPU3: Booted secondary processor 0x0000000300 [0x412fd050]
I/TC: Secondary CPU 4 initializing
I/TC: Secondary CPU 4 switching to normal world boot
[    2.177938] CPU features: detected: Spectre-v4
[    2.177941] CPU features: detected: Spectre-BHB
[    2.177944] Detected PIPT I-cache on CPU4
[    2.177980] GICv3: CPU4: found redistributor 400 region 0:0x00000000fe700000
[    2.177988] GICv3: CPU4: using allocated LPI pending table @0x00000001f00f0000
[    2.178008] CPU4: Booted secondary processor 0x0000000400 [0x414fd0b0]
I/TC: Secondary CPU 5 initializing
I/TC: Secondary CPU 5 switching to normal world boot
[    2.220785] Detected PIPT I-cache on CPU5
[    2.220827] GICv3: CPU5: found redistributor 500 region 0:0x00000000fe720000
[    2.220836] GICv3: CPU5: using allocated LPI pending table @0x00000001f0100000
[    2.220855] CPU5: Booted secondary processor 0x0000000500 [0x414fd0b0]
I/TC: Secondary CPU 6 initializing
I/TC: Secondary CPU 6 switching to normal world boot
[    2.254413] Detected PIPT I-cache on CPU6
[    2.254453] GICv3: CPU6: found redistributor 600 region 0:0x00000000fe740000
[    2.254462] GICv3: CPU6: using allocated LPI pending table @0x00000001f0110000
[    2.254481] CPU6: Booted secondary processor 0x0000000600 [0x414fd0b0]
I/TC: Secondary CPU 7 initializing
I/TC: Secondary CPU 7 switching to normal world boot
[    2.288120] Detected PIPT I-cache on CPU7
[    2.288162] GICv3: CPU7: found redistributor 700 region 0:0x00000000fe760000
[    2.288171] GICv3: CPU7: using allocated LPI pending table @0x00000001f0120000
[    2.288190] CPU7: Booted secondary processor 0x0000000700 [0x414fd0b0]
[    2.288227] smp: Brought up 1 node, 8 CPUs
[    2.288233] SMP: Total of 8 processors activated.
[    2.288236] CPU features: detected: 32-bit EL0 Support
[    2.288238] CPU features: detected: Data cache clean to the PoU not required for I/D coherence
[    2.288241] CPU features: detected: Common not Private translations
[    2.288243] CPU features: detected: CRC32 instructions
[    2.288246] CPU features: detected: RCpc load-acquire (LDAPR)
[    2.288248] CPU features: detected: LSE atomic instructions
[    2.288250] CPU features: detected: Privileged Access Never
[    2.288252] CPU features: detected: RAS Extension Support
[    2.288255] CPU features: detected: Speculative Store Bypassing Safe (SSBS)
[    2.378101] CPU: All CPU(s) started at EL2
[    2.378103] alternatives: applying system-wide alternatives
[    2.381558] devtmpfs: initialized
[    2.411010] Registered cp15_barrier emulation handler
[    2.411020] Registered setend emulation handler
[    2.411180] clocksource: jiffies: mask: 0xffffffff max_cycles: 0xffffffff, max_idle_ns: 1911260446275000 ns
[    2.411192] futex hash table entries: 2048 (order: 5, 131072 bytes, linear)
[    2.411434] pinctrl core: initialized pinctrl subsystem
[    2.411952] DMI not present or invalid.
[    2.412221] NET: Registered PF_NETLINK/PF_ROUTE protocol family
[    2.453811] DMA: preallocated 512 KiB GFP_KERNEL pool for atomic allocations
[    2.453866] DMA: preallocated 512 KiB GFP_KERNEL|GFP_DMA pool for atomic allocations
[    2.453916] DMA: preallocated 512 KiB GFP_KERNEL|GFP_DMA32 pool for atomic allocations
[    2.454848] Registered FIQ tty driver
[    2.455168] thermal_sys: Registered thermal governor 'fair_share'
[    2.455172] thermal_sys: Registered thermal governor 'step_wise'
[    2.455174] thermal_sys: Registered thermal governor 'user_space'
[    2.455176] thermal_sys: Registered thermal governor 'power_allocator'
[    2.455272] cpuidle: using governor menu
[    2.455558] ASID allocator initialised with 65536 entries
[    2.458479] ramoops: dmesg-0 0x20000@0x0000000000110000
[    2.458500] ramoops: console 0x80000@0x0000000000130000
[    2.458514] ramoops: pmsg    0x50000@0x00000000001b0000
[    2.463141] printk: console [ramoops-1] enabled
[    2.463145] pstore: Registered ramoops as persistent store backend
[    2.463144] printk: console [ramoops-1] printing thread started
[    2.463147] ramoops: using 0xf0000@0x110000, ecc: 0
[    2.513183] platform mipi0-csi2: Fixed dependency cycle(s) with /csi2-dcphy0/ports/port@1/endpoint@0
[    2.513331] platform mipi1-csi2: Fixed dependency cycle(s) with /csi2-dcphy1/ports/port@1/endpoint@0
[    2.513507] platform mipi2-csi2: Fixed dependency cycle(s) with /csi2-dphy0/ports/port@1/endpoint@0
[    2.513700] platform mipi4-csi2: Fixed dependency cycle(s) with /csi2-dphy3/ports/port@1/endpoint@0
[    2.514004] platform rkcif-mipi-lvds: Fixed dependency cycle(s) with /mipi0-csi2/ports/port@1/endpoint@0
[    2.514227] platform rkcif-mipi-lvds1: Fixed dependency cycle(s) with /mipi1-csi2/ports/port@1/endpoint@0
[    2.514454] platform rkcif-mipi-lvds2: Fixed dependency cycle(s) with /mipi2-csi2/ports/port@1/endpoint@0
[    2.514719] platform rkisp0-vir0: Fixed dependency cycle(s) with /rkcif-mipi-lvds2-sditf/port/endpoint
[    2.514835] platform rkisp0-vir1: Fixed dependency cycle(s) with /rkcif-mipi-lvds-sditf/port/endpoint
[    2.515097] platform rkisp1-vir1: Fixed dependency cycle(s) with /rkcif-mipi-lvds1-sditf/port/endpoint
[    2.537119] platform fde80000.hdmi: Fixed dependency cycle(s) with /vop@fdd90000/ports/port@0/endpoint@2
[    2.556575] rockchip-gpio fd8a0000.gpio: probed /pinctrl/gpio@fd8a0000
[    2.556836] rockchip-gpio fec20000.gpio: probed /pinctrl/gpio@fec20000
[    2.557031] rockchip-gpio fec30000.gpio: probed /pinctrl/gpio@fec30000
[    2.557230] rockchip-gpio fec40000.gpio: probed /pinctrl/gpio@fec40000
[    2.557412] rockchip-gpio fec50000.gpio: probed /pinctrl/gpio@fec50000
[    2.557436] rockchip-pinctrl pinctrl: probed pinctrl
[    2.557885] platform rkcif-mipi-lvds4: Fixed dependency cycle(s) with /mipi4-csi2/ports/port@1/endpoint@0
[    2.557949] platform rkcif-mipi-lvds4-sditf: Fixed dependency cycle(s) with /rkisp1-vir0/port/endpoint@0
[    2.642985] raid6: neonx8   gen()  5893 MB/s
[    2.660010] raid6: neonx4   gen()  5789 MB/s
[    2.677056] raid6: neonx2   gen()  5585 MB/s
[    2.694077] raid6: neonx1   gen()  4505 MB/s
[    2.711105] raid6: int64x8  gen()  2734 MB/s
[    2.728142] raid6: int64x4  gen()  3111 MB/s
[    2.745177] raid6: int64x2  gen()  2617 MB/s
[    2.762216] raid6: int64x1  gen()  2144 MB/s
[    2.783797] printk: console [ttyFIQ0] enabled
[    2.783799] printk: bootconsole [uart8250] disabled
[    2.783801] printk: console [ttyFIQ0] printing thread started
[    2.783804] printk: bootconsole [uart8250] printing thread stopped
[    2.783887] Registered fiq debugger ttyFIQ0
[    2.785305] iommu: Default domain type: Translated
[    2.785308] iommu: DMA domain TLB invalidation policy: strict mode
[    2.785447] SCSI subsystem initialized
[    2.785513] usbcore: registered new interface driver usbfs
[    2.785526] usbcore: registered new interface driver hub
[    2.785535] usbcore: registered new device driver usb
[    2.785577] mc: Linux media interface: v0.10
[    2.785589] videodev: Linux video capture interface: v2.00
[    2.785612] pps_core: LinuxPPS API ver. 1 registered
[    2.785613] pps_core: Software ver. 5.3.6 - Copyright 2005-2007 Rodolfo Giometti <giometti@linux.it>
[    2.785617] PTP clock support registered
[    2.785631] EDAC MC: Ver: 3.0.0
[    2.785788] arm-scmi firmware:scmi: Enabled polling mode TX channel - prot_id:16
[    2.785828] arm-scmi firmware:scmi: SCMI Notifications - Core Enabled.
[    2.785851] arm-scmi firmware:scmi: SCMI Protocol v2.0 'rockchip:' Firmware version 0x0
[    2.786868] Advanced Linux Sound Architecture Driver Initialized.
[    2.787057] Bluetooth: Core ver 2.22
[    2.787066] NET: Registered PF_BLUETOOTH protocol family
[    2.787067] Bluetooth: HCI device and connection manager initialized
[    2.787070] Bluetooth: HCI socket layer initialized
[    2.787073] Bluetooth: L2CAP socket layer initialized
[    2.787077] Bluetooth: SCO socket layer initialized
[    2.788376] rockchip-cpuinfo cpuinfo: SoC            : 35880000
[    2.788380] rockchip-cpuinfo cpuinfo: Serial         : 38c44fd81e513498
[    2.788625] clocksource: Switched to clocksource arch_sys_counter
[    2.791948] NET: Registered PF_INET protocol family
[    2.792016] IP idents hash table entries: 65536 (order: 7, 524288 bytes, linear)
[    2.793482] tcp_listen_portaddr_hash hash table entries: 2048 (order: 4, 81920 bytes, linear)
[    2.793520] Table-perturb hash table entries: 65536 (order: 6, 262144 bytes, linear)
[    2.793525] TCP established hash table entries: 32768 (order: 6, 262144 bytes, linear)
[    2.793746] TCP bind hash table entries: 32768 (order: 9, 2621440 bytes, linear)
[    2.794460] TCP: Hash tables configured (established 32768 bind 32768)
[    2.794499] UDP hash table entries: 2048 (order: 5, 196608 bytes, linear)
[    2.794572] UDP-Lite hash table entries: 2048 (order: 5, 196608 bytes, linear)
[    2.794698] NET: Registered PF_UNIX/PF_LOCAL protocol family
[    2.794856] RPC: Registered named UNIX socket transport module.
[    2.794858] RPC: Registered udp transport module.
[    2.794859] RPC: Registered tcp transport module.
[    2.794860] RPC: Registered tcp NFSv4.1 backchannel transport module.
[    2.795163] PCI: CLS 0 bytes, default 64
[    2.795689] rockchip-thermal fec00000.tsadc: Missing rockchip,grf property
[    2.795887] thermal thermal_zone1: power_allocator: sustainable_power will be estimated
[    2.795947] thermal thermal_zone2: power_allocator: sustainable_power will be estimated
[    2.796004] thermal thermal_zone3: power_allocator: sustainable_power will be estimated
[    2.796063] thermal thermal_zone4: power_allocator: sustainable_power will be estimated
[    2.796121] thermal thermal_zone5: power_allocator: sustainable_power will be estimated
[    2.796180] thermal thermal_zone6: power_allocator: sustainable_power will be estimated
[    2.796383] rockchip-thermal fec00000.tsadc: tsadc is probed successfully!
[    2.797056] Initialise system trusted keyrings
[    2.797111] workingset: timestamp_bits=46 max_order=20 bucket_order=0
[    2.799639] squashfs: version 4.0 (2009/01/31) Phillip Lougher
[    2.799931] NFS: Registering the id_resolver key type
[    2.799937] Key type id_resolver registered
[    2.799939] Key type id_legacy registered
[    2.799950] ntfs: driver 2.1.32 [Flags: R/O].
[    2.800006] jffs2: version 2.2. (NAND) © 2001-2006 Red Hat, Inc.
[    2.800107] fuse: init (API version 7.37)
[    2.800238] SGI XFS with security attributes, no debug enabled
[    2.821061] NET: Registered PF_ALG protocol family
[    2.821066] xor: measuring software checksum speed
[    2.822246]    8regs           :  8396 MB/sec
[    2.823447]    32regs          :  8266 MB/sec
[    2.824264]    arm64_neon      : 12158 MB/sec
[    2.824265] xor: using function: arm64_neon (12158 MB/sec)
[    2.824269] Key type asymmetric registered
[    2.824270] Asymmetric key parser 'x509' registered
[    2.824344] io scheduler mq-deadline registered
[    2.824346] io scheduler kyber registered
[    2.825158] rockchip-csi2-dphy-hw fedc0000.csi2-dphy0-hw: csi2 dphy hw probe successfully!
[    2.825222] rockchip-csi2-dphy-hw fedc8000.csi2-dphy1-hw: csi2 dphy hw probe successfully!
[    2.831889] rockchip-hdptx-phy-hdmi fed60000.hdmiphy: hdptx phy init success
[    2.833833] rk-pcie fe180000.pcie: invalid prsnt-gpios property in node
[    2.833847] rk-pcie fe180000.pcie: no vpcie3v3 regulator found
[    2.833971] rk-pcie fe190000.pcie: invalid prsnt-gpios property in node
[    2.833980] rk-pcie fe190000.pcie: no vpcie3v3 regulator found
[    2.834240] rk-pcie fe150000.pcie: invalid prsnt-gpios property in node
[    2.834255] rk-pcie fe150000.pcie: no vpcie3v3 regulator found
[    2.834320] rk-pcie fe190000.pcie: host bridge /pcie@fe190000 ranges:
[    2.834332] rk-pcie fe190000.pcie:       IO 0x00f4100000..0x00f41fffff -> 0x00f4100000
[    2.834352] rk-pcie fe190000.pcie:      MEM 0x00f4200000..0x00f4ffffff -> 0x00f4200000
[    2.834363] rk-pcie fe190000.pcie:      MEM 0x0a00000000..0x0a3fffffff -> 0x0a00000000
[    2.834367] rk-pcie fe160000.pcie: invalid prsnt-gpios property in node
[    2.834383] rk-pcie fe160000.pcie: no vpcie3v3 regulator found
[    2.834407] rk-pcie fe190000.pcie: iATU unroll: enabled
[    2.834409] rk-pcie fe190000.pcie: iATU regions: 8 ob, 8 ib, align 64K, limit 8G
[    2.834593] iep: Module initialized.
[    2.834619] mpp_service mpp-srv: 9dc437615 author: bo.xiao 2024-06-28 update to rk3588_linux6.1_release_v1.1.0_20240620.xml
[    2.834638] mpp_service mpp-srv: probe start
[    2.835792] mpp_vepu2 jpege-ccu: probing start
[    2.835795] mpp_vepu2 jpege-ccu: probing finish
[    2.836422] mpp_rkvdec2 fdc30000.rkvdec-ccu: rkvdec-ccu, probing start
[    2.836474] mpp_rkvdec2 fdc30000.rkvdec-ccu: ccu-mode: 1
[    2.836476] mpp_rkvdec2 fdc30000.rkvdec-ccu: probing finish
[    2.836734] mpp_rkvenc2 rkvenc-ccu: probing start
[    2.836736] mpp_rkvenc2 rkvenc-ccu: probing finish
[    2.836968] mpp_service mpp-srv: probe success
[    2.844490] dma-pl330 fea10000.dma-controller: Loaded driver for PL330 DMAC-241330
[    2.844495] dma-pl330 fea10000.dma-controller:       DBUFF-128x8bytes Num_Chans-8 Num_Peri-32 Num_Events-16
[    2.845285] rk-pcie fe180000.pcie: host bridge /pcie@fe180000 ranges:
[    2.845309] rk-pcie fe180000.pcie:       IO 0x00f3100000..0x00f31fffff -> 0x00f3100000
[    2.845327] rk-pcie fe180000.pcie:      MEM 0x00f3200000..0x00f3ffffff -> 0x00f3200000
[    2.845339] rk-pcie fe180000.pcie:      MEM 0x09c0000000..0x09ffffffff -> 0x09c0000000
[    2.845386] rk-pcie fe180000.pcie: iATU unroll: enabled
[    2.845391] rk-pcie fe180000.pcie: iATU regions: 8 ob, 8 ib, align 64K, limit 8G
[    2.845547] rk-pcie fe160000.pcie: host bridge /pcie@fe160000 ranges:
[    2.845569] rk-pcie fe160000.pcie:       IO 0x00f1100000..0x00f11fffff -> 0x00f1100000
[    2.845589] rk-pcie fe160000.pcie:      MEM 0x00f1200000..0x00f1ffffff -> 0x00f1200000
[    2.845601] rk-pcie fe160000.pcie:      MEM 0x0940000000..0x097fffffff -> 0x0940000000
[    2.845678] rk-pcie fe160000.pcie: iATU unroll: enabled
[    2.845683] rk-pcie fe160000.pcie: iATU regions: 8 ob, 8 ib, align 64K, limit 8G
[    2.845721] rk-pcie fe150000.pcie: host bridge /pcie@fe150000 ranges:
[    2.845743] rk-pcie fe150000.pcie:       IO 0x00f0100000..0x00f01fffff -> 0x00f0100000
[    2.845760] rk-pcie fe150000.pcie:      MEM 0x00f0200000..0x00f0ffffff -> 0x00f0200000
[    2.845772] rk-pcie fe150000.pcie:      MEM 0x0900000000..0x093fffffff -> 0x0900000000
[    2.845775] dma-pl330 fea30000.dma-controller: Loaded driver for PL330 DMAC-241330
[    2.845779] dma-pl330 fea30000.dma-controller:       DBUFF-128x8bytes Num_Chans-8 Num_Peri-32 Num_Events-16
[    2.845819] rk-pcie fe150000.pcie: iATU unroll: enabled
[    2.845824] rk-pcie fe150000.pcie: iATU regions: 8 ob, 8 ib, align 64K, limit 8G
[    2.846751] dma-pl330 fed10000.dma-controller: Loaded driver for PL330 DMAC-241330
[    2.846755] dma-pl330 fed10000.dma-controller:       DBUFF-128x8bytes Num_Chans-8 Num_Peri-32 Num_Events-16
[    2.847216] rockchip-pvtm fda40000.pvtm: pvtm@0 probed
[    2.847257] rockchip-pvtm fda50000.pvtm: pvtm@1 probed
[    2.847296] rockchip-pvtm fda60000.pvtm: pvtm@2 probed
[    2.847336] rockchip-pvtm fdaf0000.pvtm: pvtm@3 probed
[    2.847371] rockchip-pvtm fdb30000.pvtm: pvtm@4 probed
[    2.847751] rockchip-system-monitor rockchip-system-monitor: system monitor probe
[    2.848437] Serial: 8250/16550 driver, 10 ports, IRQ sharing disabled
[    2.848906] feb60000.serial: ttyS3 at MMIO 0xfeb60000 (irq = 41, base_baud = 1500000) is a 16550A
[    2.848913] Advantech : serial8250_em485_config pinctrl
[    2.849236] feb80000.serial: ttyS5 at MMIO 0xfeb80000 (irq = 42, base_baud = 1500000) is a 16550A
[    2.849242] Advantech : serial8250_em485_config pinctrl
[    2.849498] feb90000.serial: ttyS6 at MMIO 0xfeb90000 (irq = 43, base_baud = 1500000) is a 16550A
[    2.849736] feba0000.serial: ttyS7 at MMIO 0xfeba0000 (irq = 44, base_baud = 1500000) is a 16550A
[    2.850090] febc0000.serial: ttyS9 at MMIO 0xfebc0000 (irq = 45, base_baud = 1500000) is a 16550A
[    2.857069] rk_iommu fdca0000.iommu: av1d iommu enabled
[    2.859498] rockchip-vop2 fdd90000.vop: Adding to iommu group 18
[    2.865509] rockchip-vop2 fdd90000.vop: [drm:vop2_bind] vp0 assign plane mask: Cluster0 | Esmart0[0x5], primary plane phy id: Esmart0[2]
[    2.865520] rockchip-vop2 fdd90000.vop: [drm:vop2_bind] vp1 assign plane mask: Cluster1 | Esmart1[0xa], primary plane phy id: Esmart1[3]
[    2.865526] rockchip-vop2 fdd90000.vop: [drm:vop2_bind] vp2 assign plane mask: Cluster2 | Esmart2[0x140], primary plane phy id: Esmart2[8]
[    2.865531] rockchip-vop2 fdd90000.vop: [drm:vop2_bind] vp3 assign plane mask: Cluster3 | Esmart3[0x280], primary plane phy id: Esmart3[9]
[    2.865689] rockchip-vop2 fdd90000.vop: [drm:vop2_bind] Cluster0-win0 as cursor plane for vp0
[    2.865707] [drm] failed to init overlay plane Cluster0-win1
[    2.865733] [drm] failed to init overlay plane Cluster1-win1
[    2.865756] [drm] failed to init overlay plane Cluster2-win1
[    2.865781] [drm] failed to init overlay plane Cluster3-win1
[    2.873081] rockchip-vop2 fdd90000.vop: bin=0
[    2.873282] rockchip-vop2 fdd90000.vop: leakage=46
[    2.873287] rockchip-vop2 fdd90000.vop: leakage-volt-sel=2
[    2.873316] rockchip-vop2 fdd90000.vop: error -ENODEV: _opp_set_regulators: no regulator (vop) found
[    2.873333] rockchip-vop2 fdd90000.vop: failed to set opp config
[    2.873335] rockchip-vop2 fdd90000.vop: failed to init opp info
[    2.873337] rockchip-vop2 fdd90000.vop: Unsupported VOP aclk dvfs
[    2.873346] rockchip-drm display-subsystem: bound fdd90000.vop (ops 0xffffffc0093feb48)
[    2.873880] dwhdmi-rockchip fde80000.hdmi: registered ddc I2C bus driver
[    2.874314] rockchip-drm display-subsystem: bound fde80000.hdmi (ops 0xffffffc009416df8)
[    2.903603] dwhdmi-rockchip fde80000.hdmi: use tmds mode
[    2.903767] dwhdmi-rockchip fde80000.hdmi: use tmds mode
[    2.903915] dwhdmi-rockchip fde80000.hdmi: i2c read err!
[    3.021628] dwhdmi-rockchip fde80000.hdmi: i2c read time out!
[    3.021748] dwhdmi-rockchip fde80000.hdmi: use tmds mode
[    3.028294] [drm] Initialized rockchip 4.0.0 20140818 for display-subsystem on minor 0
[    3.031133] dw-hdmi-qp-hdcp dw-hdmi-qp-hdcp.1.auto: dw_hdcp_qp_hdcp_probe success
[    3.033049] brd: module loaded
[    3.035582] loop: module loaded
[    3.035728] lkdtm: No crash points registered, enable through debugfs
[    3.036664] ahci fe220000.sata: supply ahci not found, using dummy regulator
[    3.036714] ahci fe220000.sata: supply phy not found, using dummy regulator
[    3.036819] ahci fe220000.sata: supply target not found, using dummy regulator
[    3.036896] ahci fe220000.sata: forcing port_map 0x0 -> 0x1
[    3.036911] ahci fe220000.sata: AHCI 0001.0300 32 slots 1 ports 6 Gbps 0x1 impl platform mode
[    3.036917] ahci fe220000.sata: flags: ncq sntf pm led clo only pmp fbs pio slum part ccc apst
[    3.036928] ahci fe220000.sata: port 0 can do FBS, forcing FBSCP
[    3.037837] scsi host0: ahci
[    3.038160] ata1: SATA max UDMA/133 mmio [mem 0xfe220000-0xfe220fff] port 0x100 irq 73
[    3.038760] rk-pcie fe190000.pcie: PCIe Linking... LTSSM is 0x3
[    3.039942] rockchip-spi feb00000.spi: no high_speed pinctrl state
[    3.040199] rockchip-spi feb00000.spi: probed, poll=0, rsd=0, cs-inactive=0, ready=0
[    3.040775] rockchip-spi feb20000.spi: no high_speed pinctrl state
[    3.041427] spi spi2.0: Fixed dependency cycle(s) with /spi@feb20000/rk806single@0/regulators/DCDC_REG7
[    3.041499] spi spi2.0: Fixed dependency cycle(s) with /spi@feb20000/rk806single@0/pinctrl_rk806/rk806_dvs1_pwrdn
[    3.041516] spi spi2.0: Fixed dependency cycle(s) with /spi@feb20000/rk806single@0/pinctrl_rk806/rk806_dvs3_null
[    3.041531] spi spi2.0: Fixed dependency cycle(s) with /spi@feb20000/rk806single@0/pinctrl_rk806/rk806_dvs2_null
[    3.041546] spi spi2.0: Fixed dependency cycle(s) with /spi@feb20000/rk806single@0/pinctrl_rk806/rk806_dvs1_null
[    3.042374] rk806 spi2.0: chip id: RK806,ver:0x2, 0x1
[    3.042546] rk806 spi2.0: ON: 0x40 OFF:0x0
[    3.053760] rk-pcie fe180000.pcie: PCIe Linking... LTSSM is 0x0
[    3.055735] rk806 spi2.0: no sleep-setting state
[    3.055739] rk806 spi2.0: no reset-setting pinctrl state
[    3.055740] rk806 spi2.0: no dvs-setting pinctrl state
[    3.058343] rockchip-spi feb20000.spi: probed, poll=0, rsd=0, cs-inactive=0, ready=0
[    3.059441] CAN device driver interface
[    3.059443] can_adv_usb: serial line CAN interface driver
[    3.059445] igb: Intel(R) Gigabit Ethernet Network Driver
[    3.059446] igb: Copyright (c) 2007-2014 Intel Corporation.
[    3.060100] rk_gmac-dwmac fe1b0000.ethernet: IRQ eth_lpi not found
[    3.060224] rk_gmac-dwmac fe1b0000.ethernet: supply phy not found, using dummy regulator
[    3.060274] rk_gmac-dwmac fe1b0000.ethernet: clock input or output? (output).
[    3.060277] rk_gmac-dwmac fe1b0000.ethernet: TX delay(0x41).
[    3.060280] rk_gmac-dwmac fe1b0000.ethernet: RX delay(0x34).
[    3.060293] rk_gmac-dwmac fe1b0000.ethernet: integrated PHY? (no).
[    3.060297] rk_gmac-dwmac fe1b0000.ethernet: cannot get clock mac_clk_rx
[    3.060300] rk_gmac-dwmac fe1b0000.ethernet: cannot get clock mac_clk_tx
[    3.060308] rk_gmac-dwmac fe1b0000.ethernet: cannot get clock clk_mac_speed
[    3.060530] rk_gmac-dwmac fe1b0000.ethernet: init for RGMII
[    3.060660] rk_gmac-dwmac fe1b0000.ethernet: User ID: 0x30, Synopsys ID: 0x51
[    3.060671] rk_gmac-dwmac fe1b0000.ethernet:         DWMAC4/5
[    3.060678] rk_gmac-dwmac fe1b0000.ethernet: DMA HW capability register supported
[    3.060683] rk_gmac-dwmac fe1b0000.ethernet: RX Checksum Offload Engine supported
[    3.060687] rk_gmac-dwmac fe1b0000.ethernet: TX Checksum insertion supported
[    3.060691] rk_gmac-dwmac fe1b0000.ethernet: Wake-Up On Lan supported
[    3.060746] rk_gmac-dwmac fe1b0000.ethernet: TSO supported
[    3.060751] rk_gmac-dwmac fe1b0000.ethernet: Enable RX Mitigation via HW Watchdog Timer
[    3.060757] rk_gmac-dwmac fe1b0000.ethernet: Enabled L3L4 Flow TC (entries=2)
[    3.060762] rk_gmac-dwmac fe1b0000.ethernet: Enabled RFS Flow TC (entries=10)
[    3.060769] rk_gmac-dwmac fe1b0000.ethernet: TSO feature enabled
[    3.060773] rk_gmac-dwmac fe1b0000.ethernet: Using 32/32 bits DMA host/device width
[    3.061632] rk-pcie fe190000.pcie: PCIe Linking... LTSSM is 0x3
[    3.075637] rk-pcie fe150000.pcie: PCIe Linking... LTSSM is 0x0
[    3.084628] rk-pcie fe190000.pcie: PCIe Linking... LTSSM is 0x3
[    3.098632] rk-pcie fe150000.pcie: PCIe Linking... LTSSM is 0x0
[    3.105635] rk-pcie fe160000.pcie: PCIe Link up, LTSSM is 0x30011
[    3.105642] rk-pcie fe160000.pcie: PCIe Gen.1 x1 link up
[    3.105704] rk-pcie fe160000.pcie: PCI host bridge to bus 0001:10
[    3.105708] pci_bus 0001:10: root bus resource [bus 10-1f]
[    3.105712] pci_bus 0001:10: root bus resource [io  0x200000-0x2fffff] (bus address [0xf1100000-0xf11fffff])
[    3.105716] pci_bus 0001:10: root bus resource [mem 0xf1200000-0xf1ffffff]
[    3.105719] pci_bus 0001:10: root bus resource [mem 0x940000000-0x97fffffff pref]
[    3.105735] pci 0001:10:00.0: [1d87:3588] type 01 class 0x060400
[    3.105751] pci 0001:10:00.0: reg 0x38: [mem 0x00000000-0x0000ffff pref]
[    3.105791] pci 0001:10:00.0: supports D1 D2
[    3.105793] pci 0001:10:00.0: PME# supported from D0 D1 D3hot
[    3.107628] rk-pcie fe190000.pcie: PCIe Linking... LTSSM is 0x3
[    3.109454] pci 0001:10:00.0: Primary bus is hard wired to 0
[    3.109457] pci 0001:10:00.0: bridge configuration invalid ([bus 01-ff]), reconfiguring
[    3.109589] pci 0001:11:00.0: [10ec:8168] type 00 class 0x020000
[    3.109663] pci 0001:11:00.0: reg 0x10: [io  0x0000-0x00ff]
[    3.109742] pci 0001:11:00.0: reg 0x18: [mem 0x00000000-0x00000fff 64bit]
[    3.109793] pci 0001:11:00.0: reg 0x20: [mem 0x00000000-0x00003fff 64bit pref]
[    3.110152] pci 0001:11:00.0: supports D1 D2
[    3.110154] pci 0001:11:00.0: PME# supported from D0 D1 D2 D3hot D3cold
[    3.113686] pci_bus 0001:11: busn_res: [bus 11-1f] end is updated to 11
[    3.113720] pci 0001:10:00.0: BAR 8: assigned [mem 0xf1200000-0xf12fffff]
[    3.113729] pci 0001:10:00.0: BAR 9: assigned [mem 0x940000000-0x9400fffff 64bit pref]
[    3.113738] pci 0001:10:00.0: BAR 6: assigned [mem 0xf1300000-0xf130ffff pref]
[    3.113747] pci 0001:10:00.0: BAR 7: assigned [io  0x200000-0x200fff]
[    3.113759] pci 0001:11:00.0: BAR 4: assigned [mem 0x940000000-0x940003fff 64bit pref]
[    3.113809] pci 0001:11:00.0: BAR 2: assigned [mem 0xf1200000-0xf1200fff 64bit]
[    3.113857] pci 0001:11:00.0: BAR 0: assigned [io  0x200000-0x2000ff]
[    3.113876] pci 0001:10:00.0: PCI bridge to [bus 11]
[    3.113882] pci 0001:10:00.0:   bridge window [io  0x200000-0x200fff]
[    3.113890] pci 0001:10:00.0:   bridge window [mem 0xf1200000-0xf12fffff]
[    3.113896] pci 0001:10:00.0:   bridge window [mem 0x940000000-0x9400fffff 64bit pref]
[    3.116805] pcieport 0001:10:00.0: PME: Signaling with IRQ 91
[    3.120637] rk-pcie fe150000.pcie: PCIe Linking... LTSSM is 0x0
[    3.129640] rk-pcie fe180000.pcie: PCIe Link up, LTSSM is 0x130011
[    3.129650] rk-pcie fe180000.pcie: PCIe Gen.2 x1 link up
[    3.129807] rk-pcie fe180000.pcie: PCI host bridge to bus 0003:30
[    3.129815] pci_bus 0003:30: root bus resource [bus 30-3f]
[    3.129823] pci_bus 0003:30: root bus resource [io  0x100000-0x1fffff] (bus address [0xf3100000-0xf31fffff])
[    3.129831] pci_bus 0003:30: root bus resource [mem 0xf3200000-0xf3ffffff]
[    3.129837] pci_bus 0003:30: root bus resource [mem 0x9c0000000-0x9ffffffff pref]
[    3.129861] pci 0003:30:00.0: [1d87:3588] type 01 class 0x060400
[    3.129881] pci 0003:30:00.0: reg 0x38: [mem 0x00000000-0x0000ffff pref]
[    3.129931] pci 0003:30:00.0: supports D1 D2
[    3.129936] pci 0003:30:00.0: PME# supported from D0 D1 D3hot
[    3.130632] rk-pcie fe190000.pcie: PCIe Linking... LTSSM is 0x3
[    3.137558] pci 0003:30:00.0: Primary bus is hard wired to 0
[    3.137565] pci 0003:30:00.0: bridge configuration invalid ([bus 01-ff]), reconfiguring
[    3.137804] pci 0003:31:00.0: [8086:125b] type 00 class 0x020000
[    3.137861] pci 0003:31:00.0: reg 0x10: [mem 0x00000000-0x000fffff]
[    3.137933] pci 0003:31:00.0: reg 0x1c: [mem 0x00000000-0x00003fff]
[    3.138295] pci 0003:31:00.0: PME# supported from D0 D3hot D3cold
[    3.141687] pci_bus 0003:31: busn_res: [bus 31-3f] end is updated to 31
[    3.141710] pci 0003:30:00.0: BAR 8: assigned [mem 0xf3200000-0xf33fffff]
[    3.141720] pci 0003:30:00.0: BAR 6: assigned [mem 0xf3400000-0xf340ffff pref]
[    3.141732] pci 0003:31:00.0: BAR 0: assigned [mem 0xf3200000-0xf32fffff]
[    3.141748] pci 0003:31:00.0: BAR 3: assigned [mem 0xf3300000-0xf3303fff]
[    3.141765] pci 0003:30:00.0: PCI bridge to [bus 31]
[    3.141772] pci 0003:30:00.0:   bridge window [mem 0xf3200000-0xf33fffff]
[    3.143632] rk-pcie fe150000.pcie: PCIe Linking... LTSSM is 0x0
[    3.144494] pcieport 0003:30:00.0: PME: Signaling with IRQ 101
[    3.247725] mdio_bus stmmac-0:00: enable ssc
[    3.251869] rk_gmac-dwmac fe1c0000.ethernet: IRQ eth_lpi not found
[    3.251998] rk_gmac-dwmac fe1c0000.ethernet: supply phy not found, using dummy regulator
[    3.252050] rk_gmac-dwmac fe1c0000.ethernet: clock input or output? (output).
[    3.252053] rk_gmac-dwmac fe1c0000.ethernet: TX delay(0x40).
[    3.252056] rk_gmac-dwmac fe1c0000.ethernet: RX delay(0x36).
[    3.252068] rk_gmac-dwmac fe1c0000.ethernet: integrated PHY? (no).
[    3.252072] rk_gmac-dwmac fe1c0000.ethernet: cannot get clock mac_clk_rx
[    3.252075] rk_gmac-dwmac fe1c0000.ethernet: cannot get clock mac_clk_tx
[    3.252084] rk_gmac-dwmac fe1c0000.ethernet: cannot get clock clk_mac_speed
[    3.252305] rk_gmac-dwmac fe1c0000.ethernet: init for RGMII
[    3.252418] rk_gmac-dwmac fe1c0000.ethernet: User ID: 0x30, Synopsys ID: 0x51
[    3.252428] rk_gmac-dwmac fe1c0000.ethernet:         DWMAC4/5
[    3.252434] rk_gmac-dwmac fe1c0000.ethernet: DMA HW capability register supported
[    3.252439] rk_gmac-dwmac fe1c0000.ethernet: RX Checksum Offload Engine supported
[    3.252443] rk_gmac-dwmac fe1c0000.ethernet: TX Checksum insertion supported
[    3.252447] rk_gmac-dwmac fe1c0000.ethernet: Wake-Up On Lan supported
[    3.252504] rk_gmac-dwmac fe1c0000.ethernet: TSO supported
[    3.252508] rk_gmac-dwmac fe1c0000.ethernet: Enable RX Mitigation via HW Watchdog Timer
[    3.252514] rk_gmac-dwmac fe1c0000.ethernet: Enabled L3L4 Flow TC (entries=2)
[    3.252520] rk_gmac-dwmac fe1c0000.ethernet: Enabled RFS Flow TC (entries=10)
[    3.252526] rk_gmac-dwmac fe1c0000.ethernet: TSO feature enabled
[    3.252531] rk_gmac-dwmac fe1c0000.ethernet: Using 32/32 bits DMA host/device width
[    3.346767] ata1: SATA link down (SStatus 0 SControl 300)
[    3.439536] mdio_bus stmmac-1:00: enable ssc
[    3.442334] mdio_bus stmmac-1:00: enable ssc
[    3.447894] PPP generic driver version 2.4.2
[    3.448099] usbcore: registered new interface driver rtl8150
[    3.448123] usbcore: registered new device driver r8152-cfgselector
[    3.448164] usbcore: registered new interface driver r8152
[    3.448204] usbcore: registered new interface driver asix
[    3.448242] usbcore: registered new interface driver ax88179_178a
[    3.448276] usbcore: registered new interface driver cdc_ether
[    3.448309] usbcore: registered new interface driver net1080
[    3.448343] usbcore: registered new interface driver rndis_host
[    3.448379] usbcore: registered new interface driver cdc_subset
[    3.448412] usbcore: registered new interface driver zaurus
[    3.448461] usbcore: registered new interface driver cdc_ncm
[    3.448495] usbcore: registered new interface driver qmi_wwan
[    3.448528] usbcore: registered new interface driver r8153_ecm
[    3.470180] xhci-hcd xhci-hcd.6.auto: xHCI Host Controller
[    3.470338] xhci-hcd xhci-hcd.6.auto: new USB bus registered, assigned bus number 1
[    3.470449] xhci-hcd xhci-hcd.6.auto: hcc params 0x0220fe64 hci version 0x110 quirks 0x0000800002010010
[    3.470566] xhci-hcd xhci-hcd.6.auto: irq 105, io mem 0xfcd00000
[    3.470757] xhci-hcd xhci-hcd.6.auto: xHCI Host Controller
[    3.470906] xhci-hcd xhci-hcd.6.auto: new USB bus registered, assigned bus number 2
[    3.470919] xhci-hcd xhci-hcd.6.auto: Host supports USB 3.0 SuperSpeed
[    3.471046] usb usb1: New USB device found, idVendor=1d6b, idProduct=0002, bcdDevice= 6.01
[    3.471055] usb usb1: New USB device strings: Mfr=3, Product=2, SerialNumber=1
[    3.471061] usb usb1: Product: xHCI Host Controller
[    3.471066] usb usb1: Manufacturer: Linux 6.1.75-rt16 xhci-hcd
[    3.471071] usb usb1: SerialNumber: xhci-hcd.6.auto
[    3.471247] ehci-platform fc800000.usb: EHCI Host Controller
[    3.471255] ohci-platform fc840000.usb: Generic Platform OHCI controller
[    3.471324] ohci-platform fc8c0000.usb: Generic Platform OHCI controller
[    3.471323] ehci-platform fc880000.usb: EHCI Host Controller
[    3.471668] hub 1-0:1.0: USB hub found
[    3.471695] hub 1-0:1.0: 1 port detected
[    3.472097] usb usb2: We don't know the algorithms for LPM for this host, disabling LPM.
[    3.472201] ehci-platform fc800000.usb: new USB bus registered, assigned bus number 3
[    3.472201] usb usb2: New USB device found, idVendor=1d6b, idProduct=0003, bcdDevice= 6.01
[    3.472210] usb usb2: New USB device strings: Mfr=3, Product=2, SerialNumber=1
[    3.472216] usb usb2: Product: xHCI Host Controller
[    3.472221] usb usb2: Manufacturer: Linux 6.1.75-rt16 xhci-hcd
[    3.472226] usb usb2: SerialNumber: xhci-hcd.6.auto
[    3.472299] ehci-platform fc800000.usb: irq 107, io mem 0xfc800000
[    3.472547] ohci-platform fc840000.usb: new USB bus registered, assigned bus number 4
[    3.472761] ohci-platform fc840000.usb: irq 109, io mem 0xfc840000
[    3.472866] ohci-platform fc8c0000.usb: new USB bus registered, assigned bus number 5
[    3.472916] ehci-platform fc880000.usb: new USB bus registered, assigned bus number 6
[    3.472955] ohci-platform fc8c0000.usb: irq 110, io mem 0xfc8c0000
[    3.473083] hub 2-0:1.0: USB hub found
[    3.473086] ehci-platform fc880000.usb: irq 108, io mem 0xfc880000
[    3.473094] hub 2-0:1.0: 1 port detected
[    3.473289] phy phy-fd5d4000.syscon:usb2-phy@4000.3: illegal mode
[    3.473294] xhci-hcd xhci-hcd.7.auto: xHCI Host Controller
[    3.473365] xhci-hcd xhci-hcd.7.auto: new USB bus registered, assigned bus number 7
[    3.473440] xhci-hcd xhci-hcd.7.auto: hcc params 0x0220fe64 hci version 0x110 quirks 0x0000800002010010
[    3.473498] xhci-hcd xhci-hcd.7.auto: irq 106, io mem 0xfc400000
[    3.473570] xhci-hcd xhci-hcd.7.auto: xHCI Host Controller
[    3.473661] xhci-hcd xhci-hcd.7.auto: new USB bus registered, assigned bus number 8
[    3.473666] xhci-hcd xhci-hcd.7.auto: Host supports USB 3.0 SuperSpeed
[    3.473711] usb usb7: New USB device found, idVendor=1d6b, idProduct=0002, bcdDevice= 6.01
[    3.473716] usb usb7: New USB device strings: Mfr=3, Product=2, SerialNumber=1
[    3.473719] usb usb7: Product: xHCI Host Controller
[    3.473721] usb usb7: Manufacturer: Linux 6.1.75-rt16 xhci-hcd
[    3.473723] usb usb7: SerialNumber: xhci-hcd.7.auto
[    3.473912] hub 7-0:1.0: USB hub found
[    3.473920] hub 7-0:1.0: 1 port detected
[    3.474046] usb usb8: We don't know the algorithms for LPM for this host, disabling LPM.
[    3.474078] usb usb8: New USB device found, idVendor=1d6b, idProduct=0003, bcdDevice= 6.01
[    3.474082] usb usb8: New USB device strings: Mfr=3, Product=2, SerialNumber=1
[    3.474085] usb usb8: Product: xHCI Host Controller
[    3.474087] usb usb8: Manufacturer: Linux 6.1.75-rt16 xhci-hcd
[    3.474089] usb usb8: SerialNumber: xhci-hcd.7.auto
[    3.474267] hub 8-0:1.0: USB hub found
[    3.474275] hub 8-0:1.0: 1 port detected
[    3.474428] usbcore: registered new interface driver cdc_acm
[    3.474430] cdc_acm: USB Abstract Control Model driver for USB modems and ISDN adapters
[    3.474444] usbcore: registered new interface driver cdc_wdm
[    3.474500] usbcore: registered new interface driver uas
[    3.474531] usbcore: registered new interface driver usb-storage
[    3.474565] usbcore: registered new interface driver usbserial_generic
[    3.474573] usbserial: USB Serial support registered for generic
[    3.474587] usbcore: registered new interface driver cp210x
[    3.474594] usbserial: USB Serial support registered for cp210x
[    3.474614] usbcore: registered new interface driver ftdi_sio
[    3.474637] usbserial: USB Serial support registered for FTDI USB Serial Device
[    3.474677] usbcore: registered new interface driver keyspan
[    3.474684] usbserial: USB Serial support registered for Keyspan - (without firmware)
[    3.474691] usbserial: USB Serial support registered for Keyspan 1 port adapter
[    3.474698] usbserial: USB Serial support registered for Keyspan 2 port adapter
[    3.474705] usbserial: USB Serial support registered for Keyspan 4 port adapter
[    3.474719] usbcore: registered new interface driver option
[    3.474728] usbserial: USB Serial support registered for GSM modem (1-port)
[    3.474782] usbcore: registered new interface driver oti6858
[    3.474788] usbserial: USB Serial support registered for oti6858
[    3.474801] usbcore: registered new interface driver pl2303
[    3.474808] usbserial: USB Serial support registered for pl2303
[    3.474824] usbcore: registered new interface driver qcserial
[    3.474831] usbserial: USB Serial support registered for Qualcomm USB modem
[    3.474849] usbcore: registered new interface driver sierra
[    3.474855] usbserial: USB Serial support registered for Sierra USB modem
[    3.475206] usbcore: registered new interface driver usbtouchscreen
[    3.476167] input: rk805 pwrkey as /devices/platform/feb20000.spi/spi_master/spi2/spi2.0/rk805-pwrkey.4.auto/input/input0
[    3.476422] i2c_dev: i2c /dev entries driver
[    3.479636] ehci-platform fc800000.usb: USB 2.0 started, EHCI 1.00
[    3.479735] usb usb3: New USB device found, idVendor=1d6b, idProduct=0002, bcdDevice= 6.01
[    3.479740] usb usb3: New USB device strings: Mfr=3, Product=2, SerialNumber=1
[    3.479743] usb usb3: Product: EHCI Host Controller
[    3.479745] usb usb3: Manufacturer: Linux 6.1.75-rt16 ehci_hcd
[    3.479748] usb usb3: SerialNumber: fc800000.usb
[    3.479962] hub 3-0:1.0: USB hub found
[    3.479975] hub 3-0:1.0: 1 port detected
[    3.487639] ehci-platform fc880000.usb: USB 2.0 started, EHCI 1.00
[    3.487865] usb usb6: New USB device found, idVendor=1d6b, idProduct=0002, bcdDevice= 6.01
[    3.487874] usb usb6: New USB device strings: Mfr=3, Product=2, SerialNumber=1
[    3.487881] usb usb6: Product: EHCI Host Controller
[    3.487886] usb usb6: Manufacturer: Linux 6.1.75-rt16 ehci_hcd
[    3.487891] usb usb6: SerialNumber: fc880000.usb
[    3.488336] hub 6-0:1.0: USB hub found
[    3.488369] hub 6-0:1.0: 1 port detected
[    3.500507] pca953x 4-0073: supply vcc not found, using dummy regulator
[    3.500553] pca953x 4-0073: using no AI
[    3.500709] pca953x 4-0073: failed writing register
[    3.502924] rtc-rs5c372 6-0032: rs5c372a found, 24hr
[    3.509704] rtc-rs5c372 6-0032: registered as rtc0
[    3.511391] rtc-rs5c372 6-0032: setting system clock to 2025-03-26T02:03:50 UTC (1742954630)
[    3.528697] usb usb4: New USB device found, idVendor=1d6b, idProduct=0001, bcdDevice= 6.01
[    3.528703] usb usb4: New USB device strings: Mfr=3, Product=2, SerialNumber=1
[    3.528706] usb usb4: Product: Generic Platform OHCI controller
[    3.528708] usb usb4: Manufacturer: Linux 6.1.75-rt16 ohci_hcd
[    3.528710] usb usb4: SerialNumber: fc840000.usb
[    3.528915] hub 4-0:1.0: USB hub found
[    3.528926] hub 4-0:1.0: 1 port detected
[    3.529694] usb usb5: New USB device found, idVendor=1d6b, idProduct=0001, bcdDevice= 6.01
[    3.529699] usb usb5: New USB device strings: Mfr=3, Product=2, SerialNumber=1
[    3.529702] usb usb5: Product: Generic Platform OHCI controller
[    3.529705] usb usb5: Manufacturer: Linux 6.1.75-rt16 ohci_hcd
[    3.529707] usb usb5: SerialNumber: fc8c0000.usb
[    3.529920] hub 5-0:1.0: USB hub found
[    3.529929] hub 5-0:1.0: 1 port detected
[    3.535977] tpm_tis_i2c 6-002e: 2.0 TPM (device-id 0x0, rev-id 78)
[    3.551746] tpm tpm0: A TPM error (256) occurred attempting the self test
[    3.551751] tpm tpm0: starting up the TPM manually
[    3.712071] pca954x 1-0070: probe failed
[    3.712675] rkcifhw fdce0000.rkcif: Adding to iommu group 17
[    3.713560] rkcifhw fdce0000.rkcif: No reserved memory region assign to CIF
[    3.713678] rkcif rkcif-mipi-lvds: Adding to iommu group 17
[    3.713691] rkcif rkcif-mipi-lvds: rkcif driver version: v00.02.00
[    3.713751] rkcif rkcif-mipi-lvds: attach to cif hw node
[    3.713753] rkcif rkcif-mipi-lvds: rkcif wait line 0
[    3.713755] rkcif rkcif-mipi-lvds: rkcif fastboot reserve bufs num 3
[    3.713759] : terminal subdev does not exist
[    3.713763] : terminal subdev does not exist
[    3.713765] : terminal subdev does not exist
[    3.713767] : terminal subdev does not exist
[    3.713770] : get_remote_sensor: video pad[0] is null
[    3.713772] : rkcif_scale_set_fmt: req(40, 30) src out(0, 0)
[    3.713776] : get_remote_sensor: video pad[0] is null
[    3.713777] : rkcif_scale_set_fmt: req(40, 30) src out(0, 0)
[    3.713780] : get_remote_sensor: video pad[0] is null
[    3.713781] : rkcif_scale_set_fmt: req(40, 30) src out(0, 0)
[    3.713784] : get_remote_sensor: video pad[0] is null
[    3.713785] : rkcif_scale_set_fmt: req(40, 30) src out(0, 0)
[    3.714466] rkcif rkcif-mipi-lvds: No memory-region-thunderboot specified
[    3.714567] rkcif rkcif-mipi-lvds1: Adding to iommu group 17
[    3.714578] rkcif rkcif-mipi-lvds1: rkcif driver version: v00.02.00
[    3.714635] rkcif rkcif-mipi-lvds1: attach to cif hw node
[    3.714638] rkcif rkcif-mipi-lvds1: rkcif wait line 0
[    3.714640] rkcif rkcif-mipi-lvds1: rkcif fastboot reserve bufs num 3
[    3.714643] : terminal subdev does not exist
[    3.714646] : terminal subdev does not exist
[    3.714648] : terminal subdev does not exist
[    3.714650] : terminal subdev does not exist
[    3.714652] : get_remote_sensor: video pad[0] is null
[    3.714654] : rkcif_scale_set_fmt: req(40, 30) src out(0, 0)
[    3.714657] : get_remote_sensor: video pad[0] is null
[    3.714658] : rkcif_scale_set_fmt: req(40, 30) src out(0, 0)
[    3.714661] : get_remote_sensor: video pad[0] is null
[    3.714662] : rkcif_scale_set_fmt: req(40, 30) src out(0, 0)
[    3.714665] : get_remote_sensor: video pad[0] is null
[    3.714666] : rkcif_scale_set_fmt: req(40, 30) src out(0, 0)
[    3.715327] rkcif rkcif-mipi-lvds1: No memory-region-thunderboot specified
[    3.715425] rkcif rkcif-mipi-lvds2: Adding to iommu group 17
[    3.715436] rkcif rkcif-mipi-lvds2: rkcif driver version: v00.02.00
[    3.715481] rkcif rkcif-mipi-lvds2: attach to cif hw node
[    3.715483] rkcif rkcif-mipi-lvds2: rkcif wait line 0
[    3.715485] rkcif rkcif-mipi-lvds2: rkcif fastboot reserve bufs num 3
[    3.715488] : terminal subdev does not exist
[    3.715491] : terminal subdev does not exist
[    3.715493] : terminal subdev does not exist
[    3.715495] : terminal subdev does not exist
[    3.715496] : get_remote_sensor: video pad[0] is null
[    3.715498] : rkcif_scale_set_fmt: req(40, 30) src out(0, 0)
[    3.715500] : get_remote_sensor: video pad[0] is null
[    3.715502] : rkcif_scale_set_fmt: req(40, 30) src out(0, 0)
[    3.715504] : get_remote_sensor: video pad[0] is null
[    3.715505] : rkcif_scale_set_fmt: req(40, 30) src out(0, 0)
[    3.715508] : get_remote_sensor: video pad[0] is null
[    3.715509] : rkcif_scale_set_fmt: req(40, 30) src out(0, 0)
[    3.716179] rkcif rkcif-mipi-lvds2: No memory-region-thunderboot specified
[    3.716376] rkcif rkcif-mipi-lvds4: Adding to iommu group 17
[    3.716387] rkcif rkcif-mipi-lvds4: rkcif driver version: v00.02.00
[    3.716432] rkcif rkcif-mipi-lvds4: attach to cif hw node
[    3.716435] rkcif rkcif-mipi-lvds4: rkcif wait line 0
[    3.716437] rkcif rkcif-mipi-lvds4: rkcif fastboot reserve bufs num 3
[    3.716440] : terminal subdev does not exist
[    3.716442] : terminal subdev does not exist
[    3.716445] : terminal subdev does not exist
[    3.716447] : terminal subdev does not exist
[    3.716448] : get_remote_sensor: video pad[0] is null
[    3.716450] : rkcif_scale_set_fmt: req(40, 30) src out(0, 0)
[    3.716452] : get_remote_sensor: video pad[0] is null
[    3.716454] : rkcif_scale_set_fmt: req(40, 30) src out(0, 0)
[    3.716456] : get_remote_sensor: video pad[0] is null
[    3.716458] : rkcif_scale_set_fmt: req(40, 30) src out(0, 0)
[    3.716460] : get_remote_sensor: video pad[0] is null
[    3.716461] : rkcif_scale_set_fmt: req(40, 30) src out(0, 0)
[    3.717104] rkcif rkcif-mipi-lvds4: No memory-region-thunderboot specified
[    3.717981] rockchip-mipi-csi2-hw fdd10000.mipi0-csi2-hw: enter mipi csi2 hw probe!
[    3.718182] rockchip-mipi-csi2-hw fdd10000.mipi0-csi2-hw: probe success, v4l2_dev:mipi0-csi2-hw!
[    3.718212] rockchip-mipi-csi2-hw fdd20000.mipi1-csi2-hw: enter mipi csi2 hw probe!
[    3.718364] rockchip-mipi-csi2-hw fdd20000.mipi1-csi2-hw: probe success, v4l2_dev:mipi1-csi2-hw!
[    3.718388] rockchip-mipi-csi2-hw fdd30000.mipi2-csi2-hw: enter mipi csi2 hw probe!
[    3.718530] rockchip-mipi-csi2-hw fdd30000.mipi2-csi2-hw: probe success, v4l2_dev:mipi2-csi2-hw!
[    3.718554] rockchip-mipi-csi2-hw fdd40000.mipi3-csi2-hw: enter mipi csi2 hw probe!
[    3.718805] rockchip-mipi-csi2-hw fdd40000.mipi3-csi2-hw: probe success, v4l2_dev:mipi3-csi2-hw!
[    3.718884] rockchip-mipi-csi2-hw fdd50000.mipi4-csi2-hw: enter mipi csi2 hw probe!
[    3.719196] rockchip-mipi-csi2-hw fdd50000.mipi4-csi2-hw: probe success, v4l2_dev:mipi4-csi2-hw!
[    3.719264] rockchip-mipi-csi2-hw fdd60000.mipi5-csi2-hw: enter mipi csi2 hw probe!
[    3.719549] rockchip-mipi-csi2-hw fdd60000.mipi5-csi2-hw: probe success, v4l2_dev:mipi5-csi2-hw!
[    3.720538] rockchip-mipi-csi2 mipi0-csi2: attach to csi2 hw node
[    3.720578] rkcif rkcif-mipi-lvds: Entity type for entity rockchip-mipi-csi2 was not initialized!
[    3.720586] rockchip-mipi-csi2: Async registered subdev
[    3.720589] rockchip-mipi-csi2: probe success, v4l2_dev:rkcif-mipi-lvds!
[    3.721141] rockchip-mipi-csi2 mipi1-csi2: attach to csi2 hw node
[    3.721176] rkcif rkcif-mipi-lvds1: Entity type for entity rockchip-mipi-csi2 was not initialized!
[    3.721184] rockchip-mipi-csi2: Async registered subdev
[    3.721187] rockchip-mipi-csi2: probe success, v4l2_dev:rkcif-mipi-lvds1!
[    3.721626] usb 3-1: new high-speed USB device number 2 using ehci-platform
[    3.721709] rockchip-mipi-csi2 mipi2-csi2: attach to csi2 hw node
[    3.721746] rkcif rkcif-mipi-lvds2: Entity type for entity rockchip-mipi-csi2 was not initialized!
[    3.721754] rockchip-mipi-csi2: Async registered subdev
[    3.721757] rockchip-mipi-csi2: probe success, v4l2_dev:rkcif-mipi-lvds2!
[    3.722251] rockchip-mipi-csi2 mipi4-csi2: attach to csi2 hw node
[    3.722286] rkcif rkcif-mipi-lvds4: Entity type for entity rockchip-mipi-csi2 was not initialized!
[    3.722295] rockchip-mipi-csi2: Async registered subdev
[    3.722297] rockchip-mipi-csi2: probe success, v4l2_dev:rkcif-mipi-lvds4!
[    3.724239] rkisp_hw fdcb0000.rkisp: Adding to iommu group 15
[    3.724486] rkisp_hw fdcb0000.rkisp: is_thunderboot: 0
[    3.724493] rkisp_hw fdcb0000.rkisp: Missing rockchip,grf property
[    3.724521] rkisp_hw fdcb0000.rkisp: max input:0x0@0fps
[    3.724967] rkisp_hw fdcb0000.rkisp: no find phandle sram
[    3.725180] rkisp_hw fdcc0000.rkisp: Adding to iommu group 16
[    3.725399] rkisp_hw fdcc0000.rkisp: is_thunderboot: 0
[    3.725407] rkisp_hw fdcc0000.rkisp: Missing rockchip,grf property
[    3.725430] rkisp_hw fdcc0000.rkisp: max input:0x0@0fps
[    3.725852] rkisp_hw fdcc0000.rkisp: no find phandle sram
[    3.726253] rkisp rkisp0-vir0: rkisp driver version: v02.06.00
[    3.726375] rkisp rkisp0-vir0: No memory-region-thunderboot specified
[    3.726487] rkisp rkisp0-vir0: Entity type for entity rkisp-isp-subdev was not initialized!
[    3.727767] rkisp rkisp0-vir1: rkisp driver version: v02.06.00
[    3.727873] rkisp rkisp0-vir1: No memory-region-thunderboot specified
[    3.727990] rkisp rkisp0-vir1: Entity type for entity rkisp-isp-subdev was not initialized!
[    3.729250] rkisp rkisp1-vir0: rkisp driver version: v02.06.00
[    3.729372] rkisp rkisp1-vir0: No memory-region-thunderboot specified
[    3.729469] rkisp rkisp1-vir0: Entity type for entity rkisp-isp-subdev was not initialized!
[    3.730112] rkisp rkisp1-vir1: rkisp driver version: v02.06.00
[    3.730157] rkisp rkisp1-vir1: No memory-region-thunderboot specified
[    3.730209] rkisp rkisp1-vir1: Entity type for entity rkisp-isp-subdev was not initialized!
[    3.732721] usbcore: registered new interface driver uvcvideo
[    3.854202] usb 3-1: New USB device found, idVendor=1a86, idProduct=8091, bcdDevice=12.10
[    3.854206] usb 3-1: New USB device strings: Mfr=0, Product=2, SerialNumber=0
[    3.854209] usb 3-1: Product: USB HUB
[    3.854503] hub 3-1:1.0: USB hub found
[    3.854575] hub 3-1:1.0: 4 ports detected
[    4.137638] usb 3-1.2: new full-speed USB device number 3 using ehci-platform
[    4.230460] usb 3-1.2: New USB device found, idVendor=1809, idProduct=018a, bcdDevice= 1.01
[    4.230470] usb 3-1.2: New USB device strings: Mfr=1, Product=2, SerialNumber=3
[    4.230476] usb 3-1.2: Product: SLCAN-FD
[    4.230481] usb 3-1.2: Manufacturer: Advantech-canfd-00
[    4.230486] usb 3-1.2: SerialNumber: 83859CAD0946
[    4.231573] cdc_acm 3-1.2:1.0: ttyACM0: USB ACM device
[    4.307637] usb 3-1.3: new full-speed USB device number 4 using ehci-platform
[    4.400336] usb 3-1.3: New USB device found, idVendor=1809, idProduct=018a, bcdDevice= 1.01
[    4.400346] usb 3-1.3: New USB device strings: Mfr=1, Product=2, SerialNumber=3
[    4.400352] usb 3-1.3: Product: SLCAN-FD
[    4.400357] usb 3-1.3: Manufacturer: Advantech-canfd-01
[    4.400362] usb 3-1.3: SerialNumber: 838579710646
[    4.401447] cdc_acm 3-1.3:1.0: ttyACM1: USB ACM device
[    5.298632] rk-pcie fe190000.pcie: PCIe Link Fail, LTSSM is 0x3, hw_retries=0
[    5.305631] rk-pcie fe150000.pcie: PCIe Link Fail, LTSSM is 0x0, hw_retries=0
[    5.305639] rk-pcie fe150000.pcie: failed to initialize host
[    5.436635] rk3x-i2c fec90000.i2c: timeout, ipd: 0x91, state: 3
[    5.436662] rk3x-i2c fec90000.i2c: SCL hold by slave, check your device.
[    5.436667] adv-wdt-i2c 7-0029: adv_wdt_i2c_write: i2c transfer failed
[    5.475743] adv-wdt-i2c 7-0029: Advantech MSP430 Watchdog Timer enabled. timeout=60s (nowayout=0), Ver.17
[    5.476109] device-mapper: ioctl: 4.47.0-ioctl (2022-07-28) initialised: dm-devel@redhat.com
[    5.476379] Bluetooth: HCI UART driver ver 2.3
[    5.476385] Bluetooth: HCI UART protocol H4 registered
[    5.476389] Bluetooth: HCI UART protocol ATH3K registered
[    5.476455] usbcore: registered new interface driver bfusb
[    5.478020] cpu cpu0: bin=0
[    5.478212] cpu cpu0: leakage=15
[    5.479824] cpu cpu0: pvtm=1481
[    5.480034] cpu cpu0: pvtm-volt-sel=3
[    5.482004] cpu cpu4: bin=0
[    5.482176] cpu cpu4: leakage=12
[    5.488798] cpu cpu4: pvtm=1727
[    5.492979] cpu cpu4: pvtm-volt-sel=5
[    5.496204] cpu cpu6: bin=0
[    5.496394] cpu cpu6: leakage=12
[    5.503165] cpu cpu6: pvtm=1715
[    5.507305] cpu cpu6: pvtm-volt-sel=5
[    5.509245] cpu cpu0: avs=0
[    5.510443] cpu cpu4: avs=0
[    5.511456] cpu cpu6: avs=0
[    5.511536] cpu cpu0: l=15000 h=85000 hyst=5000 l_limit=0 h_limit=1608000000 h_table=0
[    5.512355] cpu cpu0: EM: created perf domain
[    5.512857] cpu cpu4: l=15000 h=85000 hyst=5000 l_limit=0 h_limit=2208000000 h_table=0
[    5.521082] cpu cpu4: EM: created perf domain
[    5.527590] cpu cpu6: l=15000 h=85000 hyst=5000 l_limit=0 h_limit=2208000000 h_table=0
[    5.535817] cpu cpu6: EM: created perf domain
[    5.542287] sdhci: Secure Digital Host Controller Interface driver
[    5.542288] sdhci: Copyright(c) Pierre Ossman
[    5.542289] Synopsys Designware Multimedia Card Interface Driver
[    5.542474] sdhci-pltfm: SDHCI platform and OF driver helper
[    5.542618] dwmmc_rockchip fe2c0000.mmc: No normal pinctrl state
[    5.542622] dwmmc_rockchip fe2c0000.mmc: No idle pinctrl state
[    5.542655] dwmmc_rockchip fe2c0000.mmc: IDMAC supports 32-bit address mode.
[    5.542660] dwmmc_rockchip fe2c0000.mmc: Using internal DMA controller.
[    5.542663] dwmmc_rockchip fe2c0000.mmc: Version ID is 270a

[    5.542702] dwmmc_rockchip fe2c0000.mmc: DW MMC controller at irq 136,32 bit host data width,256 deep fifo
Welcome to Debian GNU/Linux 12 (bookworm)!
[    5.542826] arm-scmi firmware:scmi: Failed. SCMI protocol 17 not active.

[    5.542847] SMCCC: SOC_ID: ARCH_SOC_ID not implemented, skipping ....
[    5.542944] mmc0: CQHCI version 5.10
[    5.543075] cryptodev: driver 1.12 loaded.
[    5.543093] hid: raw HID events driver (C) Jiri Kosina
[    5.543160] usbcore: registered new interface driver usbhid
[    5.543161] usbhid: USB HID core driver
[    5.544714] optee: probing for conduit method.
[    5.544729] optee: revision 3.13 (57604957)
[    5.544864] optee: dynamic shared memory is enabled
[    5.544962] optee: initialized driver
[    5.545403] usbcore: registered new interface driver snd-usb-audio
[    5.546971] es8326 4-0018: Failed to request IRQ: 0: -22
[    5.550006] rockchip-i2s-tdm fddf0000.i2s: CLK-ALWAYS-ON: mclk: 12288000, bclk: 3072000, fsync: 48000
[    5.550672] rockchip-i2s-tdm fe470000.i2s: Register PCM for TRCM mode
[    5.551153] rockchip-i2s-tdm fddf4000.i2s: CLK-ALWAYS-ON: mclk: 12288000, bclk: 3072000, fsync: 48000
[    5.553925] input: rockchip-hdmi0 rockchip-hdmi0 as /devices/platform/hdmi0-sound/sound/card0/input1
[    5.555053] mmc_host mmc1: Bus speed (slot 0) = 400000Hz (slot req 400000Hz, actual 400000HZ div = 0)
[    5.555096] IPVS: Registered protocols (TCP, UDP)
[    5.555115] IPVS: Connection hash table configured (size=4096, memory=32Kbytes)
[    5.555192] IPVS: ipvs loaded.
[    5.555195] IPVS: [rr] scheduler registered.
[    5.555247] ipip: IPv4 and MPLS over IPv4 tunneling driver
[    5.555536] Initializing XFRM netlink socket
[    5.555869] NET: Registered PF_INET6 protocol family
[    5.556407] Segment Routing with IPv6
[    5.556419] In-situ OAM (IOAM) with IPv6
[    5.556484] NET: Registered PF_PACKET protocol family
[    5.556491] NET: Registered PF_KEY protocol family
[    5.556523] Bridge firewalling registered
[    5.556524] can: controller area network core
[    5.556549] NET: Registered PF_CAN protocol family
[  OK  ] Created slice system-getty.slice - Slice /system/getty.
[    5.556554] can: raw protocol
[  OK  ] Created slice system-modpr…lice - Slice /system/modprobe.
[    5.556557] can: broadcast manager protocol
[  OK  ] Created slice system-seria… - Slice /system/serial-getty.
[    5.556562] can: netlink gateway - max_hops=1
[  OK  ] Created slice system-syste… - Slice /system/systemd-fsck.
[    5.556672] Bluetooth: RFCOMM socket layer initialized
[  OK  ] Created slice user.slice - User and Session Slice.
[    5.556682] Bluetooth: RFCOMM ver 1.11
[  OK  ] Started ntpsec-systemd-netif.path.
[    5.556687] Bluetooth: HIDP (Human Interface Emulation) ver 1.2
[  OK  ] Started systemd-ask-passwo…quests to Console Directory Watch.
[    5.556692] Bluetooth: HIDP socket layer initialized
[  OK  ] Started systemd-ask-passwo… Requests to Wall Directory Watch.
[    5.556751] NET: Registered PF_RXRPC protocol family
         Expecting device dev-disk-…0m - /dev/disk/by-partlabel/oem...
[    5.556755] Key type rxrpc registered
         Expecting device dev-disk-…/dev/disk/by-partlabel/userdata...
[    5.556757] Key type rxrpc_s registered
         Expecting device dev-ttyFIQ0.device - /dev/ttyFIQ0...
[    5.556768] 8021q: 802.1Q VLAN Support v1.8
[  OK  ] Reached target cryptsetup.…get - Local Encrypted Volumes.
[    5.556779] [BT_RFKILL]: Enter rfkill_rk_init
[  OK  ] Reached target integrityse…Local Integrity Protected Volumes.
[    5.556781] [WLAN_RFKILL]: Enter rfkill_wlan_init
[  OK  ] Reached target remote-fs.target - Remote File Systems.
[    5.556961] [WLAN_RFKILL]: Enter rfkill_wlan_probe
[  OK  ] Reached target slices.target - Slice Units.
[    5.556978] [WLAN_RFKILL]: can't find rockchip,grf property
[  OK  ] Reached target swap.target - Swaps.
[    5.556980] [WLAN_RFKILL]: wlan_platdata_parse_dt: wifi_chip_type =
[  OK  ] Reached target veritysetup… - Local Verity Protected Volumes.
[    5.556982] [WLAN_RFKILL]: wlan_platdata_parse_dt: enable wifi power control.
[  OK  ] Listening on syslog.socket - Syslog Socket.
[    5.556984] [WLAN_RFKILL]: wlan_platdata_parse_dt: wifi power controled by gpio.
[  OK  ] Listening on systemd-fsckd…sck to fsckd communication Socket.
[    5.557000] [WLAN_RFKILL]: wlan_platdata_parse_dt: WIFI,reset_gpio = 28, flags = 0.
[  OK  ] Listening on systemd-initc… initctl Compatibility Named Pipe.
[    5.557008] [WLAN_RFKILL]: wlan_platdata_parse_dt: The ref_wifi_clk not found !
[  OK  ] Listening on systemd-journ…t - Journal Socket (/dev/log).
[    5.557010] [WLAN_RFKILL]: rfkill_wlan_probe: init gpio
[  OK  ] Listening on systemd-journald.socket - Journal Socket.
[    5.557018] [WLAN_RFKILL]: rfkill_set_wifi_bt_power: 1
[  OK  ] Listening on systemd-udevd….socket - udev Control Socket.
[    5.557020] [WLAN_RFKILL]: Exit rfkill_wlan_probe
[  OK  ] Listening on systemd-udevd…l.socket - udev Kernel Socket.
[    5.557314] [BT_RFKILL]: bluetooth_platdata_parse_dt: uart_rts_gpios is no-in-use.
         Mounting dev-mqueue.mount▒▒POSIX Message Queue File System...
[    5.557327] [BT_RFKILL]: bluetooth_platdata_parse_dt: get property: BT,reset_gpio = 29.
         Mounting sys-kernel-config.mount - /sys/kernel/config...
[    5.557338] [BT_RFKILL]: bluetooth_platdata_parse_dt: clk_get failed!!!.
         Mounting sys-kernel-debug.mount - /sys/kernel/debug...
[    5.557413] [BT_RFKILL]: bt_default device registered.
         Starting async-commit.serv…T for Rockchip BSP kernel > 4.4...
[    5.557500] input: bt-powerkey as /devices/platform/wireless-bluetooth/input/input2
         Starting keyboard-setup.se…Set the console keyboard layout...
[    5.557611] Key type dns_resolver registered
         Starting modprobe@dm_mod.s…[0m - Load Kernel Module dm_mod...
[    5.557895] Loading compiled-in X.509 certificates
         Starting modprobe@drm.service - Load Kernel Module drm...
[    5.558581] Btrfs loaded, crc32c=crc32c-generic, zoned=no, fsverity=no
         Starting modprobe@efi_psto…- Load Kernel Module efi_pstore...
[    5.558648] pstore: Using crash dump compression: deflate
         Starting modprobe@fuse.ser…e - Load Kernel Module fuse...
[    5.560373] rga3 fdb60000.rga: Adding to iommu group 2
         Starting modprobe@loop.ser…e - Load Kernel Module loop...
[    5.560630] rga3 fdb60000.rga: probe successfully, irq = 50, hw_version:3.0.76831
         Starting rkaiq_3A.service▒▒le Rockchip camera engine rkaiq...
[    5.560677] rga3 fdb70000.rga: Adding to iommu group 3
         Starting systemd-journald.service - Journal Service...
[    5.560839] rga3 fdb70000.rga: probe successfully, irq = 51, hw_version:3.0.76831
         Starting systemd-modules-l…rvice - Load Kernel Modules...
[    5.561149] rga2 fdb80000.rga: probe successfully, irq = 143, hw_version:3.2.63318
         Starting systemd-remount-f…nt Root and Kernel File Systems...
[    5.561201] rga_iommu: IOMMU binding successfully, default mapping core[0x1]
         Starting systemd-udev-trig…[0m - Coldplug All udev Devices...
[    5.561256] rga: Module initialized. v1.3.4
[  OK  ] Mounted dev-mqueue.mount▒▒- POSIX Message Queue File System.
[    5.572873] mpp_vdpu1 fdb51000.avsd-plus: Adding to iommu group 1
[  OK  ] Mounted sys-kernel-config.mount - /sys/kernel/config.
[    5.573036] mpp_vdpu1 fdb51000.avsd-plus: probe device
[  OK  ] Mounted sys-kernel-debug.mount - /sys/kernel/debug.
[    5.573125] mpp_vdpu1 fdb51000.avsd-plus: reset_group->rw_sem_on=0
[  OK  ] Finished modprobe@dm_mod.s…e - Load Kernel Module dm_mod.
[    5.573127] mpp_vdpu1 fdb51000.avsd-plus: reset_group->rw_sem_on=0
[  OK  ] Finished modprobe@drm.service - Load Kernel Module drm.
[    5.573188] mpp_vdpu1 fdb51000.avsd-plus: probing finish
[  OK  ] Finished modprobe@efi_psto…m - Load Kernel Module efi_pstore.
[    5.573262] mpp_vdpu2 fdb50400.vdpu: Adding to iommu group 1
[  OK  ] Finished modprobe@fuse.service - Load Kernel Module fuse.
[    5.573286] mpp_vdpu2 fdb50400.vdpu: probe device
[  OK  ] Finished modprobe@loop.service - Load Kernel Module loop.
[    5.573326] mpp_vdpu2 fdb50400.vdpu: reset_group->rw_sem_on=0
[  OK  ] Finished async-commit.serv…MIT for Rockchip BSP kernel > 4.4.
[    5.573328] mpp_vdpu2 fdb50400.vdpu: reset_group->rw_sem_on=0
[  OK  ] Started rkaiq_3A.service▒▒able Rockchip camera engine rkaiq.
[    5.573355] mpp_vdpu2 fdb50400.vdpu: probing finish
         Mounting sys-fs-fuse-conne… - FUSE Control File System...
[    5.573411] mpp_vepu2 fdb50000.vepu: Adding to iommu group 1
[  OK  ] Finished systemd-modules-l…service - Load Kernel Modules.
[    5.573434] mpp_vepu2 fdb50000.vepu: probing start
[  OK  ] Finished systemd-remount-f…ount Root and Kernel File Systems.
[    5.573482] mpp_vepu2 fdb50000.vepu: reset_group->rw_sem_on=0
         Starting systemd-random-se…ice - Load/Save Random Seed...
[    5.573483] mpp_vepu2 fdb50000.vepu: reset_group->rw_sem_on=0
         Starting systemd-sysctl.se…ce - Apply Kernel Variables...
[    5.573516] mpp_vepu2 fdb50000.vepu: probing finish
         Starting systemd-sysusers.…rvice - Create System Users...
[    5.573566] mpp_vepu2 fdba0000.jpege-core: Adding to iommu group 5
[  OK  ] Mounted sys-fs-fuse-connec…nt - FUSE Control File System.
[    5.573606] mpp_vepu2 fdba0000.jpege-core: probing start
[  OK  ] Finished systemd-random-se…rvice - Load/Save Random Seed.
[    5.573637] mmc0: SDHCI controller on fe2e0000.mmc [fe2e0000.mmc] using ADMA
[  OK  ] Finished systemd-sysctl.service - Apply Kernel Variables.
[    5.573685] mpp_vepu2 fdba0000.jpege-core: attach ccu success
[  OK  ] Finished systemd-sysusers.service - Create System Users.
[    5.573719] mpp_vepu2 fdba0000.jpege-core: probing finish
         Starting systemd-tmpfiles-…ate Static Device Nodes in /dev...
[    5.573770] mpp_vepu2 fdba4000.jpege-core: Adding to iommu group 6
[  OK  ] Finished keyboard-setup.se…- Set the console keyboard layout.
[    5.573808] mpp_vepu2 fdba4000.jpege-core: probing start
[  OK  ] Started systemd-journald.service - Journal Service.
[    5.573860] mpp_vepu2 fdba4000.jpege-core: attach ccu success
         Starting systemd-journal-f…h Journal to Persistent Storage...
[    5.573891] mpp_vepu2 fdba4000.jpege-core: probing finish
[  OK  ] Finished systemd-tmpfiles-…reate Static Device Nodes in /dev.
[    5.573952] mpp_vepu2 fdba8000.jpege-core: Adding to iommu group 7
[  OK  ] Reached target local-fs-pr…reparation for Local File Systems.
[    5.573990] mpp_vepu2 fdba8000.jpege-core: probing start
         Starting systemd-udevd.ser…ger for Device Events and Files...
[    5.574042] mpp_vepu2 fdba8000.jpege-core: attach ccu success
[  OK  ] Finished systemd-journal-f…ush Journal to Persistent Storage.
[    5.574077] mpp_vepu2 fdba8000.jpege-core: probing finish
[  OK  ] Finished systemd-udev-trig…e - Coldplug All udev Devices.
[    5.574137] mpp_vepu2 fdbac000.jpege-core: Adding to iommu group 8
         Starting ifupdown-pre.serv…ynchronize boot up for ifupdown...
[    5.574175] mpp_vepu2 fdbac000.jpege-core: probing start
[  OK  ] Finished ifupdown-pre.serv… synchronize boot up for ifupdown.
[    5.574227] mpp_vepu2 fdbac000.jpege-core: attach ccu success
[  OK  ] Started systemd-udevd.serv…nager for Device Events and Files.
[    5.574260] mpp_vepu2 fdbac000.jpege-core: probing finish
[  OK  ] Found device dev-ttyFIQ0.device - /dev/ttyFIQ0.
[    5.574317] mpp-iep2 fdbb0000.iep: Adding to iommu group 9
[  OK  ] Created slice system-slcan…0m - Slice /system/slcanfd-socket.
[    5.574357] mpp-iep2 fdbb0000.iep: probe device
         Starting async-commit.serv…T for Rockchip BSP kernel > 4.4...
[    5.574418] mpp-iep2 fdbb0000.iep: allocate roi buffer failed
         Starting modprobe@dm_mod.s…[0m - Load Kernel Module dm_mod...
[    5.574446] mpp-iep2 fdbb0000.iep: probing finish
         Starting modprobe@efi_psto…- Load Kernel Module efi_pstore...
[    5.574497] mpp_jpgdec fdb90000.jpegd: Adding to iommu group 4
         Starting modprobe@loop.ser…e - Load Kernel Module loop...
[    5.574585] mpp_jpgdec fdb90000.jpegd: probe device
         Starting rkaiq_3A.service▒▒le Rockchip camera engine rkaiq...
[    5.574687] mpp_jpgdec fdb90000.jpegd: probing finish
[  OK  ] Finished modprobe@dm_mod.s…e - Load Kernel Module dm_mod.
[    5.574755] mpp_rkvdec2 fdc38100.rkvdec-core: Adding to iommu group 12
[  OK  ] Finished modprobe@efi_psto…m - Load Kernel Module efi_pstore.
[    5.574885] mpp_rkvdec2 fdc38100.rkvdec-core: rkvdec-core, probing start
[  OK  ] Finished modprobe@loop.service - Load Kernel Module loop.
[    5.574947] mpp_rkvdec2 fdc38100.rkvdec-core: shared_niu_a is not found!
[  OK  ] Started rkaiq_3A.service▒▒able Rockchip camera engine rkaiq.
[    5.574948] rkvdec2_init:1197: No niu aclk reset resource define
[  OK  ] Finished async-commit.serv…MIT for Rockchip BSP kernel > 4.4.
[    5.574950] mpp_rkvdec2 fdc38100.rkvdec-core: shared_niu_h is not found!
[  OK  ] Found device dev-disk-by\x… - /dev/disk/by-partlabel/oem.
[    5.574951] rkvdec2_init:1200: No niu hclk reset resource define
[  OK  ] Found device dev-disk-by\x…- /dev/disk/by-partlabel/userdata.
[    5.574965] mpp_rkvdec2 fdc38100.rkvdec-core: no regulator, devfreq is disabled
         Starting async-commit.serv…T for Rockchip BSP kernel > 4.4...
[    5.574998] mpp_rkvdec2 fdc38100.rkvdec-core: core_mask=00010001
         Starting modprobe@dm_mod.s…[0m - Load Kernel Module dm_mod...
[    5.574999] mpp_rkvdec2 fdc38100.rkvdec-core: attach ccu as core 0
         Starting modprobe@efi_psto…- Load Kernel Module efi_pstore...
[    5.575097] mpp_rkvdec2 fdc38100.rkvdec-core: sram_start 0x00000000ff001000
         Starting modprobe@loop.ser…e - Load Kernel Module loop...
[    5.575099] mpp_rkvdec2 fdc38100.rkvdec-core: rcb_iova 0x00000000fff00000
         Starting rkaiq_3A.service▒▒le Rockchip camera engine rkaiq...
[    5.575100] mpp_rkvdec2 fdc38100.rkvdec-core: sram_size 491520
         Starting systemd-fsck@dev-…k on /dev/disk/by-partlabel/oem...
[    5.575101] mpp_rkvdec2 fdc38100.rkvdec-core: rcb_size 1048576
         Starting systemd-fsck@dev-…/dev/disk/by-partlabel/userdata...
[    5.575102] mpp_rkvdec2 fdc38100.rkvdec-core: min_width 512
[  OK  ] Finished modprobe@dm_mod.s…e - Load Kernel Module dm_mod.
[    5.575104] mpp_rkvdec2 fdc38100.rkvdec-core: rcb_info_count 20
[  OK  ] Finished async-commit.serv…MIT for Rockchip BSP kernel > 4.4.
[    5.575105] mpp_rkvdec2 fdc38100.rkvdec-core: [136, 24576]
[  OK  ] Finished modprobe@efi_psto…m - Load Kernel Module efi_pstore.
[    5.575106] mpp_rkvdec2 fdc38100.rkvdec-core: [137, 49152]
[  OK  ] Started rkaiq_3A.service▒▒able Rockchip camera engine rkaiq.
[    5.575107] mpp_rkvdec2 fdc38100.rkvdec-core: [141, 90112]
[  OK  ] Reached target usb-gadget.…m - Hardware activated USB gadget.
[    5.575108] mpp_rkvdec2 fdc38100.rkvdec-core: [140, 49152]
[  OK  ] Listening on systemd-rfkil…l Switch Status /dev/rfkill Watch.
[    5.575109] mpp_rkvdec2 fdc38100.rkvdec-core: [139, 180224]
[  OK  ] Started systemd-fsckd.serv…tem Check Daemon to report status.
[    5.575110] mpp_rkvdec2 fdc38100.rkvdec-core: [133, 49152]
         Starting systemd-rfkill.se…Load/Save RF Kill Switch Status...
[    5.575111] mpp_rkvdec2 fdc38100.rkvdec-core: [134, 8192]
[  OK  ] Finished modprobe@loop.service - Load Kernel Module loop.
[    5.575112] mpp_rkvdec2 fdc38100.rkvdec-core: [135, 4352]
[  OK  ] Started systemd-rfkill.ser…- Load/Save RF Kill Switch Status.
[    5.575113] mpp_rkvdec2 fdc38100.rkvdec-core: [138, 13056]
[  OK  ] Finished systemd-fsck@dev-…eck on /dev/disk/by-partlabel/oem.
[    5.575114] mpp_rkvdec2 fdc38100.rkvdec-core: [142, 291584]
[  OK  ] Finished systemd-fsck@dev-…n /dev/disk/by-partlabel/userdata.
[    5.575152] mpp_rkvdec2 fdc38100.rkvdec-core: probing finish
         Mounting oem.mount - /oem...
[    5.575211] mpp_rkvdec2 fdc48100.rkvdec-core: Adding to iommu group 13
         Mounting userdata.mount - /userdata...
[    5.575317] mpp_rkvdec2 fdc48100.rkvdec-core: rkvdec-core, probing start
[  OK  ] Mounted userdata.mount - /userdata.
[    5.575379] mpp_rkvdec2 fdc48100.rkvdec-core: shared_niu_a is not found!
[  OK  ] Mounted oem.mount - /oem.
[    5.575380] rkvdec2_init:1197: No niu aclk reset resource define
[  OK  ] Reached target local-fs.target - Local File Systems.
[    5.575381] mpp_rkvdec2 fdc48100.rkvdec-core: shared_niu_h is not found!
         Starting adv-wifibt-init.s…ce - Init Advantech Wifi/BT...
[    5.575382] rkvdec2_init:1200: No niu hclk reset resource define
         Starting bootanim.service - Boot time animation...
[    5.575392] mpp_rkvdec2 fdc48100.rkvdec-core: no regulator, devfreq is disabled
         Starting console-setup.ser…m - Set console font and keymap...
[    5.575416] mpp_rkvdec2 fdc48100.rkvdec-core: core_mask=00020002
         Starting log-guardian.serv…es when no space left on device...
[    5.575428] mpp_rkvdec2 fdc48100.rkvdec-core: attach ccu as core 1
         Starting resize-all.servic…all internal mounted partitions...
[    5.575530] mpp_rkvdec2 fdc48100.rkvdec-core: sram_start 0x00000000ff079000
[  OK  ] Started rockchip.service▒▒tup rockchip platform environment.
[    5.575531] mpp_rkvdec2 fdc48100.rkvdec-core: rcb_iova 0x00000000ffe00000
         Starting binfmt-support.se…ional executable binary formats...
[    5.575533] mpp_rkvdec2 fdc48100.rkvdec-core: sram_size 487424
         Starting systemd-tmpfiles-…te System Files and Directories...
[    5.575533] mpp_rkvdec2 fdc48100.rkvdec-core: rcb_size 1048576
         Starting usbdevice.service…m - Manage USB device functions...
[    5.575535] mpp_rkvdec2 fdc48100.rkvdec-core: min_width 512
[  OK  ] Finished console-setup.ser…[0m - Set console font and keymap.
[    5.575536] mpp_rkvdec2 fdc48100.rkvdec-core: rcb_info_count 20
[  OK  ] Finished log-guardian.serv…iles when no space left on device.
[    5.575537] mpp_rkvdec2 fdc48100.rkvdec-core: [136, 24576]
[  OK  ] Started adv-wifibt-init.service - Init Advantech Wifi/BT.
[    5.575538] mpp_rkvdec2 fdc48100.rkvdec-core: [137, 49152]
[  OK  ] Finished systemd-tmpfiles-…eate System Files and Directories.
[    5.575539] mpp_rkvdec2 fdc48100.rkvdec-core: [141, 90112]
         Starting adv-wifibt-init.s…ce - Init Advantech Wifi/BT...
[    5.575540] mpp_rkvdec2 fdc48100.rkvdec-core: [140, 49152]
         Starting async-commit.serv…T for Rockchip BSP kernel > 4.4...
[    5.575541] mpp_rkvdec2 fdc48100.rkvdec-core: [139, 180224]
         Starting modprobe@dm_mod.s…[0m - Load Kernel Module dm_mod...
[    5.575542] mpp_rkvdec2 fdc48100.rkvdec-core: [133, 49152]
         Starting modprobe@efi_psto…- Load Kernel Module efi_pstore...
[    5.575543] mpp_rkvdec2 fdc48100.rkvdec-core: [134, 8192]
         Starting modprobe@loop.ser…e - Load Kernel Module loop...
[    5.575545] mpp_rkvdec2 fdc48100.rkvdec-core: [135, 4352]
[  OK  ] Started resolvconf.service… - Nameserver information manager.
[    5.575545] mpp_rkvdec2 fdc48100.rkvdec-core: [138, 13056]
[  OK  ] Reached target network-pre…get - Preparation for Network.
[    5.575546] mpp_rkvdec2 fdc48100.rkvdec-core: [142, 291584]
         Starting networking.service - Raise network interfaces...
[    5.575584] mpp_rkvdec2 fdc48100.rkvdec-core: probing finish
         Starting rkaiq_3A.service▒▒le Rockchip camera engine rkaiq...
[    5.575659] mpp_rkvenc2 fdbd0000.rkvenc-core: Adding to iommu group 10
         Starting systemd-update-ut…rd System Boot/Shutdown in UTMP...
[    5.575741] mpp_rkvenc2 fdbd0000.rkvenc-core: probing start
[  OK  ] Started bootanim.service - Boot time animation.
[    5.575937] mpp_rkvenc2 fdbd0000.rkvenc-core: bin=0
[  OK  ] Finished binfmt-support.se…itional executable binary formats.
[    5.576119] mpp_rkvenc2 fdbd0000.rkvenc-core: leakage=19
[  OK  ] Finished modprobe@dm_mod.s…e - Load Kernel Module dm_mod.
[    5.576121] mpp_rkvenc2 fdbd0000.rkvenc-core: leakage-volt-sel=1
[  OK  ] Finished modprobe@efi_psto…m - Load Kernel Module efi_pstore.
[    5.576791] mpp_rkvenc2 fdbd0000.rkvenc-core: avs=0
[  OK  ] Finished modprobe@loop.service - Load Kernel Module loop.
[    5.576796] mpp_rkvenc2 fdbd0000.rkvenc-core: l=-2147483648 h=2147483647 hyst=0 l_limit=0 h_limit=0 h_table=0
[  OK  ] Finished async-commit.serv…MIT for Rockchip BSP kernel > 4.4.
[    5.576969] mpp_rkvenc2 fdbd0000.rkvenc-core: attach ccu as core 0
[  OK  ] Started rkaiq_3A.service▒▒able Rockchip camera engine rkaiq.
[    5.576982] mpp_rkvenc2 fdbd0000.rkvenc-core: probing finish
[  OK  ] Started adv-wifibt-init.service - Init Advantech Wifi/BT.
[    5.577052] mpp_rkvenc2 fdbe0000.rkvenc-core: Adding to iommu group 11
[  OK  ] Finished systemd-update-ut…cord System Boot/Shutdown in UTMP.
[    5.577138] mpp_rkvenc2 fdbe0000.rkvenc-core: probing start
[  OK  ] Reached target sysinit.target - System Initialization.
[    5.577301] mpp_rkvenc2 fdbe0000.rkvenc-core: bin=0
[  OK  ] Started acpid.path - ACPI Events Check.
[    5.577468] mpp_rkvenc2 fdbe0000.rkvenc-core: leakage=19
[  OK  ] Started anacron.timer - Trigger anacron every hour.
[    5.577470] mpp_rkvenc2 fdbe0000.rkvenc-core: leakage-volt-sel=1
[  OK  ] Started apt-daily.timer - Daily apt download activities.
[    5.578126] mpp_rkvenc2 fdbe0000.rkvenc-core: avs=0
[  OK  ] Started apt-daily-upgrade.… apt upgrade and clean activities.
[    5.578130] mpp_rkvenc2 fdbe0000.rkvenc-core: l=-2147483648 h=2147483647 hyst=0 l_limit=0 h_limit=0 h_table=0
[  OK  ] Started dpkg-db-backup.tim… Daily dpkg database backup timer.
[    5.578269] mpp_rkvenc2 fdbe0000.rkvenc-core: attach ccu as core 1
[  OK  ] Started e2scrub_all.timer▒▒etadata Check for All Filesystems.
[    5.578281] mpp_rkvenc2 fdbe0000.rkvenc-core: probing finish
[  OK  ] Started fstrim.timer - Discard unused blocks once a week.
[    5.578776] mali fb000000.gpu: Kernel DDK version g21p0-01eac0
[  OK  ] Started logrotate.timer - Daily rotation of log files.
[    5.578863] mali fb000000.gpu: GPU metrics tracepoint support enabled
[  OK  ] Started man-db.timer - Daily man-db regeneration.
[    5.579359] mali fb000000.gpu: bin=0
[  OK  ] Started ntpsec-rotate-stat…mer - Rotate ntpd stats daily.
[    5.579535] mali fb000000.gpu: leakage=22
[  OK  ] Started systemd-tmpfiles-c… Cleanup of Temporary Directories.
[    5.579559] debugfs: Directory 'fb000000.gpu-mali' with parent 'vdd_gpu_s0' already present!
[  OK  ] Reached target paths.target - Path Units.
[    5.580875] mali fb000000.gpu: pvtm=858
[  OK  ] Reached target timers.target - Timer Units.
[    5.580942] mali fb000000.gpu: pvtm-volt-sel=2
[  OK  ] Listening on acpid.socket - ACPID Listen Socket.
[    5.580958] debugfs: Directory 'fb000000.gpu-mali' with parent 'vdd_gpu_s0' already present!
[  OK  ] Listening on dbus.socket▒▒- D-Bus System Message Bus Socket.
[    5.581691] mali fb000000.gpu: avs=0
         Starting docker.socket - Docker Socket for the API...
[    5.581699] W : [File] : drivers/gpu/arm/bifrost/platform/rk/mali_kbase_config_rk.c; [Line] : 144; [Func] : kbase_platform_rk_init(); power-off-delay-ms not available.
[  OK  ] Listening on uuidd.socket▒▒m - UUID daemon activation socket.
[    5.581782] mali fb000000.gpu: Register LUT 000a0800 initialized for GPU arch 0x000a0806
[  OK  ] Listening on docker.socket - Docker Socket for the API.
[    5.581790] mali fb000000.gpu: r0p0 status 5 not found in HW issues table;
[  OK  ] Reached target sockets.target - Socket Units.
[    5.581792] mali fb000000.gpu: falling back to closest match: r0p0 status 0
[  OK  ] Reached target basic.target - Basic System.
[    5.581793] mali fb000000.gpu: Execution proceeding normally with fallback match
[  OK  ] Started acpid.service - ACPI event daemon.
[    5.581794] mali fb000000.gpu: GPU identified as 0x7 arch 10.8.6 r0p0 status 0
[  OK  ] Started adv-sd-boot.service - Init Advantech SD Boot.
[    5.581898] mali fb000000.gpu: No priority control manager is configured
[  OK  ] Started advinit.service▒▒- Setup advantech init enviroment.
[    5.581899] mali fb000000.gpu: Large page allocation set to false after hardware feature check
[  OK  ] Started adv-boot-times.service - Advantech boot times.
[    5.581954] mali fb000000.gpu: No memory group manager is configured
[  OK  ] Started adv-cellular-daemo…itor cellular module & SIM status.
[    5.581964] mali fb000000.gpu: Protected memory allocator not available
[  OK  ] Started adv-hailo.service - Advantech hailo.
[    5.582704] mali fb000000.gpu: EM: created perf domain
[  OK  ] Started adv-pcie-lan.service - Advantech pcie lan.
[    5.582860] mali fb000000.gpu: l=15000 h=85000 hyst=5000 l_limit=0 h_limit=800000000 h_table=0
[  OK  ] Started adv-uio.service - Advantech UIO Service.
[    5.583124] mali fb000000.gpu: * MALI kbase_mmap_min_addr compiled to CONFIG_DEFAULT_MMAP_MIN_ADDR, no runtime update possible! *
         Starting alsa-restore.serv…- Save/Restore Sound Card State...
[    5.583126] mali fb000000.gpu: Probed as mali0
[  OK  ] Started anacron.service - Run anacron jobs.
[    5.636956] mmc0: Command Queue Engine enabled
         Starting atd.service - Deferred execution scheduler...
[    5.636963] mmc0: new HS400 Enhanced strobe MMC card at address 0001
         Starting blueman-mechanism… Bluetooth management mechanism...
[    5.637284] mmcblk0: mmc0:0001 DA6032 29.1 GiB
[  OK  ] Started cron.service -…kground program processing daemon.
[    5.640364]  mmcblk0: p1 p2 p3 p4 p5 p6 p7 p8
         Starting dbus.service - D-Bus System Message Bus...
[    5.641099] mmcblk0boot0: mmc0:0001 DA6032 4.00 MiB
         Starting e2scrub_reap.serv…e ext4 Metadata Check Snapshots...
[    5.641764] mmcblk0boot1: mmc0:0001 DA6032 4.00 MiB
[  OK  ] Started input-event-daemon.service - Input Event Daemon.
[    5.642353] mmcblk0rpmb: mmc0:0001 DA6032 4.00 MiB, chardev (236:0)
[  OK  ] Started irqbalance.service - irqbalance daemon.
[    5.684771] vendor storage:20190527 ret = 0
         Starting loadcpufreq.servi…eeded to enable cpufreq scaling...
[    6.226301] rkcif rkcif-mipi-lvds: clear unready subdev num: 1
[  OK  ] Started lttng-sessiond.service - LTTng session daemon.
[    6.226304] rockchip-mipi-csi2: No link between dphy and sensor
[  OK  ] Started ntpsec-systemd-netif.service.
[    6.226374] rockchip-mipi-csi2: No link between dphy and sensor
         Starting polkit.service - Authorization Manager...
[    6.226380] rkcif-mipi-lvds: Async subdev notifier completed
         Starting rsyslog.service - System Logging Service...
[    6.226381] rockchip-mipi-csi2: No link between dphy and sensor
         Starting slcanfd-socket@ttyACM0.service...
[    6.226384] rkcif-mipi-lvds: There is not terminal subdev, not synchronized with ISP
         Starting slcanfd-socket@ttyACM1.service...
[    6.226385] rkcif rkcif-mipi-lvds1: clear unready subdev num: 1
         Starting systemd-logind.se…ice - User Login Management...
[    6.226386] rockchip-mipi-csi2: No link between dphy and sensor
         Starting udisks2.service - Disk Manager...
[    6.226450] rockchip-mipi-csi2: No link between dphy and sensor
         Starting logrotate.service - Rotate log files...
[    6.226455] rkcif-mipi-lvds1: Async subdev notifier completed
[  OK  ] Finished alsa-restore.serv…m - Save/Restore Sound Card State.
[    6.226456] rockchip-mipi-csi2: No link between dphy and sensor
[  OK  ] Started atd.service - Deferred execution scheduler.
[    6.226458] rkcif-mipi-lvds1: There is not terminal subdev, not synchronized with ISP
[  OK  ] Reached target sound.target - Sound Card.
[    6.226460] rkcif rkcif-mipi-lvds2: clear unready subdev num: 1
[  OK  ] Finished resize-all.servic…e all internal mounted partitions.
[    6.226461] rockchip-mipi-csi2: No link between dphy and sensor
[  OK  ] Started slcanfd-socket@ttyACM0.service.
[    6.226520] rockchip-mipi-csi2: No link between dphy and sensor
[  OK  ] Finished e2scrub_reap.serv…ine ext4 Metadata Check Snapshots.
[    6.226524] rkcif-mipi-lvds2: Async subdev notifier completed
[  OK  ] Started rsyslog.service - System Logging Service.
[    6.226526] rockchip-mipi-csi2: No link between dphy and sensor
[  OK  ] Started slcanfd-socket@ttyACM1.service.
[    6.226528] rkcif-mipi-lvds2: There is not terminal subdev, not synchronized with ISP
[  OK  ] Started dbus.service - D-Bus System Message Bus.
[    6.226529] rkcif rkcif-mipi-lvds4: clear unready subdev num: 1
         Starting NetworkManager.service - Network Manager...
[    6.226530] rockchip-mipi-csi2: No link between dphy and sensor
         Starting wpa_supplicant.service - WPA supplicant...
[    6.226591] rockchip-mipi-csi2: No link between dphy and sensor
[  OK  ] Finished logrotate.service - Rotate log files.
[    6.226595] rkcif-mipi-lvds4: Async subdev notifier completed
[  OK  ] Started systemd-logind.service - User Login Management.
[    6.226596] rockchip-mipi-csi2: No link between dphy and sensor
[  OK  ] Started loadcpufreq.servic… needed to enable cpufreq scaling.
[    6.226598] rkcif-mipi-lvds4: There is not terminal subdev, not synchronized with ISP
[  OK  ] Started polkit.service - Authorization Manager.
[    6.226605] rockchip-mipi-csi2: No link between dphy and sensor
         Starting ModemManager.service - Modem Manager...
[    6.226632] rkcif-mipi-lvds: There is not terminal subdev, not synchronized with ISP
         Starting cpufrequtils.serv…: set CPUFreq kernel parameters...
[    6.226643] rockchip-mipi-csi2: No link between dphy and sensor
[  OK  ] Started wpa_supplicant.service - WPA supplicant.
[    6.226655] rkcif-mipi-lvds1: There is not terminal subdev, not synchronized with ISP
[  OK  ] Finished networking.service - Raise network interfaces.
[    6.226666] rockchip-mipi-csi2: No link between dphy and sensor
[  OK  ] Started cpufrequtils.servi…SB: set CPUFreq kernel parameters.
[    6.226679] rkcif-mipi-lvds2: There is not terminal subdev, not synchronized with ISP
[  OK  ] Started udisks2.service - Disk Manager.
[    6.226686] rockchip-mipi-csi2: No link between dphy and sensor
[  OK  ] Started NetworkManager.service - Network Manager.
[    6.226692] rkcif-mipi-lvds4: There is not terminal subdev, not synchronized with ISP
[  OK  ] Reached target network.target - Network.
[    6.226820] RKNPU fdab0000.npu: Adding to iommu group 0
[  OK  ] Reached target network-online.target - Network is Online.
[    6.226872] RKNPU fdab0000.npu: RKNPU: rknpu iommu is enabled, using iommu mode
