=> rbrom
DDR 3488111f83 cym 24/04/12-12:49:26,fwver: v1.17
LPDDR4, 2112MHz
channel[0] BW=16 Col=10 Bk=8 CS0 Row=16 CS1 Row=16 CS=2 Die BW=16 Size=2048MB
channel[1] BW=16 Col=10 Bk=8 CS0 Row=16 CS1 Row=16 CS=2 Die BW=16 Size=2048MB
channel[2] BW=16 Col=10 Bk=8 CS0 Row=16 CS1 Row=16 CS=2 Die BW=16 Size=2048MB
channel[3] BW=16 Col=10 Bk=8 CS0 Row=16 CS1 Row=16 CS=2 Die BW=16 Size=2048MB
Manufacturer ID:0x6
CH0 RX Vref:37.3%, TX Vref:13.2%,13.2%DQ rds:
h2 l0, h2 l0, h2 l0, h0 l0, h4 l0, h4 l0, h6 l0, h2 l0,
h3 l0, h3 l0, h1 l0, h3 l0, h1 l0, h2 l0, h4 l0, h2 l0,

CH1 RX Vref:36.5%, TX Vref:13.2%,13.2%DQ rds:
h2 l0, h4 l0, h4 l0, h1 l0, h2 l0, h1 l0, h2 l0, h4 l0,
h2 l0, h1 l0, h1 l0, h0 l0, h4 l0, h1 l0, h3 l0, h2 l0,

CH2 RX Vref:37.7%, TX Vref:13.2%,13.2%DQ rds:
h6 l0, h3 l0, h1 l0, h2 l0, h1 l0, h4 l0, h4 l0, h1 l0,
h1 l0, h2 l0, h3 l0, h1 l0, h1 l0, h6 l0, h0 l0, h1 l0,

CH3 RX Vref:39.4%, TX Vref:13.2%,13.2%DQ rds:
h3 l0, h6 l0, h5 l0, h3 l0, h3 l0, h1 l0, h2 l0, h2 l0,
h3 l0, h3 l0, h6 l0, h4 l0, h5 l0, h3 l0, h3 l0, h3 l0,

stride=0x2, ddr_config=0x4
hash ch_mask0-1 0x20 0x40, bank_mask0-3 0xa00 0x1400 0x2800 0x0, rank_mask0 0x401000
change to F1: 528MHz
change to F2: 1068MHz
change to F3: 1560MHz
change to F0: 2112MHz
out
Boot1 Release Time: Oct 17 2023 17:09:54, version: 1.11
Emmc IO init.
Emmc IO init.
mmc_set_bus_width: 1
SetEmmcClk: 375000, 2, 64
mmc_switch index:183, value:0x2
mmc_switch index:185, value:0x2
SetEmmcClk: 375000, 2, 64
mmc_set_bus_width: 8
SetEmmcClk: 200000000, 0, 3
Enable PHY CLK: 200000000, timing: 9
SdmmcInit=2 0
BootCapSize=100000
UserCapSize=29820MB
FwPartOffset=2000 , 100000
UsbBoot ...169476
powerOn 171732
DDR 3488111f83 cym 24/04/12-12:49:26,fwver: v1.17
LPDDR4, 2112MHz
channel[0] BW=16 Col=10 Bk=8 CS0 Row=16 CS1 Row=16 CS=2 Die BW=16 Size=2048MB
channel[1] BW=16 Col=10 Bk=8 CS0 Row=16 CS1 Row=16 CS=2 Die BW=16 Size=2048MB
channel[2] BW=16 Col=10 Bk=8 CS0 Row=16 CS1 Row=16 CS=2 Die BW=16 Size=2048MB
channel[3] BW=16 Col=10 Bk=8 CS0 Row=16 CS1 Row=16 CS=2 Die BW=16 Size=2048MB
Manufacturer ID:0x6
CH0 RX Vref:37.3%, TX Vref:13.2%,13.2%DQ rds:
h4 l0, h2 l0, h3 l0, h0 l0, h4 l0, h5 l0, h6 l0, h2 l0,
h3 l0, h3 l0, h1 l0, h3 l0, h1 l0, h2 l0, h3 l0, h1 l0,

CH1 RX Vref:36.5%, TX Vref:13.2%,13.2%DQ rds:
h2 l0, h4 l0, h6 l0, h1 l0, h2 l0, h1 l0, h2 l0, h3 l0,
h2 l0, h1 l0, h1 l0, h0 l0, h4 l0, h1 l0, h3 l0, h2 l0,

CH2 RX Vref:37.3%, TX Vref:13.2%,13.2%DQ rds:
h5 l0, h2 l0, h1 l0, h2 l0, h1 l0, h4 l0, h3 l0, h1 l0,
h1 l0, h1 l0, h1 l0, h1 l0, h1 l0, h5 l0, h0 l0, h1 l0,

CH3 RX Vref:40.3%, TX Vref:13.2%,13.2%DQ rds:
h2 l0, h7 l0, h6 l0, h2 l0, h2 l0, h3 l0, h4 l0, h2 l0,
h2 l0, h2 l0, h7 l0, h5 l0, h4 l0, h3 l0, h2 l0, h4 l0,

stride=0x2, ddr_config=0x4
hash ch_mask0-1 0x20 0x40, bank_mask0-3 0xa00 0x1400 0x2800 0x0, rank_mask0 0x401000
change to F1: 528MHz
change to F2: 1068MHz
change to F3: 1560MHz
change to F0: 2112MHz
out
Boot1 Release Time: Oct 17 2023 17:09:54, version: 1.11
Emmc IO init.
Emmc IO init.
mmc_set_bus_width: 1
SetEmmcClk: 375000, 2, 64
mmc_switch index:183, value:0x2
mmc_switch index:185, value:0x2
SetEmmcClk: 375000, 2, 64
mmc_set_bus_width: 8
SetEmmcClk: 200000000, 0, 3
Enable PHY CLK: 200000000, timing: 9
SdmmcInit=2 0
BootCapSize=100000
UserCapSize=29820MB
FwPartOffset=2000 , 100000
UsbBoot ...293071
powerOn 295332
SoftReset, 27547144 us
DDR 3488111f83 cym 24/04/12-12:49:26,fwver: v1.17
LPDDR4, 2112MHz
channel[0] BW=16 Col=10 Bk=8 CS0 Row=16 CS1 Row=16 CS=2 Die BW=16 Size=2048MB
channel[1] BW=16 Col=10 Bk=8 CS0 Row=16 CS1 Row=16 CS=2 Die BW=16 Size=2048MB
channel[2] BW=16 Col=10 Bk=8 CS0 Row=16 CS1 Row=16 CS=2 Die BW=16 Size=2048MB
channel[3] BW=16 Col=10 Bk=8 CS0 Row=16 CS1 Row=16 CS=2 Die BW=16 Size=2048MB
Manufacturer ID:0x6
CH0 RX Vref:36.9%, TX Vref:13.2%,13.2%DQ rds:
h4 l0, h2 l0, h2 l0, h1 l0, h4 l0, h4 l0, h5 l0, h2 l0,
h3 l0, h3 l0, h1 l0, h5 l0, h1 l0, h2 l0, h4 l0, h1 l0,

CH1 RX Vref:36.9%, TX Vref:13.2%,13.2%DQ rds:
h2 l0, h5 l0, h5 l0, h1 l0, h2 l0, h1 l0, h2 l0, h4 l0,
h2 l0, h1 l0, h1 l0, h0 l0, h6 l0, h2 l0, h4 l0, h2 l0,

CH2 RX Vref:37.7%, TX Vref:13.2%,13.2%DQ rds:
h5 l0, h3 l0, h1 l0, h2 l0, h1 l0, h4 l0, h3 l0, h1 l0,
h1 l0, h2 l0, h2 l0, h2 l0, h2 l0, h5 l0, h0 l0, h1 l0,

CH3 RX Vref:39.0%, TX Vref:13.2%,13.2%DQ rds:
h3 l0, h6 l0, h5 l0, h5 l0, h3 l0, h1 l0, h3 l0, h1 l0,
h3 l0, h2 l0, h5 l0, h4 l0, h5 l0, h3 l0, h3 l0, h3 l0,

stride=0x2, ddr_config=0x4
hash ch_mask0-1 0x20 0x40, bank_mask0-3 0xa00 0x1400 0x2800 0x0, rank_mask0 0x401000
change to F1: 528MHz
change to F2: 1068MHz
change to F3: 1560MHz
change to F0: 2112MHz
out
U-Boot SPL board init
U-Boot SPL 2017.09-ge4e124926e-230922 #lxh (Sep 25 2023 - 10:58:38), fwver: v1.13
unknown raw ID 0 0 0
unrecognized JEDEC id bytes: 00, 00, 00
Trying to boot from MMC2
MMC: no card present
mmc_init: -123, time 0
spl: mmc init failed with error: -123
Trying to boot from MMC1
Magic is incorrect.
Error validating A/B metadata from disk. Resetting and writing new A/B metadata to disk.
SPL: A/B-slot: _a, successful: 0, tries-remain: 7
Trying fit image at 0x4000 sector
## Verified-boot: 0
## Checking atf-1 0x00040000 (gzip @0x00240000) ... sha256(8fe8402410...) + sha256(a7d1d8d191...) + OK
## Checking uboot 0x00200000 (gzip @0x00400000) ... sha256(c3314ce0b9...) + sha256(17dd54ebe1...) + OK
## Checking fdt 0x0034c058 ... sha256(a434b1c4fe...) + OK
## Checking atf-2 0xff100000 ... sha256(4b2065349b...) + OK
## Checking atf-3 0x000f0000 ... sha256(aa71013e72...) + OK
## Checking optee 0x08400000 (gzip @0x08600000) ... sha256(dfdcb61aa5...) + sha256(b866e4e4a1...) + OK
Jumping to U-Boot(0x00200000) via ARM Trusted Firmware(0x00040000)
Total: 91.571/313.819 ms

INFO:    Preloader serial: 2
NOTICE:  BL31: v2.3():v2.3-682-g4ca8a8422:derrick.huang, fwver: v1.45
NOTICE:  BL31: Built : 10:11:21, Dec 27 2023
INFO:    spec: 0x1
INFO:    code: 0x88
INFO:    ext 32k is valid
INFO:    ddr: stride-en 4CH
INFO:    GICv3 without legacy support detected.
INFO:    ARM GICv3 driver initialized in EL3
INFO:    valid_cpu_msk=0xff bcore0_rst = 0x0, bcore1_rst = 0x0
INFO:    l3 cache partition cfg-0
INFO:    system boots from cpu-hwid-0
INFO:    disable memory repair
INFO:    idle_st=0x21fff, pd_st=0x11fff9, repair_st=0xfff70001
INFO:    dfs DDR fsp_params[0].freq_mhz= 2112MHz
INFO:    dfs DDR fsp_params[1].freq_mhz= 528MHz
INFO:    dfs DDR fsp_params[2].freq_mhz= 1068MHz
INFO:    dfs DDR fsp_params[3].freq_mhz= 1560MHz
INFO:    BL31: Initialising Exception Handling Framework
INFO:    BL31: Initializing runtime services
INFO:    BL31: Initializing BL32
I/TC:
I/TC: OP-TEE version: 3.13.0-791-g185dc3c92 #hisping.lin (gcc version 10.2.1 20201103 (GNU Toolchain for the A-profile Architecture 10.2-2020.11 (arm-10.16))) #2 Tue Apr 16 11:16:18 CST 2024 aarch64, fwver: v1.16
I/TC: OP-TEE memory: TEEOS 0x200000 TA 0xc00000 SHM 0x200000
I/TC: Primary CPU initializing
I/TC: Primary CPU switching to normal world boot
INFO:    BL31: Preparing for EL3 exit to normal world
INFO:    Entry point address = 0x200000
INFO:    SPSR = 0x3c9


U-Boot 2017.09-g8806fce9576-240303-dirty #wlq (Apr 29 2024 - 06:43:13 +0800)

Model: Rockchip RK3588 Evaluation Board
MPIDR: 0x0
PreSerial: 2, raw, 0xfeb50000
DRAM:  8 GiB
Sysmem: init
Relocation Offset: eda11000
Relocation fdt: eb9f9d20 - eb9fecc8
CR: M/C/I
Using default environment

optee api revision: 2.0
mmc@fe2c0000: 1, mmc@fe2e0000: 0
Bootdev(atags): mmc 0
MMC0: HS400 Enhanced Strobe, 200Mhz
PartType: EFI
A/B-slot: _a, successful: 0, tries-remain: 7
DM: v2
RESC: 'resource_a', blk@0x0000e000
Device is: UNLOCKED
DTB: rk-kernel.dtb
HASH(c): OK
Android 13.0, Build 2000.0, v4
boot mode: recovery (misc)
ANDROID: fdt overlay OK
usb dr_mode not found
usb dr_mode not found
spi2: RK806: 2
ON=0x40, OFF=0x00
vdd_gpu_s0 750000 uV
vdd_npu_s0 750000 uV
vdd_log_s0 750000 uV
vdd_vdenc_s0 750000 uV
vdd_gpu_mem_s0 750000 uV
vdd_npu_mem_s0 750000 uV
vdd_vdenc_mem_s0 750000 uV
spi2: RK806: 2
ON=0x40, OFF=0x00
vdd_cpu_big1_s0 init 800000 uV
vdd_cpu_big0_s0 init 800000 uV
vdd_cpu_lit_s0 init 800000 uV
vdd_cpu_big1_mem_s0 init 800000 uV
vdd_cpu_big0_mem_s0 init 800000 uV
vdd_cpu_lit_mem_s0 init 800000 uV
vdd_ddr_s0 850000 uV
get vp0 plane mask:0x5, primary id:2, cursor_plane:-1, from dts
get vp1 plane mask:0xa, primary id:3, cursor_plane:-1, from dts
get vp2 plane mask:0x140, primary id:8, cursor_plane:-1, from dts
get vp3 plane mask:0x280, primary id:9, cursor_plane:-1, from dts
Model: Rockchip RK3588 EVB1 LP4 V10 Board
Minidump: init...
Rockchip UBOOT DRM driver version: v1.0.1
vp0 have layer nr:2[0 2 ], primary plane: 2
vp1 have layer nr:2[1 3 ], primary plane: 3
vp2 have layer nr:2[6 8 ], primary plane: 8
vp3 have layer nr:2[7 9 ], primary plane: 9
disp info 2, type:16, id:0
base2_disp_info couldn't be found, screen_info type[0] or id[0] mismatched
Using display timing dts
dsi@fde20000:  detailed mode clock 132000 kHz, flags[a]
    H: 1080 1095 1099 1129
    V: 1920 1935 1937 1952
bus_format: 100e
VOP update mode to: 1080x1920p60, type: MIPI0 for VP3
VP3 set crtc_clock to 132000KHz
Unsupported bt709f at 10bit csc depth, use bt601f instead
VOP VP3 enable Esmart3[654x270->654x270@213x825] fmt[0] addr[0xedf00000]
final DSI-Link bandwidth: 880000 Kbps x 4
disp info 0, type:11, id:0
hdmi@fde80000 disconnected
disp info 1, type:11, id:1
hdmi@fdea0000 disconnected
CLK: (sync kernel. arm: enter 1008000 KHz, init 1008000 KHz, kernel 0N/A)
  b0pll 24000 KHz
  b1pll 24000 KHz
  lpll 24000 KHz
  v0pll 24000 KHz
  aupll 786431 KHz
  cpll 1500000 KHz
  gpll 1188000 KHz
  npll 850000 KHz
  ppll 1100000 KHz
  aclk_center_root 702000 KHz
  pclk_center_root 100000 KHz
  hclk_center_root 396000 KHz
  aclk_center_low_root 500000 KHz
  aclk_top_root 750000 KHz
  pclk_top_root 100000 KHz
  aclk_low_top_root 396000 KHz
Net:   eth0: ethernet@fe1b0000
Hit key to stop autoboot('CTRL+C'):  0
ANDROID: reboot reason: "recovery"
Vboot=0, AVB images, AVB verify
read_is_device_unlocked() ops returned that device is UNLOCKED
avb_slot_verify.c:763: ERROR: vbmeta_a: Error verifying vbmeta image: OK_NOT_SIGNED
preloaded: distribute image from 'boot_a
preloaded: distribute image from 'vendor_boot_a
preloaded: distribute image from 'init_boot_a
Could not find "system_a" partition
Booting IMAGE kernel at 0x00400000 with fdt at 0x08300000...


Fdt Ramdisk skip relocation
## Booting Android Image at 0x003ff000 ...
Kernel: 0x00400000 - 0x02518a00 (33891 KiB)
v-ramdisk:  0x0a200000 - 0x0bd742ce (28113 KiB)
ramdisk:    0x0bd742ce - 0x0bfa551f (2245 KiB)
bootconfig: 0x0bfa551f - 0x0bfa55be (1 KiB)
bootparams: 0x0bfa55be - 0x0bfa75be
## Flattened Device Tree blob at 0x08300000
   Booting using the fdt blob at 0x08300000
   XIP Kernel Image from 0x00400000 to 0x00400000 ... OK
   kernel loaded at 0x00400000, end = 0x02518a00
   Using Device Tree in place at 0000000008300000, end 000000000834b9f3
## reserved-memory:
  cma: addr=10000000 size=10000000
  drm-logo@0: addr=edf00000 size=15a000
  vendor-storage-rm@00000000: addr=ebd4d000 size=10000
  ramoops@110000: addr=110000 size=e0000
Adding bank: 0x00200000 - 0x08400000 (size: 0x08200000)
Adding bank: 0x09400000 - 0xf0000000 (size: 0xe6c00000)
Adding bank: 0x100000000 - 0x200000000 (size: 0x100000000)
Adding bank: 0x2f0000000 - 0x300000000 (size: 0x10000000)
Total: 838.19/912.376 ms

Starting kernel ...

[    0.000000][    T0] Booting Linux on physical CPU 0x0000000000 [0x412fd050]
[    0.000000][    T0] Linux version 6.1.68-android14-11-g3efaf503ab3f-ab11570560 (build-user@build-host) (Android (10087095, +pgo, +bolt, +lto, -mlgo, based on r487747c) clang version 17.0.2 (https://android.googlesource.com/toolchain/llvm-project d9f89f4d16663d5012e5c09495f3b30ece3d2362), LLD 17.0.2) #1 SMP PREEMPT Wed Mar 13 16:20:30 UTC 2024
[    0.000000][    T0] random: crng init done
[    0.000000][    T0] Machine model: Rockchip RK3588 EVB1 LP4 V10 Board
[    0.000000][    T0] Stack Depot is disabled
[    0.000000][    T0] earlycon: uart8250 at MMIO32 0x00000000feb50000 (options '')
[    0.000000][    T0] printk: bootconsole [uart8250] enabled
[    0.000000][    T0] Enabling dynamic shadow call stack
[    0.000000][    T0] efi: UEFI not found.
[    0.000000][    T0] OF: fdt: Reserved memory: failed to reserve memory for node 'drm-cubic-lut@0': base 0x0000000000000000, size 0 MiB
[    0.000000][    T0] OF: reserved mem: 0x0000000000110000..0x00000000001effff ( 896 KB ) map non-reusable ramoops@110000
[    0.000000][    T0] Reserved memory: created CMA memory pool at 0x0000000010000000, size 256 MiB
[    0.000000][    T0] OF: reserved mem: initialized node cma, compatible id shared-dma-pool
[    0.000000][    T0] OF: reserved mem: 0x0000000010000000..0x000000001fffffff ( 262144 KB ) map reusable cma
[    0.000000][    T0] OF: reserved mem: 0x00000000ebd4d000..0x00000000ebd5cfff ( 64 KB ) map non-reusable vendor-storage-rm@00000000
[    0.000000][    T0] OF: reserved mem: 0x00000000edf00000..0x00000000ee059fff ( 1384 KB ) map non-reusable drm-logo@0
[    0.000000][    T0] Zone ranges:
[    0.000000][    T0]   DMA32    [mem 0x0000000000200000-0x00000000ffffffff]
[    0.000000][    T0]   Normal   [mem 0x0000000100000000-0x00000002ffffffff]
[    0.000000][    T0]   Device   empty
[    0.000000][    T0] Movable zone start for each node
[    0.000000][    T0] Early memory node ranges
[    0.000000][    T0]   node   0: [mem 0x0000000000200000-0x00000000083fffff]
[    0.000000][    T0]   node   0: [mem 0x0000000009400000-0x00000000efffffff]
[    0.000000][    T0]   node   0: [mem 0x0000000100000000-0x00000001ffffffff]
[    0.000000][    T0]   node   0: [mem 0x00000002f0000000-0x00000002ffffffff]
[    0.000000][    T0] Initmem setup node 0 [mem 0x0000000000200000-0x00000002ffffffff]
[    0.000000][    T0] On node 0, zone DMA32: 512 pages in unavailable ranges
[    0.000000][    T0] On node 0, zone DMA32: 4096 pages in unavailable ranges
[    0.000000][    T0] psci: probing for conduit method from DT.
[    0.000000][    T0] psci: PSCIv1.1 detected in firmware.
[    0.000000][    T0] psci: Using standard PSCI v0.2 function IDs
[    0.000000][    T0] psci: Trusted OS migration not required
[    0.000000][    T0] psci: SMC Calling Convention v1.2
[    0.000000][    T0] Load bootconfig: 459 bytes 31 nodes
[    0.000000][    T0] percpu: Embedded 30 pages/cpu s82152 r8192 d32536 u122880
[    0.000000][    T0] Detected VIPT I-cache on CPU0
[    0.000000][    T0] CPU features: SYS_ID_AA64MMFR1_EL1[11:8]: forced to 0
[    0.000000][    T0] CPU features: detected: GIC system register CPU interface
[    0.000000][    T0] CPU features: detected: ARM errata 1165522, 1319367, or 1530923
[    0.000000][    T0] alternatives: applying boot alternatives
[    0.000000][    T0] Built 1 zonelists, mobility grouping on.  Total pages: 2059848
[    0.000000][    T0] Kernel command line: console=ttynull stack_depot_disable=on cgroup_disable=pressure kasan.page_alloc.sample=10 kasan.stacktrace=off kvm-arm.mode=protected bootconfig ioremap_guard storagemedia=emmc console=ttyFIQ0 firmware_class.path=/vendor/etc/firmware init=/init rootwait ro loop.max_part=7 usbcore.autosuspend=-1 usbcore.quirks=325d:6410:k,21c4:0cd1:k,0951:1666:k,058f:6387:e usb-storage.quirks=174c:x55aa:f,152d:0583:f,0bc2:2321:u,05e3:0749:mr kvm-arm.mode=none 8250.nr_uarts=10 bootconfig earlycon=uart8250,mmio32,0xfeb50000 irqchip.gicv3_pseudo_nmi=0 rcupdate.rcu_expedited=1 rcu_nocbs=all pci=nomsi pcie_pme=nomsi  fwver=ddr-v1.17-3488111f83,spl-v1.13,bl31-v1.45,bl32-v1.16,uboot-8806fce957-04/29/2024
[    0.000000][    T0] cgroup: Disabling pressure control group feature
[    0.000000][    T0] Unknown kernel command line parameters "storagemedia=emmc fwver=ddr-v1.17-3488111f83,spl-v1.13,bl31-v1.45,bl32-v1.16,uboot-8806fce957-04/29/2024", will be passed to user space.
[    0.000000][    T0] Dentry cache hash table entries: 1048576 (order: 11, 8388608 bytes, linear)
[    0.000000][    T0] Inode-cache hash table entries: 524288 (order: 10, 4194304 bytes, linear)
[    0.000000][    T0] mem auto-init: stack:all(zero), heap alloc:on, heap free:off
[    0.000000][    T0] software IO TLB: area num 8.
[    0.000000][    T0] software IO TLB: mapped [mem 0x00000000e7d4d000-0x00000000ebd4d000] (64MB)
[    0.000000][    T0] Memory: 7812280K/8370176K available (16256K kernel code, 1954K rwdata, 11440K rodata, 4096K init, 635K bss, 295752K reserved, 262144K cma-reserved)
[    0.000000][    T0] SLUB: HWalign=64, Order=0-3, MinObjects=0, CPUs=8, Nodes=1
[    0.000000][    T0] trace event string verifier disabled
[    0.000000][    T0] rcu: Preemptible hierarchical RCU implementation.
[    0.000000][    T0] rcu:     RCU event tracing is enabled.
[    0.000000][    T0] rcu:     RCU restricting CPUs from NR_CPUS=32 to nr_cpu_ids=8.
[    0.000000][    T0] rcu:     RCU priority boosting: priority 1 delay 500 ms.
[    0.000000][    T0]  All grace periods are expedited (rcu_expedited).
[    0.000000][    T0]  Trampoline variant of Tasks RCU enabled.
[    0.000000][    T0]  Tracing variant of Tasks RCU enabled.
[    0.000000][    T0] rcu: RCU calculated value of scheduler-enlistment delay is 25 jiffies.
[    0.000000][    T0] rcu: Adjusting geometry for rcu_fanout_leaf=16, nr_cpu_ids=8
[    0.000000][    T0] NR_IRQS: 64, nr_irqs: 64, preallocated irqs: 0
[    0.000000][    T0] GICv3: GIC: Using split EOI/Deactivate mode
[    0.000000][    T0] GICv3: 480 SPIs implemented
[    0.000000][    T0] GICv3: 0 Extended SPIs implemented
[    0.000000][    T0] Root IRQ handler: gic_handle_irq
[    0.000000][    T0] GICv3: GICv3 features: 16 PPIs
[    0.000000][    T0] GICv3: CPU0: found redistributor 0 region 0:0x00000000fe680000
[    0.000000][    T0] ITS: No ITS available, not enabling LPIs
[    0.000000][    T0] rcu:     Offload RCU callbacks from CPUs: 0-7.
[    0.000000][    T0] rcu: srcu_init: Setting srcu_struct sizes based on contention.
[    0.000000][    T0] arch_timer: cp15 timer(s) running at 24.00MHz (phys).
[    0.000000][    T0] clocksource: arch_sys_counter: mask: 0xffffffffffffff max_cycles: 0x588fe9dc0, max_idle_ns: 440795202592 ns
[    0.000000][    T0] sched_clock: 56 bits at 24MHz, resolution 41ns, wraps every 4398046511097ns
[    0.002649][    T0] kfence: initialized - using 524288 bytes for 63 objects at 0x(____ptrval____)-0x(____ptrval____)
[    0.003741][    T0] Calibrating delay loop (skipped), value calculated using timer frequency.. 48.00 BogoMIPS (lpj=96000)
[    0.004749][    T0] pid_max: default: 32768 minimum: 301
[    0.005314][    T0] LSM: Security Framework initializing
[    0.005836][    T0] SELinux:  Initializing.
[    0.006410][    T0] Mount-cache hash table entries: 16384 (order: 5, 131072 bytes, linear)
[    0.007184][    T0] Mountpoint-cache hash table entries: 16384 (order: 5, 131072 bytes, linear)
[    0.009670][    T1] cblist_init_generic: Setting adjustable number of callback queues.
[    0.010397][    T1] cblist_init_generic: Setting shift to 3 and lim to 1.
[    0.011128][    T1] cblist_init_generic: Setting adjustable number of callback queues.
[    0.011854][    T1] cblist_init_generic: Setting shift to 3 and lim to 1.
[    0.012668][    T1] rcu: Hierarchical SRCU implementation.
[    0.013173][    T1] rcu:     Max phase no-delay instances is 1000.
[    0.014718][    T1] dyndbg: Ignore empty _ddebug table in a CONFIG_DYNAMIC_DEBUG_CORE build
[    0.016155][    T1] EFI services will not be available.
[    0.017192][    T1] smp: Bringing up secondary CPUs ...
I/TC: Secondary CPU 1 initializing
I/TC: Secondary CPU 1 switching to normal world boot
I/TC: Secondary CPU 2 initializing
I/TC: Secondary CPU 2 switching to normal world boot
I/TC: Secondary CPU 3 initializing
I/TC: Secondary CPU 3 switching to normal world boot
I/TC: Secondary CPU 4 initializing
I/TC: Secondary CPU 4 switching to normal world boot
I/TC: Secondary CPU 5 initializing
I/TC: Secondary CPU 5 switching to normal world boot
I/TC: Secondary CPU 6 initializing
I/TC: Secondary CPU 6 switching to normal world boot
I/TC: Secondary CPU 7 initializing
I/TC: Secondary CPU 7 switching to normal world boot
[    0.019006][    T0] Detected VIPT I-cache on CPU1
[    0.019091][    T0] GICv3: CPU1: found redistributor 100 region 0:0x00000000fe6a0000
[    0.019121][    T0] CPU1: Booted secondary processor 0x0000000100 [0x412fd050]
[    0.020493][    T0] Detected VIPT I-cache on CPU2
[    0.020572][    T0] GICv3: CPU2: found redistributor 200 region 0:0x00000000fe6c0000
[    0.020596][    T0] CPU2: Booted secondary processor 0x0000000200 [0x412fd050]
[    0.021973][    T0] Detected VIPT I-cache on CPU3
[    0.022054][    T0] GICv3: CPU3: found redistributor 300 region 0:0x00000000fe6e0000
[    0.022077][    T0] CPU3: Booted secondary processor 0x0000000300 [0x412fd050]
[    0.023494][    T0] CPU features: detected: Spectre-v4
[    0.023498][    T0] CPU features: detected: Spectre-BHB
[    0.023502][    T0] Detected PIPT I-cache on CPU4
[    0.023547][    T0] GICv3: CPU4: found redistributor 400 region 0:0x00000000fe700000
[    0.023561][    T0] CPU4: Booted secondary processor 0x0000000400 [0x414fd0b0]
[    0.024897][    T0] Detected PIPT I-cache on CPU5
[    0.024948][    T0] GICv3: CPU5: found redistributor 500 region 0:0x00000000fe720000
[    0.024961][    T0] CPU5: Booted secondary processor 0x0000000500 [0x414fd0b0]
[    0.026294][    T0] Detected PIPT I-cache on CPU6
[    0.026344][    T0] GICv3: CPU6: found redistributor 600 region 0:0x00000000fe740000
[    0.026357][    T0] CPU6: Booted secondary processor 0x0000000600 [0x414fd0b0]
[    0.027657][    T0] Detected PIPT I-cache on CPU7
[    0.027707][    T0] GICv3: CPU7: found redistributor 700 region 0:0x00000000fe760000
[    0.027720][    T0] CPU7: Booted secondary processor 0x0000000700 [0x414fd0b0]
[    0.027774][    T1] smp: Brought up 1 node, 8 CPUs
[    0.041725][    T1] SMP: Total of 8 processors activated.
[    0.042245][    T1] CPU features: detected: 32-bit EL0 Support
[    0.042781][    T1] CPU features: detected: Data cache clean to the PoU not required for I/D coherence
[    0.043632][    T1] CPU features: detected: Common not Private translations
[    0.044269][    T1] CPU features: detected: CRC32 instructions
[    0.044805][    T1] CPU features: detected: RCpc load-acquire (LDAPR)
[    0.045394][    T1] CPU features: detected: LSE atomic instructions
[    0.045976][    T1] CPU features: detected: Privileged Access Never
[    0.046551][    T1] CPU features: detected: RAS Extension Support
[    0.047111][    T1] CPU features: detected: Speculative Store Bypassing Safe (SSBS)
[    0.047878][    T1] CPU: All CPU(s) started at EL2
[    0.048328][    T1] alternatives: applying system-wide alternatives
[    0.076834][    T1] Registered cp15_barrier emulation handler
[    0.077367][    T1] Registered setend emulation handler
[    0.077916][    T1] clocksource: jiffies: mask: 0xffffffff max_cycles: 0xffffffff, max_idle_ns: 7645041785100000 ns
[    0.078899][    T1] futex hash table entries: 2048 (order: 5, 131072 bytes, linear)
[    0.080887][    T1] pinctrl core: initialized pinctrl subsystem
[    0.081822][    T1] NET: Registered PF_NETLINK/PF_ROUTE protocol family
[    0.083132][    T1] DMA: preallocated 1024 KiB GFP_KERNEL pool for atomic allocations
[    0.083976][    T1] DMA: preallocated 1024 KiB GFP_KERNEL|GFP_DMA32 pool for atomic allocations
[    0.084791][    T1] audit: initializing netlink subsys (disabled)
[    0.085466][   T75] audit: type=2000 audit(0.076:1): state=initialized audit_enabled=0 res=1
[    0.085605][    T1] thermal_sys: Registered thermal governor 'step_wise'
[    0.086244][    T1] thermal_sys: Registered thermal governor 'user_space'
[    0.086857][    T1] thermal_sys: Registered thermal governor 'power_allocator'
[    0.087495][    T1] cpuidle: using governor menu
[    0.088681][    T1] hw-breakpoint: found 6 breakpoint and 4 watchpoint registers.
[    0.089465][    T1] ASID allocator initialised with 65536 entries
[    0.090068][    T1] Serial: AMBA PL011 UART driver
[    0.091673][    T1] printk: console [ramoops-1] enabled
[    0.092178][    T1] pstore: Registered ramoops as persistent store backend
[    0.092809][    T1] ramoops: using 0xe0000@0x110000, ecc: 0
[    0.095255][    T1] platform mipi0-csi2: Fixed dependency cycle(s) with /csi2-dcphy0/ports/port@1/endpoint@0
[    0.096266][    T1] platform rkcif-mipi-lvds: Fixed dependency cycle(s) with /mipi0-csi2/ports/port@1/endpoint@0
[    0.097290][    T1] platform rkisp0-vir0: Fixed dependency cycle(s) with /rkcif-mipi-lvds-sditf/port/endpoint
[    0.106463][    T1] platform fde20000.dsi: Fixed dependency cycle(s) with /dsi@fde20000/panel@0/ports/port@0/endpoint
[    0.107446][    T1] platform fde20000.dsi: Fixed dependency cycle(s) with /vop@fdd90000/ports/port@3/endpoint@0
[    0.108533][    T1] platform fde50000.dp: Fixed dependency cycle(s) with /vop@fdd90000/ports/port@2/endpoint@0
[    0.109714][    T1] platform fde80000.hdmi: Fixed dependency cycle(s) with /vop@fdd90000/ports/port@0/endpoint@2
[    0.119110][    T1] platform fde60000.dp: Fixed dependency cycle(s) with /vop@fdd90000/ports/port@2/endpoint@5
[    0.120310][    T1] platform fdea0000.hdmi: Fixed dependency cycle(s) with /vop@fdd90000/ports/port@1/endpoint@5
[    0.124959][    T1] KASLR disabled due to lack of seed
[    0.129599][    T1] iommu: Default domain type: Translated
[    0.130115][    T1] iommu: DMA domain TLB invalidation policy: strict mode
[    0.130969][    T1] SCSI subsystem initialized
[    0.131425][    T1] usbcore: registered new interface driver usbfs
[    0.132004][    T1] usbcore: registered new interface driver hub
[    0.132565][    T1] usbcore: registered new device driver usb
[    0.133147][    T1] mc: Linux media interface: v0.10
[    0.133614][    T1] videodev: Linux video capture interface: v2.00
[    0.134206][    T1] pps_core: LinuxPPS API ver. 1 registered
[    0.134726][    T1] pps_core: Software ver. 5.3.6 - Copyright 2005-2007 Rodolfo Giometti <giometti@linux.it>
[    0.135637][    T1] PTP clock support registered
[    0.136073][    T1] EDAC MC: Ver: 3.0.0
[    0.136729][    T1] arm-scmi firmware:scmi: Enabled polling mode TX channel - prot_id:16
[    0.137510][    T1] arm-scmi firmware:scmi: SCMI Notifications - Core Enabled.
[    0.138195][    T1] arm-scmi firmware:scmi: SCMI Protocol v2.0 'rockchip:' Firmware version 0x0
[    0.139358][    T1] Advanced Linux Sound Architecture Driver Initialized.
[    0.140317][    T1] clocksource: Switched to clocksource arch_sys_counter
[    0.141083][    T1] VFS: Disk quotas dquot_6.6.0
[    0.141524][    T1] VFS: Dquot-cache hash table entries: 512 (order 0, 4096 bytes)
[    0.142510][    T1] NET: Registered PF_INET protocol family
[    0.143116][    T1] IP idents hash table entries: 131072 (order: 8, 1048576 bytes, linear)
[    0.146674][    T1] tcp_listen_portaddr_hash hash table entries: 4096 (order: 4, 65536 bytes, linear)
[    0.147578][    T1] Table-perturb hash table entries: 65536 (order: 6, 262144 bytes, linear)
[    0.148394][    T1] TCP established hash table entries: 65536 (order: 7, 524288 bytes, linear)
[    0.149626][    T1] TCP bind hash table entries: 65536 (order: 9, 2097152 bytes, linear)
[    0.151610][    T1] TCP: Hash tables configured (established 65536 bind 65536)
[    0.152331][    T1] UDP hash table entries: 4096 (order: 5, 131072 bytes, linear)
[    0.153146][    T1] UDP-Lite hash table entries: 4096 (order: 5, 131072 bytes, linear)
[    0.154031][    T1] NET: Registered PF_UNIX/PF_LOCAL protocol family
[    0.154630][    T1] NET: Registered PF_XDP protocol family
[    0.155138][    T1] PCI: CLS 0 bytes, default 64
[    0.155868][   T87] Trying to unpack rootfs image as initramfs...
[    0.156781][    T1] hw perfevents: enabled with armv8_pmuv3 PMU driver, 7 counters available
[    0.158200][    T1] kvm [1]: KVM disabled from command line
[    0.159231][    T1] Initialise system trusted keyrings
[    0.159836][    T1] workingset: timestamp_bits=46 max_order=21 bucket_order=0
[    0.163789][    T1] fuse: init (API version 7.37)
[    0.187052][    T1] Key type asymmetric registered
[    0.187499][    T1] Asymmetric key parser 'x509' registered
[    0.188043][    T1] Block layer SCSI generic (bsg) driver version 0.4 loaded (major 238)
[    0.188908][    T1] io scheduler mq-deadline registered
[    0.189392][    T1] io scheduler kyber registered
[    0.189887][    T1] io scheduler bfq registered
[    0.193417][    T1] Serial: 8250/16550 driver, 10 ports, IRQ sharing disabled
[    0.195674][    T1] printk: console [ttynull0] enabled
[    0.199369][    T1] brd: module loaded
[    0.203140][    T1] loop: module loaded
[    0.204593][    T1] wireguard: WireGuard 1.0.0 loaded. See www.wireguard.com for information.
[    0.205379][    T1] wireguard: Copyright (C) 2015-2019 Jason A. Donenfeld <Jason@zx2c4.com>. All Rights Reserved.
[    0.206515][    T1] MACsec IEEE 802.1AE
[    0.207059][    T1] tun: Universal TUN/TAP device driver, 1.6
[    0.208708][    T1] usbcore: registered new interface driver uas
[    0.209274][    T1] usbcore: registered new interface driver usb-storage
[    0.209976][    T1] usbcore: registered new interface driver xpad
[    0.210573][    T1] gspca_main: v2.14.0 registered
[    0.211028][    T1] usbcore: registered new interface driver uvcvideo
[    0.211920][    T1] device-mapper: uevent: version 1.0.3
[    0.212491][    T1] device-mapper: ioctl: 4.47.0-ioctl (2022-07-28) initialised: dm-devel@redhat.com
[    0.213480][    T1] arm-scmi firmware:scmi: Failed. SCMI protocol 19 not active.
[    0.214571][    T1] sdhci: Secure Digital Host Controller Interface driver
[    0.215204][    T1] sdhci: Copyright(c) Pierre Ossman
[    0.215669][    T1] sdhci-pltfm: SDHCI platform and OF driver helper
[    0.216590][    T1] SMCCC: SOC_ID: ID = jep106:0001:0002 Revision = 0xfffffffd
[    0.217277][    T1] hid: raw HID events driver (C) Jiri Kosina
[    0.218142][    T1] usbcore: registered new interface driver usbhid
[    0.218719][    T1] usbhid: USB HID core driver
[    0.219216][    T1] ashmem: initialized
[    0.219869][    T1] gnss: GNSS driver registered with major 503
[    0.220964][    T1] usbcore: registered new interface driver snd-usb-audio
[    0.221772][    T1] GACT probability NOT on
[    0.222163][    T1] Mirror/redirect action on
[    0.222571][    T1] netem: version 1.3
[    0.222947][    T1] u32 classifier
[    0.223261][    T1]     input device check on
[    0.223661][    T1]     Actions configured
[    0.249682][    T1] xt_time: kernel timezone is -0000
[    0.250217][    T1] ipip: IPv4 and MPLS over IPv4 tunneling driver
[    0.250955][    T1] gre: GRE over IPv4 demultiplexor driver
[    0.251467][    T1] ip_gre: GRE over IPv4 tunneling driver
[    0.252288][    T1] IPv4 over IPsec tunneling driver
[    0.252891][    T1] Initializing XFRM netlink socket
[    0.253353][    T1] IPsec XFRM device driver
[    0.253917][    T1] NET: Registered PF_INET6 protocol family
[    0.255468][    T1] Segment Routing with IPv6
[    0.255879][    T1] In-situ OAM (IOAM) with IPv6
[    0.256388][    T1] mip6: Mobile IPv6
[    0.256956][    T1] sit: IPv6, IPv4 and MPLS over IPv4 tunneling driver
[    0.257849][    T1] ip6_gre: GRE over IPv6 tunneling driver
[    0.258507][    T1] NET: Registered PF_PACKET protocol family
[    0.259038][    T1] NET: Registered PF_KEY protocol family
[    0.259622][    T1] NET: Registered PF_VSOCK protocol family
[    0.260611][    T1] registered taskstats version 1
[    0.261066][    T1] Loading compiled-in X.509 certificates
[    0.261871][  T114] cryptomgr_probe (114) used greatest stack depth: 14672 bytes left
[    0.262923][    T1] Loaded X.509 cert 'Build time autogenerated kernel key: 84a98866853730f38019cac14473017c3000d7dc'
[    0.263919][    T1] page_owner is disabled
[    0.264362][    T1] Key type .fscrypt registered
[    0.264785][    T1] Key type fscrypt-provisioning registered
[    0.265437][    T1] pstore: Using crash dump compression: deflate
[    0.268154][    T1] ALSA device list:
[    0.268517][    T1]   No soundcards found.
[    0.302994][   T87] Freeing initrd memory: 30356K
[    0.304291][    T1] Freeing unused kernel memory: 4096K
[    0.320481][    T1] Run /init as init process
[    0.322174][    T1] init: init first stage started!
[    0.326198][    T1] init: Loading module /lib/modules/rockchip_iommu.ko with args ''
[    0.327110][    T1] rockchip_iommu: module verification failed: signature and/or required key missing - tainting kernel
[    0.328623][    T1] Kernel module BTF mismatch detected, BTF debug info may be unavailable for some modules
[    0.330082][    T1] init: Loaded kernel module /lib/modules/rockchip_iommu.ko
[    0.330828][    T1] init: Loading module /lib/modules/rockchip-cpuinfo.ko with args ''
[    0.332147][    T1] init: Loaded kernel module /lib/modules/rockchip-cpuinfo.ko
[    0.332913][    T1] init: Loading module /lib/modules/pinctrl-rockchip.ko with args ''
[    0.337707][    T1] rockchip-pinctrl pinctrl: probed pinctrl
[    0.339037][    T1] init: Loaded kernel module /lib/modules/pinctrl-rockchip.ko
[    0.339841][    T1] init: Loading module /lib/modules/gpio-rockchip.ko with args ''
[    0.341327][    T1] init: Loaded kernel module /lib/modules/gpio-rockchip.ko
[    0.342055][    T1] init: Loading module /lib/modules/grf.ko with args ''
[    0.417830][   T87] febb0000.serial: ttyS8 at MMIO 0xfebb0000 (irq = 15, base_baud = 1500000) is a 16550A
[    0.421366][   T87] rockchip-gpio fd8a0000.gpio: probed /pinctrl/gpio@fd8a0000
[    0.422213][   T87] rockchip-gpio fec20000.gpio: probed /pinctrl/gpio@fec20000
[    0.423027][   T87] rockchip-gpio fec30000.gpio: probed /pinctrl/gpio@fec30000
[    0.423823][   T87] rockchip-gpio fec40000.gpio: probed /pinctrl/gpio@fec40000
[    0.424616][   T87] rockchip-gpio fec50000.gpio: probed /pinctrl/gpio@fec50000
[    0.426720][    T1] system_heap: orders[0] = 6
[    0.427122][    T1] system_heap: orders[1] = 4
[    0.427519][    T1] system_heap: orders[2] = 0
[    0.430205][    T1] i2c_dev: i2c /dev entries driver
[    0.432428][    T1] i2c 2-0022: Fixed dependency cycle(s) with /usbdrd3_0/usb@fc000000/port/endpoint@0
[    0.434131][    T1] i2c 5-001a: Fixed dependency cycle(s) with /csi2-dcphy0/ports/port@0/endpoint@1
[    0.441659][    T1] dma-pl330 fea10000.dma-controller: Loaded driver for PL330 DMAC-241330
[    0.442402][    T1] dma-pl330 fea10000.dma-controller:       DBUFF-128x8bytes Num_Chans-8 Num_Peri-32 Num_Events-16
[    0.444042][    T1] dma-pl330 fea30000.dma-controller: Loaded driver for PL330 DMAC-241330
[    0.444790][    T1] dma-pl330 fea30000.dma-controller:       DBUFF-128x8bytes Num_Chans-8 Num_Peri-32 Num_Events-16
[    0.446340][    T1] dma-pl330 fed10000.dma-controller: Loaded driver for PL330 DMAC-241330
[    0.447080][    T1] dma-pl330 fed10000.dma-controller:       DBUFF-128x8bytes Num_Chans-8 Num_Peri-32 Num_Events-16
[    0.450473][    T1] SPI driver spidev has no spi_device_id for rockchip,spidev
[    0.451162][   T87] rockchip-cpuinfo cpuinfo: SoC            : 35880000
[    0.452849][    T1] rockchip-spi feb20000.spi: no high_speed pinctrl state
[    0.453967][    T1] spi spi2.0: Fixed dependency cycle(s) with /spi@feb20000/rk806master@0/regulators/DCDC_REG10
[    0.454882][    T1] spi spi2.0: Fixed dependency cycle(s) with /spi@feb20000/rk806master@0/regulators/DCDC_REG7
[    0.455810][    T1] spi spi2.0: Fixed dependency cycle(s) with /spi@feb20000/rk806master@0/pinctrl_rk806/rk806_dvs1_pwrdn
[    0.456806][    T1] spi spi2.0: Fixed dependency cycle(s) with /spi@feb20000/rk806master@0/pinctrl_rk806/rk806_dvs3_null
[    0.457776][    T1] spi spi2.0: Fixed dependency cycle(s) with /spi@feb20000/rk806master@0/pinctrl_rk806/rk806_dvs2_null
[    0.458744][    T1] spi spi2.0: Fixed dependency cycle(s) with /spi@feb20000/rk806master@0/pinctrl_rk806/rk806_dvs1_null
[    0.459894][    T1] spi spi2.1: Fixed dependency cycle(s) with /spi@feb20000/rk806slave@1/pinctrl_slave_rk806/rk806_slave_dvs3_null
[    0.460958][    T1] spi spi2.1: Fixed dependency cycle(s) with /spi@feb20000/rk806slave@1/pinctrl_slave_rk806/rk806_slave_dvs2_null
[    0.462014][    T1] spi spi2.1: Fixed dependency cycle(s) with /spi@feb20000/rk806slave@1/pinctrl_slave_rk806/rk806_slave_dvs1_null
[    0.463113][    T1] rockchip-spi feb20000.spi: probed, poll=0, rsd=0, cs-inactive=0, ready=0
[    0.466700][    T1] rk806 spi2.0: chip id: RK806,ver:0x2, 0x0
[    0.467465][    T1] rk806 spi2.0: ON: 0x40 OFF:0x0
[    0.469993][    T1] rk806 spi2.0: no sleep-setting state
[    0.470475][    T1] rk806 spi2.0: no reset-setting pinctrl state
[    0.471013][    T1] rk806 spi2.0: no dvs-setting pinctrl state
[    0.473602][    T1] rk806 spi2.1: chip id: RK806,ver:0x2, 0x0
[    0.474247][    T1] rk806 spi2.1: ON: 0x40 OFF:0x0
[    0.474678][    T1] rk806 spi2.1: low_voltage_threshold missing!
[    0.475214][    T1] rk806 spi2.1: shutdown_voltage_threshold missing!
[    0.475789][    T1] rk806 spi2.1: shutdown_temperture_threshold missing!
[    0.476396][    T1] rk806 spi2.1: hotdie_temperture_threshold missing!
[    0.478734][    T1] rk806 spi2.1: no power-off pinctrl state
[    0.479247][    T1] rk806 spi2.1: no sleep-setting state
[    0.479722][    T1] rk806 spi2.1: no reset-setting pinctrl state
[    0.480259][    T1] rk806 spi2.1: no dvs-setting pinctrl state
[    0.512208][    T1] Registered FIQ tty driver
[    0.514621][    T1] fiq_debugger fiq_debugger.0: error -ENXIO: IRQ fiq not found
[    0.514793][   T87] rk_iommu fdca0000.iommu: av1d iommu enabled
[    0.515292][    T1] fiq_debugger fiq_debugger.0: error -ENXIO: IRQ wakeup not found
[    0.516514][    T1] fiq_debugger_probe: could not install nmi irq handler
[    0.51[    0.517172][    T1] printk: console [ttyFIQ0] enabled
7172][    T1] printk: console [ttyFIQ0] enabled
[    0.518061][   [    0.518061][    T1] printk: bootconsole [uart8250] disabled
 T1] printk: bootconsole [uart8250] disabled
[    0.519093][    T1] Registered fiq debugger ttyFIQ0
[    0.554954][   T10] mmc0: SDHCI controller on fe2e0000.mmc [fe2e0000.mmc] using ADMA
[    0.556193][    T1] Synopsys Designware Multimedia Card Interface Driver
[    0.563298][    T1] optee: probing for conduit method.
[    0.563322][    T1] optee: revision 3.13 (185dc3c9)
[    0.563388][    T1] optee: dynamic shared memory is enabled
[    0.563480][    T1] optee: initialized driver
[    0.565764][    T1] rockchip-thermal fec00000.tsadc: Missing rockchip,grf property
[    0.566632][    T1] rockchip-thermal fec00000.tsadc: tsadc is probed successfully!
[    0.583230][    T1] pwm-backlight backlight: supply power not found, using dummy regulator
[    0.584652][    T1] iep: Module initialized.
[    0.585749][    T1] rockchip-pvtm fda40000.pvtm: pvtm@0 probed
[    0.585862][    T1] rockchip-pvtm fda50000.pvtm: pvtm@1 probed
[    0.585976][    T1] rockchip-pvtm fda60000.pvtm: pvtm@2 probed
[    0.586072][    T1] rockchip-pvtm fdaf0000.pvtm: pvtm@3 probed
[    0.586215][    T1] rockchip-pvtm fdb30000.pvtm: pvtm@4 probed
[    0.589049][    T1] rockchip-system-monitor rockchip-system-monitor: system monitor probe
[    0.604412][    T1] SPI driver panel-simple-spi has no spi_device_id for simple-panel-spi
[    0.611144][   T57] mmc0: Host Software Queue enabled
[    0.611166][   T57] mmc0: new HS400 Enhanced strobe MMC card at address 0001
[    0.611694][   T57] mmcblk0: mmc0:0001 BJTD4R 29.1 GiB
[    0.614472][   T57]  mmcblk0: p1 p2 p3 p4 p5 p6 p7 p8 p9 p10 p11 p12 p13 p14 p15 p16 p17 p18 p19 p20 p21 p22 p23 p24 p25
[    0.615422][   T57] mmcblk0boot0: mmc0:0001 BJTD4R 4.00 MiB
[    0.616141][   T57] mmcblk0boot1: mmc0:0001 BJTD4R 4.00 MiB
[    0.616695][   T57] mmcblk0rpmb: mmc0:0001 BJTD4R 4.00 MiB, chardev (507:0)
[    0.617508][    T1] rockchip-vop2 fdd90000.vop: Adding to iommu group 1
[    0.620762][    T1] mipi-dsi fde20000.dsi.0: Fixed dependency cycle(s) with /dsi@fde20000/ports/port@1/endpoint
[    0.621231][    T1] panel-simple-dsi fde20000.dsi.0: Specify missing connector_type
[    0.634054][    T1] rockchip-hdptx-phy-hdmi fed60000.hdmiphy: hdptx phy init success
[    0.634825][    T1] rockchip-hdptx-phy-hdmi fed70000.hdmiphy: hdptx phy init success
[    0.635848][    T1] rk_videotunnel_driver rkvtunnel: probe start
[    0.635892][    T1] rk_videotunnel_driver rkvtunnel: probe success
[    0.642837][    T1] rk_gmac-dwmac fe1b0000.ethernet: IRQ eth_lpi not found
[    0.643126][    T1] rk_gmac-dwmac fe1b0000.ethernet: supply phy not found, using dummy regulator
[    0.643192][    T1] rk_gmac-dwmac fe1b0000.ethernet: clock input or output? (output).
[    0.643200][    T1] rk_gmac-dwmac fe1b0000.ethernet: TX delay(0x43).
[    0.643207][    T1] rk_gmac-dwmac fe1b0000.ethernet: Can not read property: rx_delay.
[    0.643212][    T1] rk_gmac-dwmac fe1b0000.ethernet: set rx_delay to 0xffffffff
[    0.643235][    T1] rk_gmac-dwmac fe1b0000.ethernet: integrated PHY? (no).
[    0.643242][    T1] rk_gmac-dwmac fe1b0000.ethernet: cannot get clock mac_clk_rx
[    0.643249][    T1] rk_gmac-dwmac fe1b0000.ethernet: cannot get clock mac_clk_tx
[    0.643262][    T1] rk_gmac-dwmac fe1b0000.ethernet: cannot get clock clk_mac_speed
[    0.643543][    T1] rk_gmac-dwmac fe1b0000.ethernet: init for RGMII_RXID
[    0.643759][    T1] rk_gmac-dwmac fe1b0000.ethernet: User ID: 0x30, Synopsys ID: 0x51
[    0.643769][    T1] rk_gmac-dwmac fe1b0000.ethernet:         DWMAC4/5
[    0.643776][    T1] rk_gmac-dwmac fe1b0000.ethernet: DMA HW capability register supported
[    0.643782][    T1] rk_gmac-dwmac fe1b0000.ethernet: RX Checksum Offload Engine supported
[    0.643787][    T1] rk_gmac-dwmac fe1b0000.ethernet: TX Checksum insertion supported
[    0.643793][    T1] rk_gmac-dwmac fe1b0000.ethernet: Wake-Up On Lan supported
[    0.643833][    T1] rk_gmac-dwmac fe1b0000.ethernet: TSO supported
[    0.643840][    T1] rk_gmac-dwmac fe1b0000.ethernet: Enable RX Mitigation via HW Watchdog Timer
[    0.643846][    T1] rk_gmac-dwmac fe1b0000.ethernet: Enabled L3L4 Flow TC (entries=2)
[    0.643852][    T1] rk_gmac-dwmac fe1b0000.ethernet: Enabled RFS Flow TC (entries=10)
[    0.643859][    T1] rk_gmac-dwmac fe1b0000.ethernet: TSO feature enabled
[    0.643865][    T1] rk_gmac-dwmac fe1b0000.ethernet: Using 32/32 bits DMA host/device width
[    0.786542][   T10] ehci-platform fc800000.usb: EHCI Host Controller
[    0.786568][   T10] ehci-platform fc800000.usb: new USB bus registered, assigned bus number 1
[    0.786624][   T10] ehci-platform fc800000.usb: irq 72, io mem 0xfc800000
[    0.796036][   T87] ehci-platform fc880000.usb: EHCI Host Controller
[    0.796057][   T87] ehci-platform fc880000.usb: new USB bus registered, assigned bus number 2
[    0.796108][   T87] ehci-platform fc880000.usb: irq 75, io mem 0xfc880000
[    0.797751][    T8] rockchip-vop2 fdd90000.vop: [drm:vop2_bind [rockchipdrm]] vp0 assign plane mask: 0x5, primary plane phy id: 2
[    0.797979][    T8] rockchip-vop2 fdd90000.vop: [drm:vop2_bind [rockchipdrm]] vp1 assign plane mask: 0xa, primary plane phy id: 3
[    0.798193][    T8] rockchip-vop2 fdd90000.vop: [drm:vop2_bind [rockchipdrm]] vp2 assign plane mask: 0x140, primary plane phy id: 8
[    0.798406][    T8] rockchip-vop2 fdd90000.vop: [drm:vop2_bind [rockchipdrm]] vp3 assign plane mask: 0x280, primary plane phy id: 9
[    0.800325][   T10] ehci-platform fc800000.usb: USB 2.0 started, EHCI 1.00
[    0.800395][   T10] usb usb1: New USB device found, idVendor=1d6b, idProduct=0002, bcdDevice= 6.01
[    0.800404][   T10] usb usb1: New USB device strings: Mfr=3, Product=2, SerialNumber=1
[    0.800411][   T10] usb usb1: Product: EHCI Host Controller
[    0.800417][   T10] usb usb1: Manufacturer: Linux 6.1.68-android14-11-g3efaf503ab3f-ab11570560 ehci_hcd
[    0.800423][   T10] usb usb1: SerialNumber: fc800000.usb
[    0.800579][   T10] hub 1-0:1.0: USB hub found
[    0.800594][   T10] hub 1-0:1.0: 1 port detected
[    0.816332][   T87] ehci-platform fc880000.usb: USB 2.0 started, EHCI 1.00
[    0.834319][    T8] rockchip-vop2 fdd90000.vop: bin=0
[    0.834581][    T8] rockchip-vop2 fdd90000.vop: leakage=29
[    0.834609][    T8] rockchip-vop2 fdd90000.vop: leakage-volt-sel=0
[    0.835539][    T8] rockchip-vop2 fdd90000.vop: avs=0
[    0.835681][    T8] rockchip-vop2 fdd90000.vop: l=-2147483648 h=2147483647 hyst=0 l_limit=0 h_limit=0 h_table=0
[    0.836209][    T8] rockchip-vop2 fdd90000.vop: Supported VOP aclk dvfs, normal mode:500000000, advanced mode:750000000
[    0.836246][    T8] rockchip-drm display-subsystem: bound fdd90000.vop (ops vop2_component_ops [rockchipdrm])
[    0.837835][    T8] dwhdmi-rockchip fde80000.hdmi: registered ddc I2C bus driver
[    0.839797][    T8] dw-hdmi-qp-hdcp dw-hdmi-qp-hdcp.10.auto: dw_hdcp_qp_hdcp_probe success
[    0.839917][    T8] rockchip-drm display-subsystem: bound fde80000.hdmi (ops dw_hdmi_rockchip_ops [rockchipdrm])
[    0.841454][    T8] dwhdmi-rockchip fdea0000.hdmi: registered ddc I2C bus driver
[    0.843341][    T8] dw-hdmi-qp-hdcp dw-hdmi-qp-hdcp.13.auto: dw_hdcp_qp_hdcp_probe success
[    0.843461][    T8] rockchip-drm display-subsystem: bound fdea0000.hdmi (ops dw_hdmi_rockchip_ops [rockchipdrm])
[    0.843764][    T8] rockchip-drm display-subsystem: bound fde20000.dsi (ops dw_mipi_dsi2_ops [rockchipdrm])
[    0.844222][    T8] rockchip-drm display-subsystem: bound fde50000.dp (ops dw_dp_component_ops [rockchipdrm])
[    0.844672][    T8] rockchip-drm display-subsystem: bound fde60000.dp (ops dw_dp_component_ops [rockchipdrm])
[    0.846735][    T8] rockchip-drm display-subsystem: route-hdmi0: failed to get logo,offset
[    0.846760][    T8] rockchip-drm display-subsystem: route-hdmi1: failed to get logo,offset
[    0.858278][    T8] [drm] Initialized rockchip 4.0.0 20140818 for display-subsystem on minor 0
[    0.858644][   T87] usb usb2: New USB device found, idVendor=1d6b, idProduct=0002, bcdDevice= 6.01
[    0.858658][   T87] usb usb2: New USB device strings: Mfr=3, Product=2, SerialNumber=1
[    0.858665][   T87] usb usb2: Product: EHCI Host Controller
[    0.858671][   T87] usb usb2: Manufacturer: Linux 6.1.68-android14-11-g3efaf503ab3f-ab11570560 ehci_hcd
[    0.858678][   T87] usb usb2: SerialNumber: fc880000.usb
[    0.858843][   T87] hub 2-0:1.0: USB hub found
[    0.858858][   T87] hub 2-0:1.0: 1 port detected
[    0.871746][   T87] ohci-platform fc840000.usb: Generic Platform OHCI controller
[    0.871766][   T87] ohci-platform fc840000.usb: new USB bus registered, assigned bus number 3
[    0.871807][   T10] ohci-platform fc8c0000.usb: Generic Platform OHCI controller
[    0.871820][   T87] ohci-platform fc840000.usb: irq 88, io mem 0xfc840000
[    0.871826][   T10] ohci-platform fc8c0000.usb: new USB bus registered, assigned bus number 4
[    0.871878][   T10] ohci-platform fc8c0000.usb: irq 89, io mem 0xfc8c0000
[    0.923019][    T8] phy phy-fd5d4000.syscon:usb2-phy@4000.13: illegal mode
[    0.923050][    T8] xhci-hcd xhci-hcd.14.auto: xHCI Host Controller
[    0.923079][    T8] xhci-hcd xhci-hcd.14.auto: new USB bus registered, assigned bus number 5
[    0.923221][    T8] xhci-hcd xhci-hcd.14.auto: hcc params 0x0220fe64 hci version 0x110 quirks 0x0000000002010010
[    0.923274][    T8] xhci-hcd xhci-hcd.14.auto: irq 90, io mem 0xfc400000
[    0.923446][    T8] xhci-hcd xhci-hcd.14.auto: xHCI Host Controller
[    0.923472][    T8] xhci-hcd xhci-hcd.14.auto: new USB bus registered, assigned bus number 6
[    0.923494][    T8] xhci-hcd xhci-hcd.14.auto: Host supports USB 3.0 SuperSpeed
[    0.923671][    T8] usb usb5: New USB device found, idVendor=1d6b, idProduct=0002, bcdDevice= 6.01
[    0.923693][    T8] usb usb5: New USB device strings: Mfr=3, Product=2, SerialNumber=1
[    0.923710][    T8] usb usb5: Product: xHCI Host Controller
[    0.923725][    T8] usb usb5: Manufacturer: Linux 6.1.68-android14-11-g3efaf503ab3f-ab11570560 xhci-hcd
[    0.923740][    T8] usb usb5: SerialNumber: xhci-hcd.14.auto
[    0.924098][    T8] hub 5-0:1.0: USB hub found
[    0.924146][    T8] hub 5-0:1.0: 1 port detected
[    0.924546][    T8] usb usb6: We don't know the algorithms for LPM for this host, disabling LPM.
[    0.924679][    T8] usb usb6: New USB device found, idVendor=1d6b, idProduct=0003, bcdDevice= 6.01
[    0.924700][    T8] usb usb6: New USB device strings: Mfr=3, Product=2, SerialNumber=1
[    0.924717][    T8] usb usb6: Product: xHCI Host Controller
[    0.924732][    T8] usb usb6: Manufacturer: Linux 6.1.68-android14-11-g3efaf503ab3f-ab11570560 xhci-hcd
[    0.924747][    T8] usb usb6: SerialNumber: xhci-hcd.14.auto
[    0.925099][    T8] hub 6-0:1.0: USB hub found
[    0.925144][    T8] hub 6-0:1.0: 1 port detected
[    0.932477][   T10] usb usb4: New USB device found, idVendor=1d6b, idProduct=0001, bcdDevice= 6.01
[    0.932490][   T10] usb usb4: New USB device strings: Mfr=3, Product=2, SerialNumber=1
[    0.932498][   T10] usb usb4: Product: Generic Platform OHCI controller
[    0.932504][   T10] usb usb4: Manufacturer: Linux 6.1.68-android14-11-g3efaf503ab3f-ab11570560 ohci_hcd
[    0.932510][   T10] usb usb4: SerialNumber: fc8c0000.usb
[    0.932665][   T10] hub 4-0:1.0: USB hub found
[    0.932681][   T10] hub 4-0:1.0: 1 port detected
[    0.932916][   T87] usb usb3: New USB device found, idVendor=1d6b, idProduct=0001, bcdDevice= 6.01
[    0.932931][   T87] usb usb3: New USB device strings: Mfr=3, Product=2, SerialNumber=1
[    0.932939][   T87] usb usb3: Product: Generic Platform OHCI controller
[    0.932945][   T87] usb usb3: Manufacturer: Linux 6.1.68-android14-11-g3efaf503ab3f-ab11570560 ohci_hcd
[    0.932951][   T87] usb usb3: SerialNumber: fc840000.usb
[    0.933104][   T87] hub 3-0:1.0: USB hub found
[    0.933119][   T87] hub 3-0:1.0: 1 port detected
[    0.934940][    T1] usbcore: registered new interface driver usblp
[    0.936607][    T1] usbcore: registered new interface driver cdc_wdm
[    0.937672][    T1] usbcore: registered new interface driver trancevibrator
[    0.939368][    T1] input: adc-keys as /devices/platform/adc-keys/input/input0
[    0.942630][    T1] input: rk805 pwrkey as /devices/platform/feb20000.spi/spi_master/spi2/spi2.0/rk805-pwrkey.1.auto/input/input1
[    0.942854][    T1] rk805-pwrkey rk805-pwrkey.4.auto: device is disabled
[    0.942872][    T1] rk805-pwrkey: probe of rk805-pwrkey.4.auto failed with error -22
[    0.955078][    T1] __power_supply_register: Expected proper parent device for 'test_ac'
[    0.955268][    T1] __power_supply_register: Expected proper parent device for 'test_battery'
[    0.955603][    T1] __power_supply_register: Expected proper parent device for 'test_usb'
[    0.986536][    T1] rtc-hym8563 2-0051: rtc information is invalid
[    0.997426][    T1] rtc-hym8563 2-0051: registered as rtc0
[    0.998476][    T1] rtc-hym8563 2-0051: setting system clock to 2021-01-01T12:00:00 UTC (1609502400)
[    1.007338][    T1] cpu cpu0: bin=0
[    1.007573][    T1] cpu cpu0: leakage=9
[    1.009285][    T1] cpu cpu0: pvtm=1408
[    1.009630][    T1] cpu cpu0: pvtm-volt-sel=0
[    1.011018][    T1] cpu cpu4: bin=0
[    1.011228][    T1] cpu cpu4: leakage=8
[    1.012944][    T1] cpu cpu4: pvtm=1634
[    1.013329][    T1] cpu cpu4: pvtm-volt-sel=2
[    1.014724][    T1] cpu cpu6: bin=0
[    1.014934][    T1] cpu cpu6: leakage=8
[    1.016636][    T1] cpu cpu6: pvtm=1649
[    1.017021][    T1] cpu cpu6: pvtm-volt-sel=3
[    1.020899][    T1] cpu cpu0: avs=0
[    1.023449][    T1] cpu cpu4: avs=0
[    1.025877][    T1] cpu cpu6: avs=0
[    1.026113][    T1] cpu cpu0: l=15000 h=85000 hyst=5000 l_limit=0 h_limit=1608000000 h_table=0
[    1.027263][    T1] cpu cpu0: EM: created perf domain
[    1.028877][    T1] cpu cpu4: l=15000 h=85000 hyst=5000 l_limit=0 h_limit=2208000000 h_table=0
[    1.029696][    T1] cpu cpu4: EM: created perf domain
[    1.031094][    T1] cpu cpu6: l=15000 h=85000 hyst=5000 l_limit=0 h_limit=2208000000 h_table=0
[    1.031870][    T1] cpu cpu6: EM: created perf domain
[    1.038748][    T1] cryptodev: driver 1.12 loaded.
[    1.044298][    T1] rockchip-pm rockchip-suspend: not set pwm-regulator-config
[    1.049175][    T1] rockchip-dmc dmc: bin=0
[    1.049348][    T1] rockchip-dmc dmc: leakage=29
[    1.049353][    T1] rockchip-dmc dmc: leakage-volt-sel=0
[    1.049358][    T1] rockchip-dmc dmc: soc version=0, speed=0
[    1.050186][    T1] rockchip-dmc dmc: avs=0
[    1.050194][    T1] rockchip-dmc dmc: current ATF version 0x100
[    1.050349][    T1] rockchip-dmc dmc: normal_rate = 1560000000
[    1.050353][    T1] rockchip-dmc dmc: reboot_rate = 2112000000
[    1.050356][    T1] rockchip-dmc dmc: suspend_rate = 528000000
[    1.050358][    T1] rockchip-dmc dmc: video_4k_rate = 1560000000
[    1.050361][    T1] rockchip-dmc dmc: video_4k_10b_rate = 1560000000
[    1.050364][    T1] rockchip-dmc dmc: video_svep_rate = 1560000000
[    1.050367][    T1] rockchip-dmc dmc: boost_rate = 2112000000
[    1.050370][    T1] rockchip-dmc dmc: fixed_rate(isp|cif0|cif1|dualview) = 2112000000
[    1.050373][    T1] rockchip-dmc dmc: performance_rate = 2112000000
[    1.050376][    T1] rockchip-dmc dmc: hdmirx_rate = 2112000000
[    1.050378][    T1] rockchip-dmc dmc: deep_suspend_rate = 2112000000
[    1.050383][    T1] rockchip-dmc dmc: failed to get vop bandwidth to dmc rate
[    1.050385][    T1] rockchip-dmc dmc: failed to get vop pn to msch rl
[    1.050536][    T1] rockchip-dmc dmc: l=15000 h=2147483647 hyst=5000 l_limit=0 h_limit=0 h_table=0
[    1.078018][   T10] mali fb000000.gpu: Kernel DDK version g21p0-01eac0
[    1.078140][   T10] mali fb000000.gpu: GPU metrics tracepoint support enabled
[    1.078863][   T10] mali fb000000.gpu: bin=0
[    1.079047][   T10] mali fb000000.gpu: leakage=12
[    1.079075][   T10] debugfs: Directory 'fb000000.gpu-mali' with parent 'vdd_gpu_s0' already present!
[    1.080401][   T10] mali fb000000.gpu: pvtm=834
[    1.080692][   T10] mali fb000000.gpu: pvtm-volt-sel=1
[    1.080731][   T10] debugfs: Directory 'fb000000.gpu-mali' with parent 'vdd_gpu_s0' already present!
[    1.080747][   T10] debugfs: File 'uA_load' in directory '/' already present!
[    1.080753][   T10] debugfs: File 'min_uV' in directory '/' already present!
[    1.080759][   T10] debugfs: File 'max_uV' in directory '/' already present!
[    1.080765][   T10] debugfs: File 'constraint_flags' in directory '/' already present!
[    1.081810][   T10] mali fb000000.gpu: avs=0
[    1.081843][   T10] W : [File] : drivers/gpu/arm/bifrost/platform/rk/mali_kbase_config_rk.c; [Line] : 144; [Func] : kbase_platform_rk_init(); power-off-delay-ms not available.
[    1.082451][   T10] mali fb000000.gpu: Register LUT 000a0800 initialized for GPU arch 0x000a0806
[    1.082478][   T10] mali fb000000.gpu: r0p0 status 5 not found in HW issues table;
[    1.082486][   T10] mali fb000000.gpu: falling back to closest match: r0p0 status 0
[    1.082492][   T10] mali fb000000.gpu: Execution proceeding normally with fallback match
[    1.082498][   T10] mali fb000000.gpu: GPU identified as 0x7 arch 10.8.6 r0p0 status 0
[    1.082595][   T10] mali fb000000.gpu: No priority control manager is configured
[    1.082602][   T10] mali fb000000.gpu: Large page allocation set to false after hardware feature check
[    1.082816][   T10] mali fb000000.gpu: No memory group manager is configured
[    1.082834][   T10] mali fb000000.gpu: Protected memory allocator not available
[    1.084304][   T10] mali fb000000.gpu: EM: created perf domain
[    1.084667][   T10] mali fb000000.gpu: l=15000 h=85000 hyst=5000 l_limit=0 h_limit=800000000 h_table=0
[    1.085442][   T10] mali fb000000.gpu: * MALI kbase_mmap_min_addr compiled to CONFIG_DEFAULT_MMAP_MIN_ADDR, no runtime update possible! *
[    1.085450][   T10] mali fb000000.gpu: Probed as mali0
[    1.089091][    T1] rockchip-csi2-dphy-hw fedc0000.csi2-dphy0-hw: csi2 dphy hw probe successfully!
[    1.089181][    T1] rockchip-csi2-dphy-hw fedc8000.csi2-dphy1-hw: csi2 dphy hw probe successfully!
[    1.093615][    T1] rkcifhw fdce0000.rkcif: Adding to iommu group 17
[    1.094583][    T1] rkcifhw fdce0000.rkcif: No reserved memory region assign to CIF
[    1.094716][    T1] rkcif rkcif-mipi-lvds: Adding to iommu group 17
[    1.094729][    T1] rkcif rkcif-mipi-lvds: rkcif driver version: v00.02.00
[    1.094787][    T1] rkcif rkcif-mipi-lvds: attach to cif hw node
[    1.094791][    T1] rkcif rkcif-mipi-lvds: rkcif wait line 0
[    1.094795][    T1] rkcif rkcif-mipi-lvds: rkcif fastboot reserve bufs num 3
[    1.094802][    T1] : terminal subdev does not exist
[    1.094808][    T1] : terminal subdev does not exist
[    1.094813][    T1] : terminal subdev does not exist
[    1.094817][    T1] : terminal subdev does not exist
[    1.094822][    T1] : get_remote_sensor: video pad[0] is null
[    1.094826][    T1] : rkcif_update_sensor_info: stream[0] get remote sensor_sd failed!
[    1.094832][    T1] : rkcif_scale_set_fmt: req(40, 30) src out(0, 0)
[    1.094837][    T1] : get_remote_sensor: video pad[0] is null
[    1.094841][    T1] : rkcif_update_sensor_info: stream[0] get remote sensor_sd failed!
[    1.094844][    T1] : rkcif_scale_set_fmt: req(40, 30) src out(0, 0)
[    1.094849][    T1] : get_remote_sensor: video pad[0] is null
[    1.094853][    T1] : rkcif_update_sensor_info: stream[0] get remote sensor_sd failed!
[    1.094857][    T1] : rkcif_scale_set_fmt: req(40, 30) src out(0, 0)
[    1.094862][    T1] : get_remote_sensor: video pad[0] is null
[    1.094866][    T1] : rkcif_update_sensor_info: stream[0] get remote sensor_sd failed!
[    1.094870][    T1] : rkcif_scale_set_fmt: req(40, 30) src out(0, 0)
[    1.095166][    T1] rkcif rkcif-mipi-lvds: No memory-region-thunderboot specified
[    1.095953][    T1] rockchip-mipi-csi2-hw fdd10000.mipi0-csi2-hw: enter mipi csi2 hw probe!
[    1.096055][    T1] rockchip-mipi-csi2-hw fdd10000.mipi0-csi2-hw: probe success, v4l2_dev:mipi0-csi2-hw!
[    1.096079][    T1] rockchip-mipi-csi2-hw fdd20000.mipi1-csi2-hw: enter mipi csi2 hw probe!
[    1.096123][    T1] rockchip-mipi-csi2-hw fdd20000.mipi1-csi2-hw: probe success, v4l2_dev:mipi1-csi2-hw!
[    1.096144][    T1] rockchip-mipi-csi2-hw fdd30000.mipi2-csi2-hw: enter mipi csi2 hw probe!
[    1.096183][    T1] rockchip-mipi-csi2-hw fdd30000.mipi2-csi2-hw: probe success, v4l2_dev:mipi2-csi2-hw!
[    1.096206][    T1] rockchip-mipi-csi2-hw fdd40000.mipi3-csi2-hw: enter mipi csi2 hw probe!
[    1.096242][    T1] rockchip-mipi-csi2-hw fdd40000.mipi3-csi2-hw: probe success, v4l2_dev:mipi3-csi2-hw!
[    1.096263][    T1] rockchip-mipi-csi2-hw fdd50000.mipi4-csi2-hw: enter mipi csi2 hw probe!
[    1.096301][    T1] rockchip-mipi-csi2-hw fdd50000.mipi4-csi2-hw: probe success, v4l2_dev:mipi4-csi2-hw!
[    1.096334][    T1] rockchip-mipi-csi2-hw fdd60000.mipi5-csi2-hw: enter mipi csi2 hw probe!
[    1.096374][    T1] rockchip-mipi-csi2-hw fdd60000.mipi5-csi2-hw: probe success, v4l2_dev:mipi5-csi2-hw!
[    1.096650][    T1] rockchip-mipi-csi2 mipi0-csi2: attach to csi2 hw node
[    1.096671][    T1] rkcif rkcif-mipi-lvds: Entity type for entity rockchip-mipi-csi2 was not initialized!
[    1.096677][    T1] rockchip-mipi-csi2: Async registered subdev
[    1.096681][    T1] rockchip-mipi-csi2: probe success, v4l2_dev:rkcif-mipi-lvds!
[    1.101945][    T1] rkisp_hw fdcb0000.rkisp: Adding to iommu group 16
[    1.102084][    T1] rkisp_hw fdcb0000.rkisp: is_thunderboot: 0
[    1.102089][    T1] rkisp_hw fdcb0000.rkisp: Missing rockchip,grf property
[    1.102109][    T1] rkisp_hw fdcb0000.rkisp: max input:0x0@0fps
[    1.102205][    T1] rkisp_hw fdcb0000.rkisp: no find phandle sram
[    1.102500][    T1] rkisp rkisp0-vir0: rkisp driver version: v02.06.00
[    1.102586][    T1] rkisp rkisp0-vir0: No memory-region-thunderboot specified
[    1.102628][    T1] rkisp rkisp0-vir0: Entity type for entity rkisp-isp-subdev was not initialized!
[    1.105713][    T1] ircut cam_ircut: driver version: 00.01.00
[    1.105935][    T1] ircut cam_ircut: failed get pulse-width,use dafult value 100
[    1.105988][    T1] ircut cam_ircut: probe successful!
[    1.109780][    T1] imx415 5-001a: driver version: 00.01.08
[    1.109792][    T1] imx415 5-001a:  Get hdr mode failed! no hdr default
[    1.109801][    T1] imx415 5-001a: detect imx415 lane 4
[    1.109815][    T1] imx415 5-001a: Failed to get reset-gpios
[    1.109821][    T1] imx415 5-001a: Failed to get power-gpios
[    1.109825][    T1] imx415 5-001a: could not get default pinstate
[    1.109829][    T1] imx415 5-001a: could not get sleep pinstate
[    1.109888][    T1] imx415 5-001a: supply dvdd not found, using dummy regulator
[    1.109955][    T1] imx415 5-001a: supply dovdd not found, using dummy regulator
[    1.179377][    T1] imx415 5-001a: Detected imx415 id 0000e0
[    1.186744][    T1] imx415 5-001a: Consider updating driver imx415 to match on endpoints
[    1.186758][    T1] rockchip-csi2-dphy csi2-dcphy0: dphy0 matches m00_b_imx415 5-001a:bus type 5
[    1.186927][    T1] rkcif-mipi-lvds: Async subdev notifier completed
[    1.186933][    T1] rockchip-csi2-dphy csi2-dcphy0: csi2 dphy0 probe successfully!
[    1.187161][  T176] rkisp0-vir0: Async subdev notifier completed
[    1.187232][  T176] notifier isp (176) used greatest stack depth: 13008 bytes left
[    1.191147][    T1] rk_hdmirx fdee0000.hdmirx-controller: No reserved memory for HDMIRX, use default CMA
[    1.191189][    T1] rk_hdmirx fdee0000.hdmirx-controller: hdmirx_probe: cpu_aff:0x500, Bound_cpu:5, wdt_cfg_bound_cpu:6, phy_cpuid:5
[    1.191668][    T1] rk_hdmirx fdee0000.hdmirx-controller: hdmirx_audio_interrupts_setup: 0
[    1.192554][    T1] rk_hdmirx fdee0000.hdmirx-controller: rk_hdmirx_hdcp_register success
[    1.192595][    T1] rk_hdmirx fdee0000.hdmirx-controller: fdee0000.hdmirx-controller driver probe ok!
[    1.203394][    T1] printk: init: 409 output lines suppressed due to ratelimiting
[    1.211768][    T1] init: Failed to open device-mapper: No such file or directory
[    1.211795][    T1] init: DM_DEV_STATUS failed for system_ext_a: Bad file descriptor
[    1.211801][    T1] init: Could not update logical partition
[    1.211837][    T1] init: DM_DEV_STATUS failed for system_ext_a: Bad file descriptor
[    1.211843][    T1] init: Could not update logical partition
[    1.211879][    T1] init: DM_DEV_STATUS failed for product_a: Bad file descriptor
[    1.211885][    T1] init: Could not update logical partition
[    1.211917][    T1] init: DM_DEV_STATUS failed for product_a: Bad file descriptor
[    1.211923][    T1] init: Could not update logical partition
[    1.211940][    T1] init: Opening SELinux policy
[    1.223975][    T1] SELinux:  Permission bpf in class capability2 not defined in policy.
[    1.223999][    T1] SELinux:  Permission checkpoint_restore in class capability2 not defined in policy.
[    1.224014][    T1] SELinux:  Permission bpf in class cap2_userns not defined in policy.
[    1.224019][    T1] SELinux:  Permission checkpoint_restore in class cap2_userns not defined in policy.
[    1.224071][    T1] SELinux:  Class mctp_socket not defined in policy.
[    1.224082][    T1] SELinux:  Class user_namespace not defined in policy.
[    1.224087][    T1] SELinux: the above unknown classes and permissions will be denied
[    1.227038][    T1] SELinux:  policy capability network_peer_controls=1
[    1.227057][    T1] SELinux:  policy capability open_perms=1
[    1.227061][    T1] SELinux:  policy capability extended_socket_class=1
[    1.227065][    T1] SELinux:  policy capability always_check_network=0
[    1.227069][    T1] SELinux:  policy capability cgroup_seclabel=0
[    1.227073][    T1] SELinux:  policy capability nnp_nosuid_transition=1
[    1.227078][    T1] SELinux:  policy capability genfs_seclabel_symlinks=0
[    1.227082][    T1] SELinux:  policy capability ioctl_skip_cloexec=0
[    1.303318][   T75] audit: type=1403 audit(1609502400.800:2): auid=4294967295 ses=4294967295 lsm=selinux res=1
[    1.306815][    T1] printk: init: 12 output lines suppressed due to ratelimiting
[    1.314489][    T1] init: init second stage started!
[    1.317791][    T1] init: Could not read properties from '/dev/selinux/apex_property_contexts': No such file or directory
[    1.321923][    T1] selinux: SELinux: Loaded file context from:
[    1.321934][    T1] selinux:                 /plat_file_contexts
[    1.321939][    T1] selinux:                 /system_ext_file_contexts
[    1.321942][    T1] selinux:                 /product_file_contexts
[    1.321947][    T1] selinux:                 /vendor_file_contexts
[    1.321951][    T1] selinux:                 /odm_file_contexts
[    1.329026][    T1] init: Using Android DT directory /proc/device-tree/firmware/android/
[    1.330862][    T1] init: Couldn't load property file '/system/build.prop': open() failed: No such file or directory
[    1.353975][   T75] audit: type=1400 audit(1609502400.852:3): avc:  denied  { sys_nice } for  pid=181 comm="ueventd" capability=23  scontext=u:r:ueventd:s0 tcontext=u:r:ueventd:s0 tclass=capability permissive=1
[    1.354196][  T181] ueventd: ueventd started!
[    1.355733][  T181] selinux: SELinux: Loaded file context from:
[    1.355743][  T181] selinux:                 /plat_file_contexts
[    1.355748][  T181] selinux:                 /system_ext_file_contexts
[    1.355752][  T181] selinux:                 /product_file_contexts
[    1.355757][  T181] selinux:                 /vendor_file_contexts
[    1.355761][  T181] selinux:                 /odm_file_contexts
[    1.355898][  T181] ueventd: Parsing file /system/etc/ueventd.rc...
[    1.355925][  T181] ueventd: Added '/vendor/etc/ueventd.rc' to import list
[    1.355933][  T181] ueventd: Added '/odm/etc/ueventd.rc' to import list
[    1.434260][  T184] ueventd (184) used greatest stack depth: 12496 bytes left
[    1.601644][    T1] file system registered
[    1.605067][  T195] recovery_udc_de (195) used greatest stack depth: 12432 bytes left
# [    1.616430][  T194] servicemanager: Starting sm instance on /dev/binder
[    1.620627][  T194] SELinux: SELinux: Loaded service context from:
[    1.620719][  T194] SELinux:                 /plat_service_contexts
[    1.620769][  T194] SELinux:                 /system_ext_service_contexts
[    1.620815][  T194] SELinux:                 /product_service_contexts
[    1.620860][  T194] SELinux:                 /vendor_service_contexts
[    1.622399][  T194] cutils-trace: Error opening trace file: No such file or directory (2)
[    1.622627][  T194] servicemanager: getRecoveryHalManifest: Reading VINTF information.
[    1.623010][  T194] servicemanager: getRecoveryHalManifest: Successfully processed VINTF information
[    1.623027][  T194] servicemanager: Found android.hardware.fastboot.IFastboot/default in recovery VINTF manifest.
[    1.629482][  T200] healthd: BatteryCycleCountPath not found
[    1.629507][  T200] healthd: batteryStateOfHealthPath not found
[    1.629518][  T200] healthd: batteryHealthStatusPath not found
[    1.629529][  T200] healthd: batteryManufacturingDatePath not found
[    1.629540][  T200] healthd: batteryFirstUsageDatePath not found
[    1.629550][  T200] healthd: chargingStatePath not found
[    1.629560][  T200] healthd: chargingPolicyPath not found
[    1.629763][  T200] android.hardware.health-service.rockchip_recovery: Starting health HAL.
[    1.629856][  T200] android.hardware.health-service.rockchip_recovery: default instance initializing with healthd_config...
[    1.630557][  T200] cutils-trace: Error opening trace file: No such file or directory (2)
[    1.635075][   T75] audit: type=1400 audit(1609502401.132:4): avc:  denied  { append } for  pid=198 comm="recovery" name="ttynull" dev="tmpfs" ino=566 scontext=u:r:recovery:s0 tcontext=u:object_r:device:s0 tclass=chr_file permissive=1
[    1.635101][   T75] audit: type=1400 audit(1609502401.132:5): avc:  denied  { open } for  pid=198 comm="recovery" path="/dev/ttynull" dev="tmpfs" ino=566 scontext=u:r:recovery:s0 tcontext=u:object_r:device:s0 tclass=chr_file permissive=1
[    1.636770][  T198] recovery: Boot command: boot-recovery
[    1.636791][  T198] recovery: Got 2 arguments from boot message
[    1.638428][  T198] recovery: [libfs_mgr] superblock s_max_mnt_count:65535,/dev/block/by-name/cache
[    1.638455][  T198] recovery: [libfs_mgr] Filesystem on /dev/block/by-name/cache was not cleanly shutdown; state flags: 0x1, incompat feature flags: 0x46
[    1.638496][  T198] EXT4-fs: Ignoring removed nomblk_io_submit option
[    1.641668][  T198] EXT4-fs (mmcblk0p20): recovery complete
[    1.642062][  T198] EXT4-fs (mmcblk0p20): mounted filesystem with ordered data mode. Quota mode: none.
[    1.642139][  T198] recovery: [libfs_mgr] check_fs(): mount(/dev/block/by-name/cache,/cache,ext4)=0: Success
[    1.642319][  T198] EXT4-fs (mmcblk0p20): unmounting filesystem.
[    1.643003][  T198] recovery: [libfs_mgr] umount_retry(): unmount(/cache) succeeded
[    1.643062][  T198] recovery: [libfs_mgr] Not running /system/bin/e2fsck on /dev/block/mmcblk0p20 (executable not in system image)
[    1.644500][  T198] EXT4-fs (mmcblk0p20): mounted filesystem with ordered data mode. Quota mode: none.
[    1.644547][  T198] recovery: [libfs_mgr] __mount(source=/dev/block/by-name/cache,target=/cache,type=ext4)=0: Success
[    1.646098][  T198] recovery: Failed to read max brightness: No such file or directory
[    1.646109][  T198] recovery: Screensaver disabled
[    1.783210][  T214] read descriptors
[    1.783234][  T214] read strings
[    1.808903][  T198] fsck.f2fs: Info: Fix the reported corruption.
[    1.808922][  T198] fsck.f2fs: Info: not exist /proc/version!
[    1.809774][  T198] fsck.f2fs: Info: MKFS version
[    1.809778][  T198] fsck.f2fs:   "6.1.75-android14-11-g8942136b2744-ab11900366"
[    1.809782][  T198] fsck.f2fs: Info: FSCK version
[    1.809786][  T198] fsck.f2fs:   from "6.1.75-android14-11-g8942136b2744-ab11900366"
[    1.809792][  T198] fsck.f2fs:     to "6.1.68-android14-11-g3efaf503ab3f-ab11570560"
[    1.809797][  T198] fsck.f2fs: Info: superblock features = 499 :  encrypt verity extra_attr project_quota quota_ino
[    1.809817][  T198] fsck.f2fs: Info: superblock encrypt level = 0, salt = 00000000000000000000000000000000
[    1.809821][  T198] fsck.f2fs: Info: Segments per section = 1
[    1.886503][  T198] F2FS-fs (mmcblk0p21): Mounted with checkpoint version = 48beaa7a
[    1.887505][   T75] audit: type=1400 audit(1609502401.384:6): avc:  denied  { open } for  pid=198 comm="recovery" path="/dev/__properties__/u:object_r:aac_drc_prop:s0" dev="tmpfs" ino=14 scontext=u:r:recovery:s0 tcontext=u:object_r:aac_drc_prop:s0 tclass=file permissive=1
[    1.887530][   T75] audit: type=1400 audit(1609502401.384:7): avc:  denied  { getattr } for  pid=198 comm="recovery" path="/dev/__properties__/u:object_r:aac_drc_prop:s0" dev="tmpfs" ino=14 scontext=u:r:recovery:s0 tcontext=u:object_r:aac_drc_prop:s0 tclass=file permissive=1
[    1.887541][   T75] audit: type=1400 audit(1609502401.384:8): avc:  denied  { map } for  pid=198 comm="recovery" path="/dev/__properties__/u:object_r:aac_drc_prop:s0" dev="tmpfs" ino=14 scontext=u:r:recovery:s0 tcontext=u:object_r:aac_drc_prop:s0 tclass=file permissive=1
[    1.887771][   T75] audit: type=1400 audit(1609502401.384:9): avc:  denied  { open } for  pid=198 comm="recovery" path="/dev/__properties__/u:object_r:adaptive_haptics_prop:s0" dev="tmpfs" ino=17 scontext=u:r:recovery:s0 tcontext=u:object_r:adaptive_haptics_prop:s0 tclass=file permissive=1
[    1.887784][   T75] audit: type=1400 audit(1609502401.384:10): avc:  denied  { getattr } for  pid=198 comm="recovery" path="/dev/__properties__/u:object_r:adaptive_haptics_prop:s0" dev="tmpfs" ino=17 scontext=u:r:recovery:s0 tcontext=u:object_r:adaptive_haptics_prop:s0 tclass=file permissive=1
[    2.502063][  T166] android_work: sent uevent USB_STATE=CONNECTED
[    2.663472][  T198] EXT4-fs (mmcblk0p20): unmounting filesystem.
[    2.713867][  T198] EXT4-fs: Ignoring removed nomblk_io_submit option
[    2.715431][  T198] EXT4-fs (mmcblk0p20): mounted filesystem with ordered data mode. Quota mode: none.
[    2.715611][  T198] EXT4-fs (mmcblk0p20): unmounting filesystem.
[    2.718360][  T198] EXT4-fs (mmcblk0p20): mounted filesystem with ordered data mode. Quota mode: none.
[    2.817878][  T166] android_work: sent uevent USB_STATE=CONFIGURED
[    2.916094][  T198] EXT4-fs (mmcblk0p20): unmounting filesystem.
[    2.961899][    T1] rkisp_hw fdcb0000.rkisp: rkisp_hw_shutdown
[    3.037646][    T1] rockchip-vop2 fdd90000.vop: [drm:vop2_crtc_atomic_disable [rockchipdrm]] Crtc atomic disable vp3
[    3.111326][    T1] xhci-hcd xhci-hcd.14.auto: remove, state 1
[    3.111859][    T1] usb usb6: USB disconnect, device number 1
[    3.112827][    T1] xhci-hcd xhci-hcd.14.auto: USB bus 6 deregistered
[    3.113419][    T1] xhci-hcd xhci-hcd.14.auto: remove, state 1
[    3.113942][    T1] usb usb5: USB disconnect, device number 1
[    3.115011][    T1] xhci-hcd xhci-hcd.14.auto: USB bus 5 deregistered
[    3.117827][  T230] UsbFfs-worker (230) used greatest stack depth: 12056 bytes left
[    3.120467][  T166] android_work: sent uevent USB_STATE=DISCONNECTED
[    3.121048][    T1] dwc3 fc000000.usb: request 0000000000000000 was not queued to ep0out
[    3.133084][  T207] printk: recovery: 10 output lines suppressed due to ratelimiting
[    3.148487][  T207] printk: recovery: 27 output lines suppressed due to ratelimiting
[    3.215478][   T57] rk_hdmirx fdee0000.hdmirx-controller: hdmirx_cancel_cpu_limit_freq freq qos nod add
[    3.268679][  T214] read descriptors
[    3.269004][  T214] read strings
[    3.324451][    T1] reboot: Restarting system with command 'userrequested,recovery'


DDR 3488111f83 cym 24/04/12-12:49:26,fwver: v1.17
LPDDR4, 2112MHz
channel[0] BW=16 Col=10 Bk=8 CS0 Row=16 CS1 Row=16 CS=2 Die BW=16 Size=2048MB
channel[1] BW=16 Col=10 Bk=8 CS0 Row=16 CS1 Row=16 CS=2 Die BW=16 Size=2048MB
channel[2] BW=16 Col=10 Bk=8 CS0 Row=16 CS1 Row=16 CS=2 Die BW=16 Size=2048MB
channel[3] BW=16 Col=10 Bk=8 CS0 Row=16 CS1 Row=16 CS=2 Die BW=16 Size=2048MB
Manufacturer ID:0x6
CH0 RX Vref:37.7%, TX Vref:13.2%,13.2%DQ rds:
h4 l0, h2 l0, h3 l0, h1 l0, h5 l0, h4 l0, h7 l0, h2 l0,
h4 l0, h3 l0, h1 l0, h3 l0, h1 l0, h3 l0, h3 l0, h1 l0,

CH1 RX Vref:36.5%, TX Vref:13.2%,13.2%DQ rds:
h2 l0, h4 l0, h6 l0, h1 l0, h2 l0, h1 l0, h2 l0, h4 l0,
h2 l0, h1 l0, h1 l0, h0 l0, h4 l0, h1 l0, h3 l0, h2 l0,

CH2 RX Vref:37.7%, TX Vref:13.2%,13.2%DQ rds:
h6 l0, h3 l0, h1 l0, h2 l0, h1 l0, h4 l0, h3 l0, h1 l0,
h1 l0, h3 l0, h3 l0, h2 l0, h2 l0, h5 l0, h0 l0, h1 l0,

CH3 RX Vref:39.8%, TX Vref:13.2%,13.2%DQ rds:
h3 l0, h6 l0, h7 l0, h2 l0, h2 l0, h1 l0, h2 l0, h2 l0,
h3 l0, h3 l0, h7 l0, h5 l0, h7 l0, h3 l0, h3 l0, h5 l0,

stride=0x2, ddr_config=0x4
hash ch_mask0-1 0x20 0x40, bank_mask0-3 0xa00 0x1400 0x2800 0x0, rank_mask0 0x401000
change to F1: 528MHz
change to F2: 1068MHz
change to F3: 1560MHz
change to F0: 2112MHz
out
U-Boot SPL board init
U-Boot SPL 2017.09-ge4e124926e-230922 #lxh (Sep 25 2023 - 10:58:38), fwver: v1.13
unknown raw ID 0 0 0
unrecognized JEDEC id bytes: 00, 00, 00
Trying to boot from MMC2
MMC: no card present
mmc_init: -123, time 0
spl: mmc init failed with error: -123
Trying to boot from MMC1
SPL: A/B-slot: _a, successful: 1, tries-remain: 0
Trying fit image at 0x4000 sector
## Verified-boot: 0
## Checking atf-1 0x00040000 (gzip @0x00240000) ... sha256(384bdb2c4e...) + sha256(64122e141b...) + OK
## Checking uboot 0x00200000 (gzip @0x00400000) ... sha256(bd6f66ec95...) + sha256(29076a8914...) + OK
## Checking fdt 0x0034d2b8 ... sha256(a434b1c4fe...) + OK
## Checking atf-2 0xff100000 ... sha256(ce8968e34f...) + OK
## Checking atf-3 0x000f0000 ... sha256(ce48b69fdd...) + OK
## Checking optee 0x08400000 (gzip @0x08600000) ... sha256(512e906dac...) + sha256(b866e4e4a1...) + OK
Jumping to U-Boot(0x00200000) via ARM Trusted Firmware(0x00040000)
Total: 90.209/313.185 ms

INFO:    Preloader serial: 2
NOTICE:  BL31: v2.3():v2.3-765-g588059758:derrick.huang, fwver: v1.46
NOTICE:  BL31: Built : 18:13:16, Apr 29 2024
INFO:    spec: 0x1
INFO:    code: 0x88
INFO:    ext 32k is valid
INFO:    ddr: stride-en 4CH
INFO:    GICv3 without legacy support detected.
INFO:    ARM GICv3 driver initialized in EL3
INFO:    valid_cpu_msk=0xff bcore0_rst = 0x0, bcore1_rst = 0x0
INFO:    l3 cache partition cfg-0
INFO:    system boots from cpu-hwid-0
INFO:    disable memory repair
INFO:    idle_st=0x21fff, pd_st=0x11fff9, repair_st=0xfff70001
INFO:    dfs DDR fsp_params[0].freq_mhz= 2112MHz
INFO:    dfs DDR fsp_params[1].freq_mhz= 528MHz
INFO:    dfs DDR fsp_params[2].freq_mhz= 1068MHz
INFO:    dfs DDR fsp_params[3].freq_mhz= 1560MHz
INFO:    BL31: Initialising Exception Handling Framework
INFO:    BL31: Initializing runtime services
INFO:    BL31: Initializing BL32
I/TC:
I/TC: OP-TEE version: 3.13.0-791-g185dc3c92 #hisping.lin (gcc version 10.2.1 20201103 (GNU Toolchain for the A-profile Architecture 10.2-2020.11 (arm-10.16))) #2 Tue Apr 16 11:16:18 CST 2024 aarch64, fwver: v1.16
I/TC: OP-TEE memory: TEEOS 0x200000 TA 0xc00000 SHM 0x200000
I/TC: Primary CPU initializing
I/TC: Primary CPU switching to normal world boot
INFO:    BL31: Preparing for EL3 exit to normal world
INFO:    Entry point address = 0x200000
INFO:    SPSR = 0x3c9


U-Boot 2017.09-g688a738-dirty #adv (Oct 29 2024 - 12:47:58 +0800)

Model: Rockchip RK3588 Evaluation Board
MPIDR: 0x0
PreSerial: 2, raw, 0xfeb50000
DRAM:  8 GiB
Sysmem: init
Relocation Offset: eda10000
Relocation fdt: eb9f9f80 - eb9fecc8
CR: M/C/I
Using default environment

optee api revision: 2.0
mmc@fe2c0000: 1, mmc@fe2e0000: 0
Bootdev(atags): mmc 0
MMC0: HS400 Enhanced Strobe, 200Mhz
PartType: EFI
A/B-slot: _a, successful: 1, tries-remain: 0
DM: v2
RESC: 'resource_a', blk@0x0000e000
Device is: UNLOCKED
DTB: rk-kernel.dtb
HASH(c): OK
Android 13.0, Build 2000.0, v4
boot mode: None
ANDROID: fdt overlay OK
usb dr_mode not found
usb dr_mode not found
spi2: RK806: 2
ON=0x40, OFF=0x00
vdd_gpu_s0 750000 uV
vdd_npu_s0 750000 uV
vdd_log_s0 750000 uV
vdd_vdenc_s0 750000 uV
vdd_gpu_mem_s0 750000 uV
vdd_npu_mem_s0 750000 uV
vdd_vdenc_mem_s0 750000 uV
spi2: RK806: 2
ON=0x40, OFF=0x00
vdd_cpu_big1_s0 init 800000 uV
vdd_cpu_big0_s0 init 800000 uV
vdd_cpu_lit_s0 init 800000 uV
vdd_cpu_big1_mem_s0 init 800000 uV
vdd_cpu_big0_mem_s0 init 800000 uV
vdd_cpu_lit_mem_s0 init 800000 uV
vdd_ddr_s0 850000 uV
get vp0 plane mask:0x5, primary id:2, cursor_plane:-1, from dts
get vp1 plane mask:0xa, primary id:3, cursor_plane:-1, from dts
get vp2 plane mask:0x140, primary id:8, cursor_plane:-1, from dts
get vp3 plane mask:0x280, primary id:9, cursor_plane:-1, from dts
Model: Rockchip RK3588 EVB1 LP4 V10 Board
Minidump: init...
Rockchip UBOOT DRM driver version: v1.0.1
vp0 have layer nr:2[0 2 ], primary plane: 2
vp1 have layer nr:2[1 3 ], primary plane: 3
vp2 have layer nr:2[6 8 ], primary plane: 8
vp3 have layer nr:2[7 9 ], primary plane: 9
disp info 2, type:16, id:0
base2_disp_info couldn't be found, screen_info type[0] or id[0] mismatched
Using display timing dts
dsi@fde20000:  detailed mode clock 132000 kHz, flags[a]
    H: 1080 1095 1099 1129
    V: 1920 1935 1937 1952
bus_format: 100e
VOP update mode to: 1080x1920p60, type: MIPI0 for VP3
VP3 set crtc_clock to 132000KHz
Unsupported bt709f at 10bit csc depth, use bt601f instead
VOP VP3 enable Esmart3[654x270->654x270@213x825] fmt[0] addr[0xedf00000]
final DSI-Link bandwidth: 880000 Kbps x 4
disp info 0, type:11, id:0
hdmi@fde80000 disconnected
disp info 1, type:11, id:1
hdmi@fdea0000 disconnected
CLK: (sync kernel. arm: enter 1008000 KHz, init 1008000 KHz, kernel 0N/A)
  b0pll 24000 KHz
  b1pll 24000 KHz
  lpll 24000 KHz
  v0pll 24000 KHz
  aupll 786431 KHz
  cpll 1500000 KHz
  gpll 1188000 KHz
  npll 850000 KHz
  ppll 1100000 KHz
  aclk_center_root 702000 KHz
  pclk_center_root 100000 KHz
  hclk_center_root 396000 KHz
  aclk_center_low_root 500000 KHz
  aclk_top_root 750000 KHz
  pclk_top_root 100000 KHz
  aclk_low_top_root 396000 KHz
Net:   eth0: ethernet@fe1b0000
Hit key to stop autoboot('CTRL+C'):  0
ANDROID: reboot reason: "(none)"
Vboot=0, AVB images, AVB verify
read_is_device_unlocked() ops returned that device is UNLOCKED
avb_slot_verify.c:763: ERROR: vbmeta_a: Error verifying vbmeta image: OK_NOT_SIGNED
preloaded: distribute image from 'boot_a
preloaded: distribute image from 'vendor_boot_a
preloaded: distribute image from 'init_boot_a
Could not find "system_a" partition
Booting IMAGE kernel at 0x00400000 with fdt at 0x08300000...


Fdt Ramdisk skip relocation
## Booting Android Image at 0x003ff000 ...
Kernel: 0x00400000 - 0x02539a00 (34023 KiB)
v-ramdisk:  0x0a200000 - 0x0c077bf0 (31199 KiB)
ramdisk:    0x0c077bf0 - 0x0c2a8e44 (2245 KiB)
bootconfig: 0x0c2a8e44 - 0x0c2a8ec4 (1 KiB)
bootparams: 0x0c2a8ec4 - 0x0c2aaec4
## Flattened Device Tree blob at 0x08300000
   Booting using the fdt blob at 0x08300000
   XIP Kernel Image from 0x00400000 to 0x00400000 ... OK
   kernel loaded at 0x00400000, end = 0x02539a00
   Using Device Tree in place at 0000000008300000, end 000000000834bc22
## reserved-memory:
  cma: addr=10000000 size=10000000
  drm-logo@0: addr=edf00000 size=15a000
  vendor-storage-rm@00000000: addr=ebd4c000 size=10000
  ramoops@110000: addr=110000 size=e0000
Adding bank: 0x00200000 - 0x08400000 (size: 0x08200000)
Adding bank: 0x09400000 - 0xf0000000 (size: 0xe6c00000)
Adding bank: 0x100000000 - 0x200000000 (size: 0x100000000)
Adding bank: 0x2f0000000 - 0x300000000 (size: 0x10000000)
Total: 838.160/913.632 ms

Starting kernel ...

[    0.000000][    T0] Booting Linux on physical CPU 0x0000000000 [0x412fd050]
[    0.000000][    T0] Linux version 6.1.75-android14-11-g8942136b2744-ab11900366 (build-user@build-host) (Android (10087095, +pgo, +bolt, +lto, -mlgo, based on r487747c) clang version 17.0.2 (https://android.googlesource.com/toolchain/llvm-project d9f89f4d16663d5012e5c09495f3b30ece3d2362), LLD 17.0.2) #1 SMP PREEMPT Wed May 29 13:36:01 UTC 2024
[    0.000000][    T0] random: crng init done
[    0.000000][    T0] Machine model: Rockchip RK3588 EVB1 LP4 V10 Board
[    0.000000][    T0] Stack Depot is disabled
[    0.000000][    T0] earlycon: uart8250 at MMIO32 0x00000000feb50000 (options '')
[    0.000000][    T0] printk: bootconsole [uart8250] enabled
[    0.000000][    T0] Enabling dynamic shadow call stack
[    0.000000][    T0] efi: UEFI not found.
[    0.000000][    T0] OF: fdt: Reserved memory: failed to reserve memory for node 'drm-cubic-lut@0': base 0x0000000000000000, size 0 MiB
[    0.000000][    T0] OF: reserved mem: 0x0000000000110000..0x00000000001effff ( 896 KB ) map non-reusable ramoops@110000
[    0.000000][    T0] Reserved memory: created CMA memory pool at 0x0000000010000000, size 256 MiB
[    0.000000][    T0] OF: reserved mem: initialized node cma, compatible id shared-dma-pool
[    0.000000][    T0] OF: reserved mem: 0x0000000010000000..0x000000001fffffff ( 262144 KB ) map reusable cma
[    0.000000][    T0] OF: reserved mem: 0x00000000ebd4c000..0x00000000ebd5bfff ( 64 KB ) map non-reusable vendor-storage-rm@00000000
[    0.000000][    T0] OF: reserved mem: 0x00000000edf00000..0x00000000ee059fff ( 1384 KB ) map non-reusable drm-logo@0
[    0.000000][    T0] Zone ranges:
[    0.000000][    T0]   DMA32    [mem 0x0000000000200000-0x00000000ffffffff]
[    0.000000][    T0]   Normal   [mem 0x0000000100000000-0x00000002ffffffff]
[    0.000000][    T0]   Device   empty
[    0.000000][    T0] Movable zone start for each node
[    0.000000][    T0] Early memory node ranges
[    0.000000][    T0]   node   0: [mem 0x0000000000200000-0x00000000083fffff]
[    0.000000][    T0]   node   0: [mem 0x0000000009400000-0x00000000efffffff]
[    0.000000][    T0]   node   0: [mem 0x0000000100000000-0x00000001ffffffff]
[    0.000000][    T0]   node   0: [mem 0x00000002f0000000-0x00000002ffffffff]
[    0.000000][    T0] Initmem setup node 0 [mem 0x0000000000200000-0x00000002ffffffff]
[    0.000000][    T0] On node 0, zone DMA32: 512 pages in unavailable ranges
[    0.000000][    T0] On node 0, zone DMA32: 4096 pages in unavailable ranges
[    0.000000][    T0] psci: probing for conduit method from DT.
[    0.000000][    T0] psci: PSCIv1.1 detected in firmware.
[    0.000000][    T0] psci: Using standard PSCI v0.2 function IDs
[    0.000000][    T0] psci: Trusted OS migration not required
[    0.000000][    T0] psci: SMC Calling Convention v1.2
[    0.000000][    T0] Load bootconfig: 460 bytes 31 nodes
[    0.000000][    T0] percpu: Embedded 30 pages/cpu s82152 r8192 d32536 u122880
[    0.000000][    T0] Detected VIPT I-cache on CPU0
[    0.000000][    T0] CPU features: SYS_ID_AA64MMFR1_EL1[11:8]: forced to 0
[    0.000000][    T0] CPU features: detected: GIC system register CPU interface
[    0.000000][    T0] CPU features: detected: ARM errata 1165522, 1319367, or 1530923
[    0.000000][    T0] alternatives: applying boot alternatives
[    0.000000][    T0] Built 1 zonelists, mobility grouping on.  Total pages: 2059848
[    0.000000][    T0] Kernel command line: console=ttynull stack_depot_disable=on cgroup_disable=pressure kasan.page_alloc.sample=10 kasan.stacktrace=off kvm-arm.mode=protected bootconfig ioremap_guard storagemedia=emmc console=ttyFIQ0 firmware_class.path=/vendor/etc/firmware init=/init rootwait ro loop.max_part=7 printk.devkmsg=on usbcore.autosuspend=-1 usbcore.quirks=325d:6410:k,21c4:0cd1:k,0951:1666:k,058f:6387:e usb-storage.quirks=174c:x55aa:f,152d:0583:f,0bc2:2321:u,05e3:0749:mr kvm-arm.mode=none 8250.nr_uarts=10 bootconfig earlycon=uart8250,mmio32,0xfeb50000 irqchip.gicv3_pseudo_nmi=0 rcupdate.rcu_expedited=1 rcu_nocbs=all pci=nomsi pcie_pme=nomsi  fwver=ddr-v1.17-3488111f83,spl-v1.13,bl31-v1.46,bl32-v1.16,uboot-688a738-di-10/29/2024
[    0.000000][    T0] cgroup: Disabling pressure control group feature
[    0.000000][    T0] Unknown kernel command line parameters "storagemedia=emmc fwver=ddr-v1.17-3488111f83,spl-v1.13,bl31-v1.46,bl32-v1.16,uboot-688a738-di-10/29/2024", will be passed to user space.
[    0.000000][    T0] Dentry cache hash table entries: 1048576 (order: 11, 8388608 bytes, linear)
[    0.000000][    T0] Inode-cache hash table entries: 524288 (order: 10, 4194304 bytes, linear)
[    0.000000][    T0] mem auto-init: stack:all(zero), heap alloc:on, heap free:off
[    0.000000][    T0] software IO TLB: area num 8.
[    0.000000][    T0] software IO TLB: mapped [mem 0x00000000e7d4c000-0x00000000ebd4c000] (64MB)
[    0.000000][    T0] Memory: 7809068K/8370176K available (16256K kernel code, 1958K rwdata, 11468K rodata, 4160K init, 635K bss, 298964K reserved, 262144K cma-reserved)
[    0.000000][    T0] SLUB: HWalign=64, Order=0-3, MinObjects=0, CPUs=8, Nodes=1
[    0.000000][    T0] trace event string verifier disabled
[    0.000000][    T0] rcu: Preemptible hierarchical RCU implementation.
[    0.000000][    T0] rcu:     RCU event tracing is enabled.
[    0.000000][    T0] rcu:     RCU restricting CPUs from NR_CPUS=32 to nr_cpu_ids=8.
[    0.000000][    T0] rcu:     RCU priority boosting: priority 1 delay 500 ms.
[    0.000000][    T0]  All grace periods are expedited (rcu_expedited).
[    0.000000][    T0]  Trampoline variant of Tasks RCU enabled.
[    0.000000][    T0]  Tracing variant of Tasks RCU enabled.
[    0.000000][    T0] rcu: RCU calculated value of scheduler-enlistment delay is 25 jiffies.
[    0.000000][    T0] rcu: Adjusting geometry for rcu_fanout_leaf=16, nr_cpu_ids=8
[    0.000000][    T0] NR_IRQS: 64, nr_irqs: 64, preallocated irqs: 0
[    0.000000][    T0] GICv3: GIC: Using split EOI/Deactivate mode
[    0.000000][    T0] GICv3: 480 SPIs implemented
[    0.000000][    T0] GICv3: 0 Extended SPIs implemented
[    0.000000][    T0] Root IRQ handler: gic_handle_irq
[    0.000000][    T0] GICv3: GICv3 features: 16 PPIs
[    0.000000][    T0] GICv3: CPU0: found redistributor 0 region 0:0x00000000fe680000
[    0.000000][    T0] ITS: No ITS available, not enabling LPIs
[    0.000000][    T0] rcu:     Offload RCU callbacks from CPUs: 0-7.
[    0.000000][    T0] rcu: srcu_init: Setting srcu_struct sizes based on contention.
[    0.000000][    T0] arch_timer: cp15 timer(s) running at 24.00MHz (phys).
[    0.000000][    T0] clocksource: arch_sys_counter: mask: 0xffffffffffffff max_cycles: 0x588fe9dc0, max_idle_ns: 440795202592 ns
[    0.000000][    T0] sched_clock: 56 bits at 24MHz, resolution 41ns, wraps every 4398046511097ns
[    0.002636][    T0] kfence: initialized - using 524288 bytes for 63 objects at 0x(____ptrval____)-0x(____ptrval____)
[    0.003726][    T0] Calibrating delay loop (skipped), value calculated using timer frequency.. 48.00 BogoMIPS (lpj=96000)
[    0.004734][    T0] pid_max: default: 32768 minimum: 301
[    0.005299][    T0] LSM: Security Framework initializing
[    0.005822][    T0] SELinux:  Initializing.
[    0.006393][    T0] Mount-cache hash table entries: 16384 (order: 5, 131072 bytes, linear)
[    0.007167][    T0] Mountpoint-cache hash table entries: 16384 (order: 5, 131072 bytes, linear)
[    0.009652][    T1] cblist_init_generic: Setting adjustable number of callback queues.
[    0.010379][    T1] cblist_init_generic: Setting shift to 3 and lim to 1.
[    0.011109][    T1] cblist_init_generic: Setting adjustable number of callback queues.
[    0.011835][    T1] cblist_init_generic: Setting shift to 3 and lim to 1.
[    0.012647][    T1] rcu: Hierarchical SRCU implementation.
[    0.013152][    T1] rcu:     Max phase no-delay instances is 1000.
[    0.014696][    T1] dyndbg: Ignore empty _ddebug table in a CONFIG_DYNAMIC_DEBUG_CORE build
[    0.016122][    T1] EFI services will not be available.
[    0.017162][    T1] smp: Bringing up secondary CPUs ...
I/TC: Secondary CPU 1 initializing
I/TC: Secondary CPU 1 switching to normal world boot
I/TC: Secondary CPU 2 initializing
I/TC: Secondary CPU 2 switching to normal world boot
I/TC: Secondary CPU 3 initializing
I/TC: Secondary CPU 3 switching to normal world boot
I/TC: Secondary CPU 4 initializing
I/TC: Secondary CPU 4 switching to normal world boot
I/TC: Secondary CPU 5 initializing
I/TC: Secondary CPU 5 switching to normal world boot
I/TC: Secondary CPU 6 initializing
I/TC: Secondary CPU 6 switching to normal world boot
I/TC: Secondary CPU 7 initializing
I/TC: Secondary CPU 7 switching to normal world boot
[    0.018983][    T0] Detected VIPT I-cache on CPU1
[    0.019067][    T0] GICv3: CPU1: found redistributor 100 region 0:0x00000000fe6a0000
[    0.019097][    T0] CPU1: Booted secondary processor 0x0000000100 [0x412fd050]
[    0.020473][    T0] Detected VIPT I-cache on CPU2
[    0.020551][    T0] GICv3: CPU2: found redistributor 200 region 0:0x00000000fe6c0000
[    0.020576][    T0] CPU2: Booted secondary processor 0x0000000200 [0x412fd050]
[    0.021948][    T0] Detected VIPT I-cache on CPU3
[    0.022028][    T0] GICv3: CPU3: found redistributor 300 region 0:0x00000000fe6e0000
[    0.022050][    T0] CPU3: Booted secondary processor 0x0000000300 [0x412fd050]
[    0.023470][    T0] CPU features: detected: Spectre-v4
[    0.023473][    T0] CPU features: detected: Spectre-BHB
[    0.023477][    T0] Detected PIPT I-cache on CPU4
[    0.023523][    T0] GICv3: CPU4: found redistributor 400 region 0:0x00000000fe700000
[    0.023536][    T0] CPU4: Booted secondary processor 0x0000000400 [0x414fd0b0]
[    0.024874][    T0] Detected PIPT I-cache on CPU5
[    0.024924][    T0] GICv3: CPU5: found redistributor 500 region 0:0x00000000fe720000
[    0.024937][    T0] CPU5: Booted secondary processor 0x0000000500 [0x414fd0b0]
[    0.026270][    T0] Detected PIPT I-cache on CPU6
[    0.026319][    T0] GICv3: CPU6: found redistributor 600 region 0:0x00000000fe740000
[    0.026332][    T0] CPU6: Booted secondary processor 0x0000000600 [0x414fd0b0]
[    0.027636][    T0] Detected PIPT I-cache on CPU7
[    0.027686][    T0] GICv3: CPU7: found redistributor 700 region 0:0x00000000fe760000
[    0.027699][    T0] CPU7: Booted secondary processor 0x0000000700 [0x414fd0b0]
[    0.027753][    T1] smp: Brought up 1 node, 8 CPUs
[    0.041701][    T1] SMP: Total of 8 processors activated.
[    0.042220][    T1] CPU features: detected: 32-bit EL0 Support
[    0.042756][    T1] CPU features: detected: Data cache clean to the PoU not required for I/D coherence
[    0.043607][    T1] CPU features: detected: Common not Private translations
[    0.044244][    T1] CPU features: detected: CRC32 instructions
[    0.044780][    T1] CPU features: detected: RCpc load-acquire (LDAPR)
[    0.045369][    T1] CPU features: detected: LSE atomic instructions
[    0.045951][    T1] CPU features: detected: Privileged Access Never
[    0.046525][    T1] CPU features: detected: RAS Extension Support
[    0.047085][    T1] CPU features: detected: Speculative Store Bypassing Safe (SSBS)
[    0.047849][    T1] CPU: All CPU(s) started at EL2
[    0.048299][    T1] alternatives: applying system-wide alternatives
[    0.076857][    T1] Registered cp15_barrier emulation handler
[    0.077391][    T1] Registered setend emulation handler
[    0.077942][    T1] clocksource: jiffies: mask: 0xffffffff max_cycles: 0xffffffff, max_idle_ns: 7645041785100000 ns
[    0.078915][    T1] futex hash table entries: 2048 (order: 5, 131072 bytes, linear)
[    0.080902][    T1] pinctrl core: initialized pinctrl subsystem
[    0.081835][    T1] NET: Registered PF_NETLINK/PF_ROUTE protocol family
[    0.083162][    T1] DMA: preallocated 1024 KiB GFP_KERNEL pool for atomic allocations
[    0.084004][    T1] DMA: preallocated 1024 KiB GFP_KERNEL|GFP_DMA32 pool for atomic allocations
[    0.084819][    T1] audit: initializing netlink subsys (disabled)
[    0.085510][   T75] audit: type=2000 audit(0.076:1): state=initialized audit_enabled=0 res=1
[    0.085644][    T1] thermal_sys: Registered thermal governor 'step_wise'
[    0.086288][    T1] thermal_sys: Registered thermal governor 'user_space'
[    0.086901][    T1] thermal_sys: Registered thermal governor 'power_allocator'
[    0.087539][    T1] cpuidle: using governor menu
[    0.088723][    T1] hw-breakpoint: found 6 breakpoint and 4 watchpoint registers.
[    0.089507][    T1] ASID allocator initialised with 65536 entries
[    0.090108][    T1] Serial: AMBA PL011 UART driver
[    0.091498][    T1] ramoops: found existing invalid buffer, size 268805184, start 369728
[    0.092682][    T1] printk: console [ramoops-1] enabled
[    0.093190][    T1] pstore: Registered ramoops as persistent store backend
[    0.093820][    T1] ramoops: using 0xe0000@0x110000, ecc: 0
[    0.096382][    T1] platform mipi0-csi2: Fixed dependency cycle(s) with /csi2-dcphy0/ports/port@1/endpoint@0
[    0.097396][    T1] platform rkcif-mipi-lvds: Fixed dependency cycle(s) with /mipi0-csi2/ports/port@1/endpoint@0
[    0.098426][    T1] platform rkisp0-vir0: Fixed dependency cycle(s) with /rkcif-mipi-lvds-sditf/port/endpoint
[    0.107848][    T1] platform fde20000.dsi: Fixed dependency cycle(s) with /dsi@fde20000/panel@0/ports/port@0/endpoint
[    0.108836][    T1] platform fde20000.dsi: Fixed dependency cycle(s) with /vop@fdd90000/ports/port@3/endpoint@0
[    0.109924][    T1] platform fde50000.dp: Fixed dependency cycle(s) with /vop@fdd90000/ports/port@2/endpoint@0
[    0.111101][    T1] platform fde80000.hdmi: Fixed dependency cycle(s) with /vop@fdd90000/ports/port@0/endpoint@2
[    0.120818][    T1] platform fde60000.dp: Fixed dependency cycle(s) with /vop@fdd90000/ports/port@2/endpoint@5
[    0.122035][    T1] platform fdea0000.hdmi: Fixed dependency cycle(s) with /vop@fdd90000/ports/port@1/endpoint@5
[    0.126787][    T1] KASLR disabled due to lack of seed
[    0.131512][    T1] iommu: Default domain type: Translated
[    0.132027][    T1] iommu: DMA domain TLB invalidation policy: strict mode
[    0.132869][    T1] SCSI subsystem initialized
[    0.133324][    T1] usbcore: registered new interface driver usbfs
[    0.133902][    T1] usbcore: registered new interface driver hub
[    0.134473][    T1] usbcore: registered new device driver usb
[    0.135057][    T1] mc: Linux media interface: v0.10
[    0.135524][    T1] videodev: Linux video capture interface: v2.00
[    0.136116][    T1] pps_core: LinuxPPS API ver. 1 registered
[    0.136636][    T1] pps_core: Software ver. 5.3.6 - Copyright 2005-2007 Rodolfo Giometti <giometti@linux.it>
[    0.137539][    T1] PTP clock support registered
[    0.137973][    T1] EDAC MC: Ver: 3.0.0
[    0.138647][    T1] arm-scmi firmware:scmi: Enabled polling mode TX channel - prot_id:16
[    0.139431][    T1] arm-scmi firmware:scmi: SCMI Notifications - Core Enabled.
[    0.140116][    T1] arm-scmi firmware:scmi: SCMI Protocol v2.0 'rockchip:' Firmware version 0x0
[    0.141288][    T1] Advanced Linux Sound Architecture Driver Initialized.
[    0.142239][    T1] clocksource: Switched to clocksource arch_sys_counter
[    0.143016][    T1] VFS: Disk quotas dquot_6.6.0
[    0.143458][    T1] VFS: Dquot-cache hash table entries: 512 (order 0, 4096 bytes)
[    0.144468][    T1] NET: Registered PF_INET protocol family
[    0.145073][    T1] IP idents hash table entries: 131072 (order: 8, 1048576 bytes, linear)
[    0.148580][    T1] tcp_listen_portaddr_hash hash table entries: 4096 (order: 4, 65536 bytes, linear)
[    0.149500][    T1] Table-perturb hash table entries: 65536 (order: 6, 262144 bytes, linear)
[    0.150316][    T1] TCP established hash table entries: 65536 (order: 7, 524288 bytes, linear)
[    0.151545][    T1] TCP bind hash table entries: 65536 (order: 9, 2097152 bytes, linear)
[    0.153519][    T1] TCP: Hash tables configured (established 65536 bind 65536)
[    0.154228][    T1] UDP hash table entries: 4096 (order: 5, 131072 bytes, linear)
[    0.155047][    T1] UDP-Lite hash table entries: 4096 (order: 5, 131072 bytes, linear)
[    0.155932][    T1] NET: Registered PF_UNIX/PF_LOCAL protocol family
[    0.156530][    T1] NET: Registered PF_XDP protocol family
[    0.157036][    T1] PCI: CLS 0 bytes, default 64
[    0.157650][   T88] Trying to unpack rootfs image as initramfs...
[    0.158680][    T1] hw perfevents: enabled with armv8_pmuv3 PMU driver, 7 counters available
[    0.160079][    T1] kvm [1]: KVM disabled from command line
[    0.161187][    T1] Initialise system trusted keyrings
[    0.161757][    T1] workingset: timestamp_bits=46 max_order=21 bucket_order=0
[    0.165664][    T1] fuse: init (API version 7.37)
[    0.188331][    T1] Key type asymmetric registered
[    0.188778][    T1] Asymmetric key parser 'x509' registered
[    0.189317][    T1] Block layer SCSI generic (bsg) driver version 0.4 loaded (major 238)
[    0.190123][    T1] io scheduler mq-deadline registered
[    0.190610][    T1] io scheduler kyber registered
[    0.191104][    T1] io scheduler bfq registered
[    0.194538][    T1] Serial: 8250/16550 driver, 10 ports, IRQ sharing disabled
[    0.196843][    T1] printk: console [ttynull0] enabled
[    0.200601][    T1] brd: module loaded
[    0.204475][    T1] loop: module loaded
[    0.205661][    T1] wireguard: WireGuard 1.0.0 loaded. See www.wireguard.com for information.
[    0.206454][    T1] wireguard: Copyright (C) 2015-2019 Jason A. Donenfeld <Jason@zx2c4.com>. All Rights Reserved.
[    0.207602][    T1] MACsec IEEE 802.1AE
[    0.208150][    T1] tun: Universal TUN/TAP device driver, 1.6
[    0.209636][    T1] usbcore: registered new interface driver uas
[    0.210202][    T1] usbcore: registered new interface driver usb-storage
[    0.210917][    T1] usbcore: registered new interface driver xpad
[    0.211515][    T1] gspca_main: v2.14.0 registered
[    0.211969][    T1] usbcore: registered new interface driver uvcvideo
[    0.212838][    T1] device-mapper: uevent: version 1.0.3
[    0.213397][    T1] device-mapper: ioctl: 4.47.0-ioctl (2022-07-28) initialised: dm-devel@redhat.com
